Archive member included to satisfy reference by file (symbol)

c:/program files (x86)/atmel/studio/7.0/toolchain/arm/arm-gnu-toolchain/bin/../lib/gcc/arm-none-eabi/6.3.1/thumb/v6-m\libgcc.a(_udivsi3.o)
                              src/ASF/common2/services/delay/sam0/systick_counter.o (__aeabi_uidiv)
c:/program files (x86)/atmel/studio/7.0/toolchain/arm/arm-gnu-toolchain/bin/../lib/gcc/arm-none-eabi/6.3.1/thumb/v6-m\libgcc.a(_dvmd_tls.o)
                              c:/program files (x86)/atmel/studio/7.0/toolchain/arm/arm-gnu-toolchain/bin/../lib/gcc/arm-none-eabi/6.3.1/thumb/v6-m\libgcc.a(_udivsi3.o) (__aeabi_idiv0)
c:/program files (x86)/atmel/studio/7.0/toolchain/arm/arm-gnu-toolchain/bin/../lib/gcc/arm-none-eabi/6.3.1/../../../../arm-none-eabi/lib/thumb/v6-m\libc_nano.a(lib_a-exit.o)
                              c:/program files (x86)/atmel/studio/7.0/toolchain/arm/arm-gnu-toolchain/bin/../lib/gcc/arm-none-eabi/6.3.1/../../../../arm-none-eabi/lib/thumb/v6-m/crt0.o (exit)
c:/program files (x86)/atmel/studio/7.0/toolchain/arm/arm-gnu-toolchain/bin/../lib/gcc/arm-none-eabi/6.3.1/../../../../arm-none-eabi/lib/thumb/v6-m\libc_nano.a(lib_a-impure.o)
                              c:/program files (x86)/atmel/studio/7.0/toolchain/arm/arm-gnu-toolchain/bin/../lib/gcc/arm-none-eabi/6.3.1/../../../../arm-none-eabi/lib/thumb/v6-m\libc_nano.a(lib_a-exit.o) (_global_impure_ptr)
c:/program files (x86)/atmel/studio/7.0/toolchain/arm/arm-gnu-toolchain/bin/../lib/gcc/arm-none-eabi/6.3.1/../../../../arm-none-eabi/lib/thumb/v6-m\libc_nano.a(lib_a-init.o)
                              c:/program files (x86)/atmel/studio/7.0/toolchain/arm/arm-gnu-toolchain/bin/../lib/gcc/arm-none-eabi/6.3.1/../../../../arm-none-eabi/lib/thumb/v6-m/crt0.o (__libc_init_array)
c:/program files (x86)/atmel/studio/7.0/toolchain/arm/arm-gnu-toolchain/bin/../lib/gcc/arm-none-eabi/6.3.1/../../../../arm-none-eabi/lib/thumb/v6-m\libc_nano.a(lib_a-memset.o)
                              c:/program files (x86)/atmel/studio/7.0/toolchain/arm/arm-gnu-toolchain/bin/../lib/gcc/arm-none-eabi/6.3.1/../../../../arm-none-eabi/lib/thumb/v6-m/crt0.o (memset)

Allocating common symbols
Common symbol       size              file

tcc_instance        0x8               src/ASF/common2/services/delay/example/delay_example.o

Discarded input sections

 .text          0x00000000        0x0 c:/program files (x86)/atmel/studio/7.0/toolchain/arm/arm-gnu-toolchain/bin/../lib/gcc/arm-none-eabi/6.3.1/thumb/v6-m/crti.o
 .data          0x00000000        0x0 c:/program files (x86)/atmel/studio/7.0/toolchain/arm/arm-gnu-toolchain/bin/../lib/gcc/arm-none-eabi/6.3.1/thumb/v6-m/crti.o
 .bss           0x00000000        0x0 c:/program files (x86)/atmel/studio/7.0/toolchain/arm/arm-gnu-toolchain/bin/../lib/gcc/arm-none-eabi/6.3.1/thumb/v6-m/crti.o
 .data          0x00000000        0x4 c:/program files (x86)/atmel/studio/7.0/toolchain/arm/arm-gnu-toolchain/bin/../lib/gcc/arm-none-eabi/6.3.1/thumb/v6-m/crtbegin.o
 .text          0x00000000       0x78 c:/program files (x86)/atmel/studio/7.0/toolchain/arm/arm-gnu-toolchain/bin/../lib/gcc/arm-none-eabi/6.3.1/../../../../arm-none-eabi/lib/thumb/v6-m/crt0.o
 .data          0x00000000        0x0 c:/program files (x86)/atmel/studio/7.0/toolchain/arm/arm-gnu-toolchain/bin/../lib/gcc/arm-none-eabi/6.3.1/../../../../arm-none-eabi/lib/thumb/v6-m/crt0.o
 .bss           0x00000000        0x0 c:/program files (x86)/atmel/studio/7.0/toolchain/arm/arm-gnu-toolchain/bin/../lib/gcc/arm-none-eabi/6.3.1/../../../../arm-none-eabi/lib/thumb/v6-m/crt0.o
 .ARM.extab     0x00000000        0x0 c:/program files (x86)/atmel/studio/7.0/toolchain/arm/arm-gnu-toolchain/bin/../lib/gcc/arm-none-eabi/6.3.1/../../../../arm-none-eabi/lib/thumb/v6-m/crt0.o
 .ARM.exidx     0x00000000        0x8 c:/program files (x86)/atmel/studio/7.0/toolchain/arm/arm-gnu-toolchain/bin/../lib/gcc/arm-none-eabi/6.3.1/../../../../arm-none-eabi/lib/thumb/v6-m/crt0.o
 .ARM.attributes
                0x00000000       0x1b c:/program files (x86)/atmel/studio/7.0/toolchain/arm/arm-gnu-toolchain/bin/../lib/gcc/arm-none-eabi/6.3.1/../../../../arm-none-eabi/lib/thumb/v6-m/crt0.o
 .group         0x00000000        0x8 src/ASF/sam0/drivers/tcc/tcc.o
 .group         0x00000000        0x8 src/ASF/sam0/drivers/tcc/tcc.o
 .group         0x00000000        0x8 src/ASF/sam0/drivers/tcc/tcc.o
 .group         0x00000000        0x8 src/ASF/sam0/drivers/tcc/tcc.o
 .group         0x00000000        0x8 src/ASF/sam0/drivers/tcc/tcc.o
 .group         0x00000000        0x8 src/ASF/sam0/drivers/tcc/tcc.o
 .group         0x00000000        0x8 src/ASF/sam0/drivers/tcc/tcc.o
 .group         0x00000000        0x8 src/ASF/sam0/drivers/tcc/tcc.o
 .group         0x00000000        0x8 src/ASF/sam0/drivers/tcc/tcc.o
 .group         0x00000000        0x8 src/ASF/sam0/drivers/tcc/tcc.o
 .group         0x00000000        0x8 src/ASF/sam0/drivers/tcc/tcc.o
 .group         0x00000000        0x8 src/ASF/sam0/drivers/tcc/tcc.o
[...]
Memory Configuration

Name             Origin             Length             Attributes
rom              0x00000000         0x00040000         xr
ram              0x20000000         0x00008000         xrw
*default*        0x00000000         0xffffffff

Linker script and memory map

LOAD c:/program files (x86)/atmel/studio/7.0/toolchain/arm/arm-gnu-toolchain/bin/../lib/gcc/arm-none-eabi/6.3.1/thumb/v6-m/crti.o
LOAD c:/program files (x86)/atmel/studio/7.0/toolchain/arm/arm-gnu-toolchain/bin/../lib/gcc/arm-none-eabi/6.3.1/thumb/v6-m/crtbegin.o
LOAD c:/program files (x86)/atmel/studio/7.0/toolchain/arm/arm-gnu-toolchain/bin/../lib/gcc/arm-none-eabi/6.3.1/../../../../arm-none-eabi/lib/thumb/v6-m/crt0.o
LOAD src/ASF/sam0/drivers/tcc/tcc.o
LOAD src/ASF/common2/services/delay/example/delay_example.o
LOAD src/ASF/common2/services/delay/sam0/systick_counter.o
LOAD src/ASF/common/utils/interrupt/interrupt_sam_nvic.o
LOAD src/ASF/sam0/boards/samc21_xplained_pro/board_init.o
LOAD src/ASF/sam0/drivers/port/port.o
LOAD src/ASF/sam0/drivers/system/clock/clock_samc20_c21/clock.o
LOAD src/ASF/sam0/drivers/system/clock/clock_samc20_c21/gclk.o
LOAD src/ASF/sam0/drivers/system/interrupt/system_interrupt.o
LOAD src/ASF/sam0/drivers/system/pinmux/pinmux.o
LOAD src/ASF/sam0/drivers/system/system.o
LOAD src/ASF/sam0/utils/cmsis/samc21/source/gcc/startup_samc21.o
LOAD src/ASF/sam0/utils/cmsis/samc21/source/system_samc21.o
LOAD src/ASF/sam0/utils/syscalls/gcc/syscalls.o
START GROUP
LOAD ../src/ASF/thirdparty/CMSIS/Lib/GCC\libarm_cortexM0l_math.a
LOAD c:/program files (x86)/atmel/studio/7.0/toolchain/arm/arm-gnu-toolchain/bin/../lib/gcc/arm-none-eabi/6.3.1/../../../../arm-none-eabi/lib/thumb/v6-m\libm.a
END GROUP
START GROUP
LOAD c:/program files (x86)/atmel/studio/7.0/toolchain/arm/arm-gnu-toolchain/bin/../lib/gcc/arm-none-eabi/6.3.1/thumb/v6-m\libgcc.a
LOAD c:/program files (x86)/atmel/studio/7.0/toolchain/arm/arm-gnu-toolchain/bin/../lib/gcc/arm-none-eabi/6.3.1/../../../../arm-none-eabi/lib/thumb/v6-m\libc_nano.a
END GROUP
START GROUP
LOAD c:/program files (x86)/atmel/studio/7.0/toolchain/arm/arm-gnu-toolchain/bin/../lib/gcc/arm-none-eabi/6.3.1/thumb/v6-m\libgcc.a
LOAD c:/program files (x86)/atmel/studio/7.0/toolchain/arm/arm-gnu-toolchain/bin/../lib/gcc/arm-none-eabi/6.3.1/../../../../arm-none-eabi/lib/thumb/v6-m\libc_nano.a
END GROUP
LOAD c:/program files (x86)/atmel/studio/7.0/toolchain/arm/arm-gnu-toolchain/bin/../lib/gcc/arm-none-eabi/6.3.1/thumb/v6-m/crtend.o
LOAD c:/program files (x86)/atmel/studio/7.0/toolchain/arm/arm-gnu-toolchain/bin/../lib/gcc/arm-none-eabi/6.3.1/thumb/v6-m/crtn.o
                0x00002000                STACK_SIZE = DEFINED (STACK_SIZE)?STACK_SIZE:DEFINED (__stack_size__)?__stack_size__:0x2000

.text           0x00000000      0xf6c
                0x00000000                . = ALIGN (0x4)
                0x00000000                _sfixed = .
 *(.vectors .vectors.*)
 .vectors       0x00000000       0xbc src/ASF/sam0/utils/cmsis/samc21/source/gcc/startup_samc21.o
                0x00000000                exception_table
 *(.text .text.* .gnu.linkonce.t.*)
 .text          0x000000bc       0x60 c:/program files (x86)/atmel/studio/7.0/toolchain/arm/arm-gnu-toolchain/bin/../lib/gcc/arm-none-eabi/6.3.1/thumb/v6-m/crtbegin.o
 .text._tcc_get_inst_index
                0x0000011c       0x34 src/ASF/sam0/drivers/tcc/tcc.o
                0x0000011c                _tcc_get_inst_index
 .text._tcc_set_compare_value
                0x00000150       0x5c src/ASF/sam0/drivers/tcc/tcc.o
 .text.tcc_get_config_defaults
                0x000001ac      0x14c src/ASF/sam0/drivers/tcc/tcc.o
                0x000001ac                tcc_get_config_defaults
 .text.tcc_init
                0x000002f8      0x3c4 src/ASF/sam0/drivers/tcc/tcc.o
                0x000002f8                tcc_init
 .text.tcc_set_compare_value
                0x000006bc       0x10 src/ASF/sam0/drivers/tcc/tcc.o
                0x000006bc                tcc_set_compare_value
 .text.main     0x000006cc      0x148 src/ASF/common2/services/delay/example/delay_example.o
                0x000006cc                main
 .text.delay_init
                0x00000814       0x40 src/ASF/common2/services/delay/sam0/systick_counter.o
                0x00000814                delay_init
 .text.delay_cycles_ms
                0x00000854       0x2c src/ASF/common2/services/delay/sam0/systick_counter.o
                0x00000854                delay_cycles_ms
 .text.cpu_irq_enter_critical
                0x00000880       0x40 src/ASF/common/utils/interrupt/interrupt_sam_nvic.o
                0x00000880                cpu_irq_enter_critical
 .text.cpu_irq_leave_critical
                0x000008c0       0x30 src/ASF/common/utils/interrupt/interrupt_sam_nvic.o
                0x000008c0                cpu_irq_leave_critical
 .text.system_board_init
                0x000008f0       0x34 src/ASF/sam0/boards/samc21_xplained_pro/board_init.o
                0x000008f0                board_init
                0x000008f0                system_board_init
 .text.port_pin_set_config
                0x00000924       0x24 src/ASF/sam0/drivers/port/port.o
                0x00000924                port_pin_set_config
 .text.system_clock_source_get_hz
                0x00000948       0x5c src/ASF/sam0/drivers/system/clock/clock_samc20_c21/clock.o
                0x00000948                system_clock_source_get_hz
 .text.system_clock_init
                0x000009a4       0x64 src/ASF/sam0/drivers/system/clock/clock_samc20_c21/clock.o
                0x000009a4                system_clock_init
 .text.system_gclk_init
                0x00000a08       0x24 src/ASF/sam0/drivers/system/clock/clock_samc20_c21/gclk.o
                0x00000a08                system_gclk_init
 .text.system_gclk_gen_set_config
                0x00000a2c       0xac src/ASF/sam0/drivers/system/clock/clock_samc20_c21/gclk.o
                0x00000a2c                system_gclk_gen_set_config
 .text.system_gclk_gen_enable
                0x00000ad8       0x40 src/ASF/sam0/drivers/system/clock/clock_samc20_c21/gclk.o
                0x00000ad8                system_gclk_gen_enable
 .text.system_gclk_gen_get_hz
                0x00000b18       0x6c src/ASF/sam0/drivers/system/clock/clock_samc20_c21/gclk.o
                0x00000b18                system_gclk_gen_get_hz
 .text.system_gclk_chan_enable
                0x00000b84       0x38 src/ASF/sam0/drivers/system/clock/clock_samc20_c21/gclk.o
                0x00000b84                system_gclk_chan_enable
 .text.system_gclk_chan_disable
                0x00000bbc       0x38 src/ASF/sam0/drivers/system/clock/clock_samc20_c21/gclk.o
                0x00000bbc                system_gclk_chan_disable
 .text.system_gclk_chan_set_config
                0x00000bf4       0x24 src/ASF/sam0/drivers/system/clock/clock_samc20_c21/gclk.o
                0x00000bf4                system_gclk_chan_set_config
 .text._system_pinmux_config
                0x00000c18       0xa8 src/ASF/sam0/drivers/system/pinmux/pinmux.o
 .text.system_pinmux_pin_set_config
                0x00000cc0       0x2c src/ASF/sam0/drivers/system/pinmux/pinmux.o
                0x00000cc0                system_pinmux_pin_set_config
 .text._system_dummy_init
                0x00000cec        0x2 src/ASF/sam0/drivers/system/system.o
                0x00000cec                _system_extint_init
                0x00000cec                _system_events_init
                0x00000cec                _system_dummy_init
                0x00000cec                _system_divas_init
 *fill*         0x00000cee        0x2 
 .text.system_init
                0x00000cf0       0x2c src/ASF/sam0/drivers/system/system.o
                0x00000cf0                system_init
 .text.Dummy_Handler
                0x00000d1c        0x2 src/ASF/sam0/utils/cmsis/samc21/source/gcc/startup_samc21.o
                0x00000d1c                DMAC_Handler
                0x00000d1c                HardFault_Handler
                0x00000d1c                TC2_Handler
                0x00000d1c                AC_Handler
                0x00000d1c                SysTick_Handler
                0x00000d1c                PendSV_Handler
                0x00000d1c                NMI_Handler
                0x00000d1c                SERCOM1_Handler
                0x00000d1c                TCC1_Handler
                0x00000d1c                SERCOM2_Handler
                0x00000d1c                TCC0_Handler
                0x00000d1c                RTC_Handler
                0x00000d1c                ADC1_Handler
                0x00000d1c                EIC_Handler
                0x00000d1c                WDT_Handler
                0x00000d1c                CAN0_Handler
                0x00000d1c                TC4_Handler
                0x00000d1c                TC1_Handler
                0x00000d1c                TC3_Handler
                0x00000d1c                SDADC_Handler
                0x00000d1c                Dummy_Handler
                0x00000d1c                SERCOM5_Handler
                0x00000d1c                CAN1_Handler
                0x00000d1c                ADC0_Handler
                0x00000d1c                TSENS_Handler
                0x00000d1c                SVC_Handler
                0x00000d1c                TCC2_Handler
                0x00000d1c                EVSYS_Handler
                0x00000d1c                SERCOM3_Handler
                0x00000d1c                SERCOM4_Handler
                0x00000d1c                NVMCTRL_Handler
                0x00000d1c                SYSTEM_Handler
                0x00000d1c                SERCOM0_Handler
                0x00000d1c                DAC_Handler
                0x00000d1c                PTC_Handler
                0x00000d1c                FREQM_Handler
                0x00000d1c                TC0_Handler
 *fill*         0x00000d1e        0x2 
 .text.Reset_Handler
                0x00000d20       0x88 src/ASF/sam0/utils/cmsis/samc21/source/gcc/startup_samc21.o
                0x00000d20                Reset_Handler
 .text          0x00000da8      0x114 c:/program files (x86)/atmel/studio/7.0/toolchain/arm/arm-gnu-toolchain/bin/../lib/gcc/arm-none-eabi/6.3.1/thumb/v6-m\libgcc.a(_udivsi3.o)
                0x00000da8                __aeabi_uidiv
                0x00000da8                __udivsi3
                0x00000eb4                __aeabi_uidivmod
 .text          0x00000ebc        0x4 c:/program files (x86)/atmel/studio/7.0/toolchain/arm/arm-gnu-toolchain/bin/../lib/gcc/arm-none-eabi/6.3.1/thumb/v6-m\libgcc.a(_dvmd_tls.o)
                0x00000ebc                __aeabi_idiv0
                0x00000ebc                __aeabi_ldiv0
 .text.__libc_init_array
                0x00000ec0       0x48 c:/program files (x86)/atmel/studio/7.0/toolchain/arm/arm-gnu-toolchain/bin/../lib/gcc/arm-none-eabi/6.3.1/../../../../arm-none-eabi/lib/thumb/v6-m\libc_nano.a(lib_a-init.o)
                0x00000ec0                __libc_init_array
 *(.glue_7t)
 .glue_7t       0x00000f08        0x0 linker stubs
 *(.glue_7)
 .glue_7        0x00000f08        0x0 linker stubs
 *(.rodata .rodata* .gnu.linkonce.r.*)
 .rodata._tcc_apbcmasks
                0x00000f08        0xc src/ASF/sam0/drivers/tcc/tcc.o
                0x00000f08                _tcc_apbcmasks
 .rodata._tcc_cc_nums
                0x00000f14        0x3 src/ASF/sam0/drivers/tcc/tcc.o
                0x00000f14                _tcc_cc_nums
 *fill*         0x00000f17        0x1 
 .rodata._tcc_gclk_ids
                0x00000f18        0x3 src/ASF/sam0/drivers/tcc/tcc.o
                0x00000f18                _tcc_gclk_ids
 *fill*         0x00000f1b        0x1 
 .rodata._tcc_maxs
                0x00000f1c        0xc src/ASF/sam0/drivers/tcc/tcc.o
                0x00000f1c                _tcc_maxs
 .rodata._tcc_ow_nums
                0x00000f28        0x3 src/ASF/sam0/drivers/tcc/tcc.o
                0x00000f28                _tcc_ow_nums
 *fill*         0x00000f2b        0x1 
 .rodata.system_clock_source_get_hz
                0x00000f2c       0x20 src/ASF/sam0/drivers/system/clock/clock_samc20_c21/clock.o
 *(.ARM.extab* .gnu.linkonce.armextab.*)
                0x00000f4c                . = ALIGN (0x4)
 *(.init)
 .init          0x00000f4c        0x4 c:/program files (x86)/atmel/studio/7.0/toolchain/arm/arm-gnu-toolchain/bin/../lib/gcc/arm-none-eabi/6.3.1/thumb/v6-m/crti.o
                0x00000f4c                _init
 .init          0x00000f50        0x8 c:/program files (x86)/atmel/studio/7.0/toolchain/arm/arm-gnu-toolchain/bin/../lib/gcc/arm-none-eabi/6.3.1/thumb/v6-m/crtn.o
                0x00000f58                . = ALIGN (0x4)
                0x00000f58                __preinit_array_start = .
 *(.preinit_array)
                0x00000f58                __preinit_array_end = .
                0x00000f58                . = ALIGN (0x4)
                0x00000f58                __init_array_start = .
 *(SORT(.init_array.*))
 *(.init_array)
 .init_array    0x00000f58        0x4 c:/program files (x86)/atmel/studio/7.0/toolchain/arm/arm-gnu-toolchain/bin/../lib/gcc/arm-none-eabi/6.3.1/thumb/v6-m/crtbegin.o
                0x00000f5c                __init_array_end = .
                0x00000f5c                . = ALIGN (0x4)
 *crtbegin.o(.ctors)
 *(EXCLUDE_FILE(*crtend.o) .ctors)
 *(SORT(.ctors.*))
 *crtend.o(.ctors)
                0x00000f5c                . = ALIGN (0x4)
 *(.fini)
 .fini          0x00000f5c        0x4 c:/program files (x86)/atmel/studio/7.0/toolchain/arm/arm-gnu-toolchain/bin/../lib/gcc/arm-none-eabi/6.3.1/thumb/v6-m/crti.o
                0x00000f5c                _fini
 .fini          0x00000f60        0x8 c:/program files (x86)/atmel/studio/7.0/toolchain/arm/arm-gnu-toolchain/bin/../lib/gcc/arm-none-eabi/6.3.1/thumb/v6-m/crtn.o
                0x00000f68                . = ALIGN (0x4)
                0x00000f68                __fini_array_start = .
 *(.fini_array)
 .fini_array    0x00000f68        0x4 c:/program files (x86)/atmel/studio/7.0/toolchain/arm/arm-gnu-toolchain/bin/../lib/gcc/arm-none-eabi/6.3.1/thumb/v6-m/crtbegin.o
 *(SORT(.fini_array.*))
                0x00000f6c                __fini_array_end = .
 *crtbegin.o(.dtors)
 *(EXCLUDE_FILE(*crtend.o) .dtors)
 *(SORT(.dtors.*))
 *crtend.o(.dtors)
                0x00000f6c                . = ALIGN (0x4)
                0x00000f6c                _efixed = .
                [!provide]                PROVIDE (__exidx_start, .)

.vfp11_veneer   0x00000f6c        0x0
 .vfp11_veneer  0x00000f6c        0x0 linker stubs

.v4_bx          0x00000f6c        0x0
 .v4_bx         0x00000f6c        0x0 linker stubs

.iplt           0x00000f6c        0x0
 .iplt          0x00000f6c        0x0 c:/program files (x86)/atmel/studio/7.0/toolchain/arm/arm-gnu-toolchain/bin/../lib/gcc/arm-none-eabi/6.3.1/thumb/v6-m/crtbegin.o

.eh_frame       0x00000f6c        0x0
 .eh_frame      0x00000f6c        0x0 c:/program files (x86)/atmel/studio/7.0/toolchain/arm/arm-gnu-toolchain/bin/../lib/gcc/arm-none-eabi/6.3.1/thumb/v6-m/crtbegin.o

.rel.dyn        0x00000f6c        0x0
 .rel.iplt      0x00000f6c        0x0 c:/program files (x86)/atmel/studio/7.0/toolchain/arm/arm-gnu-toolchain/bin/../lib/gcc/arm-none-eabi/6.3.1/thumb/v6-m/crtbegin.o

.jcr            0x00000f6c        0x0
 .jcr           0x00000f6c        0x0 c:/program files (x86)/atmel/studio/7.0/toolchain/arm/arm-gnu-toolchain/bin/../lib/gcc/arm-none-eabi/6.3.1/thumb/v6-m/crtbegin.o

.igot.plt       0x00000f6c        0x0
 .igot.plt      0x00000f6c        0x0 c:/program files (x86)/atmel/studio/7.0/toolchain/arm/arm-gnu-toolchain/bin/../lib/gcc/arm-none-eabi/6.3.1/thumb/v6-m/crtbegin.o

.ARM.exidx
 *(.ARM.exidx* .gnu.linkonce.armexidx.*)
                [!provide]                PROVIDE (__exidx_end, .)
                0x00000f6c                . = ALIGN (0x4)
                0x00000f6c                _etext = .

.relocate       0x20000000        0xc load address 0x00000f6c
                0x20000000                . = ALIGN (0x4)
                0x20000000                _srelocate = .
 *(.ramfunc .ramfunc.*)
 *(.data .data.*)
 .data.cycles_per_ms
                0x20000000        0x4 src/ASF/common2/services/delay/sam0/systick_counter.o
 .data.cycles_per_us
                0x20000004        0x4 src/ASF/common2/services/delay/sam0/systick_counter.o
 .data.g_interrupt_enabled
                0x20000008        0x1 src/ASF/common/utils/interrupt/interrupt_sam_nvic.o
                0x20000008                g_interrupt_enabled
                0x2000000c                . = ALIGN (0x4)
 *fill*         0x20000009        0x3 
                0x2000000c                _erelocate = .

.bss            0x2000000c       0x38 load address 0x00000f78
                0x2000000c                . = ALIGN (0x4)
                0x2000000c                _sbss = .
                0x2000000c                _szero = .
 *(.bss .bss.*)
 .bss           0x2000000c       0x1c c:/program files (x86)/atmel/studio/7.0/toolchain/arm/arm-gnu-toolchain/bin/../lib/gcc/arm-none-eabi/6.3.1/thumb/v6-m/crtbegin.o
 .bss.cpu_irq_critical_section_counter
                0x20000028        0x4 src/ASF/common/utils/interrupt/interrupt_sam_nvic.o
 .bss.cpu_irq_prev_interrupt_state
                0x2000002c        0x1 src/ASF/common/utils/interrupt/interrupt_sam_nvic.o
 *fill*         0x2000002d        0x3 
 .bss._system_clock_inst
                0x20000030        0xc src/ASF/sam0/drivers/system/clock/clock_samc20_c21/clock.o
 *(COMMON)
 COMMON         0x2000003c        0x8 src/ASF/common2/services/delay/example/delay_example.o
                0x2000003c                tcc_instance
                0x20000044                . = ALIGN (0x4)
                0x20000044                _ebss = .
                0x20000044                _ezero = .

.stack          0x20000044     0x2004 load address 0x00000fb0
                0x20000048                . = ALIGN (0x8)
 *fill*         0x20000044        0x4 
                0x20000048                _sstack = .
                0x20002048                . = (. + STACK_SIZE)
 *fill*         0x20000048     0x2000 
                0x20002048                . = ALIGN (0x8)
                0x20002048                _estack = .
                0x20002048                . = ALIGN (0x4)
                0x20002048                _end = .
OUTPUT(DELAY_EXAMPLE2.elf elf32-littlearm)

.ARM.attributes
                0x00000000       0x28
 .ARM.attributes
                0x00000000       0x1e c:/program files (x86)/atmel/studio/7.0/toolchain/arm/arm-gnu-toolchain/bin/../lib/gcc/arm-none-eabi/6.3.1/thumb/v6-m/crti.o
 .ARM.attributes
                0x0000001e       0x2c c:/program files (x86)/atmel/studio/7.0/toolchain/arm/arm-gnu-toolchain/bin/../lib/gcc/arm-none-eabi/6.3.1/thumb/v6-m/crtbegin.o
 .ARM.attributes
                0x0000004a       0x32 src/ASF/sam0/drivers/tcc/tcc.o
 .ARM.attributes
                0x0000007c       0x32 src/ASF/common2/services/delay/example/delay_example.o
 .ARM.attributes
                0x000000ae       0x32 src/ASF/common2/services/delay/sam0/systick_counter.o
 .ARM.attributes
                0x000000e0       0x32 src/ASF/common/utils/interrupt/interrupt_sam_nvic.o
 .ARM.attributes
                0x00000112       0x32 src/ASF/sam0/boards/samc21_xplained_pro/board_init.o
 .ARM.attributes
                0x00000144       0x32 src/ASF/sam0/drivers/port/port.o
 .ARM.attributes
                0x00000176       0x32 src/ASF/sam0/drivers/system/clock/clock_samc20_c21/clock.o
 .ARM.attributes
                0x000001a8       0x32 src/ASF/sam0/drivers/system/clock/clock_samc20_c21/gclk.o
 .ARM.attributes
                0x000001da       0x32 src/ASF/sam0/drivers/system/pinmux/pinmux.o
 .ARM.attributes
                0x0000020c       0x32 src/ASF/sam0/drivers/system/system.o
 .ARM.attributes
                0x0000023e       0x32 src/ASF/sam0/utils/cmsis/samc21/source/gcc/startup_samc21.o
 .ARM.attributes
                0x00000270       0x1e c:/program files (x86)/atmel/studio/7.0/toolchain/arm/arm-gnu-toolchain/bin/../lib/gcc/arm-none-eabi/6.3.1/thumb/v6-m\libgcc.a(_udivsi3.o)
 .ARM.attributes
                0x0000028e       0x1e c:/program files (x86)/atmel/studio/7.0/toolchain/arm/arm-gnu-toolchain/bin/../lib/gcc/arm-none-eabi/6.3.1/thumb/v6-m\libgcc.a(_dvmd_tls.o)
 .ARM.attributes
                0x000002ac       0x2c c:/program files (x86)/atmel/studio/7.0/toolchain/arm/arm-gnu-toolchain/bin/../lib/gcc/arm-none-eabi/6.3.1/../../../../arm-none-eabi/lib/thumb/v6-m\libc_nano.a(lib_a-init.o)
 .ARM.attributes
                0x000002d8       0x1e c:/program files (x86)/atmel/studio/7.0/toolchain/arm/arm-gnu-toolchain/bin/../lib/gcc/arm-none-eabi/6.3.1/thumb/v6-m/crtn.o

.comment        0x00000000       0x59
 .comment       0x00000000       0x59 src/ASF/sam0/drivers/tcc/tcc.o
                                 0x5a (size before relaxing)
 .comment       0x00000059       0x5a src/ASF/common2/services/delay/example/delay_example.o
 .comment       0x00000059       0x5a src/ASF/common2/services/delay/sam0/systick_counter.o
 .comment       0x00000059       0x5a src/ASF/common/utils/interrupt/interrupt_sam_nvic.o
 .comment       0x00000059       0x5a src/ASF/sam0/boards/samc21_xplained_pro/board_init.o
 .comment       0x00000059       0x5a src/ASF/sam0/drivers/port/port.o
 .comment       0x00000059       0x5a src/ASF/sam0/drivers/system/clock/clock_samc20_c21/clock.o
 .comment       0x00000059       0x5a src/ASF/sam0/drivers/system/clock/clock_samc20_c21/gclk.o
 .comment       0x00000059       0x5a src/ASF/sam0/drivers/system/pinmux/pinmux.o
 .comment       0x00000059       0x5a src/ASF/sam0/drivers/system/system.o
 .comment       0x00000059       0x5a src/ASF/sam0/utils/cmsis/samc21/source/gcc/startup_samc21.o

.debug_info     0x00000000    0x12c18
 .debug_info    0x00000000     0x46fe src/ASF/sam0/drivers/tcc/tcc.o
 .debug_info    0x000046fe     0x326a src/ASF/common2/services/delay/example/delay_example.o
 .debug_info    0x00007968      0xb8d src/ASF/common2/services/delay/sam0/systick_counter.o
 .debug_info    0x000084f5      0xb07 src/ASF/common/utils/interrupt/interrupt_sam_nvic.o
 .debug_info    0x00008ffc     0x124a src/ASF/sam0/boards/samc21_xplained_pro/board_init.o
 .debug_info    0x0000a246     0x1254 src/ASF/sam0/drivers/port/port.o
 .debug_info    0x0000b49a     0x381a src/ASF/sam0/drivers/system/clock/clock_samc20_c21/clock.o
 .debug_info    0x0000ecb4     0x1c3d src/ASF/sam0/drivers/system/clock/clock_samc20_c21/gclk.o
 .debug_info    0x000108f1     0x1391 src/ASF/sam0/drivers/system/pinmux/pinmux.o
 .debug_info    0x00011c82      0xa73 src/ASF/sam0/drivers/system/system.o
 .debug_info    0x000126f5      0x523 src/ASF/sam0/utils/cmsis/samc21/source/gcc/startup_samc21.o

.debug_abbrev   0x00000000     0x2033
 .debug_abbrev  0x00000000      0x470 src/ASF/sam0/drivers/tcc/tcc.o
 .debug_abbrev  0x00000470      0x390 src/ASF/common2/services/delay/example/delay_example.o
 .debug_abbrev  0x00000800      0x24b src/ASF/common2/services/delay/sam0/systick_counter.o
 .debug_abbrev  0x00000a4b      0x22c src/ASF/common/utils/interrupt/interrupt_sam_nvic.o
 .debug_abbrev  0x00000c77      0x2c7 src/ASF/sam0/boards/samc21_xplained_pro/board_init.o
 .debug_abbrev  0x00000f3e      0x283 src/ASF/sam0/drivers/port/port.o
 .debug_abbrev  0x000011c1      0x3f1 src/ASF/sam0/drivers/system/clock/clock_samc20_c21/clock.o
 .debug_abbrev  0x000015b2      0x405 src/ASF/sam0/drivers/system/clock/clock_samc20_c21/gclk.o
 .debug_abbrev  0x000019b7      0x34c src/ASF/sam0/drivers/system/pinmux/pinmux.o
 .debug_abbrev  0x00001d03      0x1e1 src/ASF/sam0/drivers/system/system.o
 .debug_abbrev  0x00001ee4      0x14f src/ASF/sam0/utils/cmsis/samc21/source/gcc/startup_samc21.o

.debug_loc      0x00000000     0x304e
 .debug_loc     0x00000000     0x16b4 src/ASF/sam0/drivers/tcc/tcc.o
 .debug_loc     0x000016b4       0xdc src/ASF/common2/services/delay/example/delay_example.o
 .debug_loc     0x00001790       0xe4 src/ASF/common2/services/delay/sam0/systick_counter.o
 .debug_loc     0x00001874       0x8a src/ASF/sam0/boards/samc21_xplained_pro/board_init.o
 .debug_loc     0x000018fe      0x13d src/ASF/sam0/drivers/port/port.o
 .debug_loc     0x00001a3b      0xd69 src/ASF/sam0/drivers/system/clock/clock_samc20_c21/clock.o
 .debug_loc     0x000027a4      0x4dd src/ASF/sam0/drivers/system/clock/clock_samc20_c21/gclk.o
 .debug_loc     0x00002c81      0x36d src/ASF/sam0/drivers/system/pinmux/pinmux.o
 .debug_loc     0x00002fee       0x20 src/ASF/sam0/drivers/system/system.o
 .debug_loc     0x0000300e       0x40 src/ASF/sam0/utils/cmsis/samc21/source/gcc/startup_samc21.o

.debug_aranges  0x00000000      0x2f8
 .debug_aranges
                0x00000000       0xb0 src/ASF/sam0/drivers/tcc/tcc.o
 .debug_aranges
                0x000000b0       0x20 src/ASF/common2/services/delay/example/delay_example.o
 .debug_aranges
                0x000000d0       0x30 src/ASF/common2/services/delay/sam0/systick_counter.o
 .debug_aranges
                0x00000100       0x28 src/ASF/common/utils/interrupt/interrupt_sam_nvic.o
 .debug_aranges
                0x00000128       0x20 src/ASF/sam0/boards/samc21_xplained_pro/board_init.o
 .debug_aranges
                0x00000148       0x28 src/ASF/sam0/drivers/port/port.o
 .debug_aranges
                0x00000170       0x78 src/ASF/sam0/drivers/system/clock/clock_samc20_c21/clock.o
 .debug_aranges
                0x000001e8       0x80 src/ASF/sam0/drivers/system/clock/clock_samc20_c21/gclk.o
 .debug_aranges
                0x00000268       0x40 src/ASF/sam0/drivers/system/pinmux/pinmux.o
 .debug_aranges
                0x000002a8       0x28 src/ASF/sam0/drivers/system/system.o
 .debug_aranges
                0x000002d0       0x28 src/ASF/sam0/utils/cmsis/samc21/source/gcc/startup_samc21.o

.debug_ranges   0x00000000      0x3a8
 .debug_ranges  0x00000000      0x188 src/ASF/sam0/drivers/tcc/tcc.o
 .debug_ranges  0x00000188       0x40 src/ASF/common2/services/delay/example/delay_example.o
 .debug_ranges  0x000001c8       0x50 src/ASF/common2/services/delay/sam0/systick_counter.o
 .debug_ranges  0x00000218       0x18 src/ASF/common/utils/interrupt/interrupt_sam_nvic.o
 .debug_ranges  0x00000230       0x10 src/ASF/sam0/boards/samc21_xplained_pro/board_init.o
 .debug_ranges  0x00000240       0x18 src/ASF/sam0/drivers/port/port.o
 .debug_ranges  0x00000258       0x68 src/ASF/sam0/drivers/system/clock/clock_samc20_c21/clock.o
 .debug_ranges  0x000002c0       0x88 src/ASF/sam0/drivers/system/clock/clock_samc20_c21/gclk.o
 .debug_ranges  0x00000348       0x30 src/ASF/sam0/drivers/system/pinmux/pinmux.o
 .debug_ranges  0x00000378       0x18 src/ASF/sam0/drivers/system/system.o
 .debug_ranges  0x00000390       0x18 src/ASF/sam0/utils/cmsis/samc21/source/gcc/startup_samc21.o

.debug_macro    0x00000000    0x1cc6b
 .debug_macro   0x00000000      0x6e5 src/ASF/sam0/drivers/tcc/tcc.o
 .debug_macro   0x000006e5      0x8bc src/ASF/sam0/drivers/tcc/tcc.o
 .debug_macro   0x00000fa1      0x16d src/ASF/sam0/drivers/tcc/tcc.o
 .debug_macro   0x0000110e      0x6d7 src/ASF/sam0/drivers/tcc/tcc.o
 .debug_macro   0x000017e5       0x22 src/ASF/sam0/drivers/tcc/tcc.o
 .debug_macro   0x00001807       0x87 src/ASF/sam0/drivers/tcc/tcc.o
 .debug_macro   0x0000188e       0x51 src/ASF/sam0/drivers/tcc/tcc.o
 .debug_macro   0x000018df       0xef src/ASF/sam0/drivers/tcc/tcc.o
 .debug_macro   0x000019ce       0x6a src/ASF/sam0/drivers/tcc/tcc.o
 .debug_macro   0x00001a38      0x1df src/ASF/sam0/drivers/tcc/tcc.o
 .debug_macro   0x00001c17       0x10 src/ASF/sam0/drivers/tcc/tcc.o
 .debug_macro   0x00001c27       0x76 src/ASF/sam0/drivers/tcc/tcc.o
 .debug_macro   0x00001c9d       0x16 src/ASF/sam0/drivers/tcc/tcc.o
 .debug_macro   0x00001cb3      0x6db src/ASF/sam0/drivers/tcc/tcc.o
 .debug_macro   0x0000238e      0xdd8 src/ASF/sam0/drivers/tcc/tcc.o
 .debug_macro   0x00003166       0x22 src/ASF/sam0/drivers/tcc/tcc.o
 .debug_macro   0x00003188       0x40 src/ASF/sam0/drivers/tcc/tcc.o
 .debug_macro   0x000031c8       0x3a src/ASF/sam0/drivers/tcc/tcc.o
 .debug_macro   0x00003202       0x1f src/ASF/sam0/drivers/tcc/tcc.o
 .debug_macro   0x00003221      0x376 src/ASF/sam0/drivers/tcc/tcc.o
 .debug_macro   0x00003597      0x897 src/ASF/sam0/drivers/tcc/tcc.o
 .debug_macro   0x00003e2e      0x8c4 src/ASF/sam0/drivers/tcc/tcc.o
 .debug_macro   0x000046f2     0x2d61 src/ASF/sam0/drivers/tcc/tcc.o
 .debug_macro   0x00007453      0x222 src/ASF/sam0/drivers/tcc/tcc.o
 .debug_macro   0x00007675      0x286 src/ASF/sam0/drivers/tcc/tcc.o
 .debug_macro   0x000078fb      0x137 src/ASF/sam0/drivers/tcc/tcc.o
 .debug_macro   0x00007a32      0xc3a src/ASF/sam0/drivers/tcc/tcc.o
 .debug_macro   0x0000866c      0x5f0 src/ASF/sam0/drivers/tcc/tcc.o
 .debug_macro   0x00008c5c      0x5be src/ASF/sam0/drivers/tcc/tcc.o
 .debug_macro   0x0000921a      0x828 src/ASF/sam0/drivers/tcc/tcc.o
 .debug_macro   0x00009a42      0x172 src/ASF/sam0/drivers/tcc/tcc.o
 .debug_macro   0x00009bb4      0x286 src/ASF/sam0/drivers/tcc/tcc.o
 .debug_macro   0x00009e3a      0x55f src/ASF/sam0/drivers/tcc/tcc.o
 .debug_macro   0x0000a399      0x433 src/ASF/sam0/drivers/tcc/tcc.o
 .debug_macro   0x0000a7cc      0x21c src/ASF/sam0/drivers/tcc/tcc.o
 .debug_macro   0x0000a9e8      0x7a2 src/ASF/sam0/drivers/tcc/tcc.o
 .debug_macro   0x0000b18a      0x557 src/ASF/sam0/drivers/tcc/tcc.o
 .debug_macro   0x0000b6e1      0x335 src/ASF/sam0/drivers/tcc/tcc.o
 .debug_macro   0x0000ba16      0x6ab src/ASF/sam0/drivers/tcc/tcc.o
 .debug_macro   0x0000c0c1       0xc4 src/ASF/sam0/drivers/tcc/tcc.o
 .debug_macro   0x0000c185      0x349 src/ASF/sam0/drivers/tcc/tcc.o
 .debug_macro   0x0000c4ce       0x6a src/ASF/sam0/drivers/tcc/tcc.o
 .debug_macro   0x0000c538     0x1216 src/ASF/sam0/drivers/tcc/tcc.o
 .debug_macro   0x0000d74e      0x5a9 src/ASF/sam0/drivers/tcc/tcc.o
 .debug_macro   0x0000dcf7      0xfc5 src/ASF/sam0/drivers/tcc/tcc.o
 .debug_macro   0x0000ecbc      0x5a1 src/ASF/sam0/drivers/tcc/tcc.o
 .debug_macro   0x0000f25d      0x3c4 src/ASF/sam0/drivers/tcc/tcc.o
 .debug_macro   0x0000f621      0x8b2 src/ASF/sam0/drivers/tcc/tcc.o
 .debug_macro   0x0000fed3     0x19c2 src/ASF/sam0/drivers/tcc/tcc.o
 .debug_macro   0x00011895      0x39c src/ASF/sam0/drivers/tcc/tcc.o
 .debug_macro   0x00011c31      0x36e src/ASF/sam0/drivers/tcc/tcc.o
 .debug_macro   0x00011f9f       0x94 src/ASF/sam0/drivers/tcc/tcc.o
 .debug_macro   0x00012033       0xac src/ASF/sam0/drivers/tcc/tcc.o
 .debug_macro   0x000120df       0xac src/ASF/sam0/drivers/tcc/tcc.o
 .debug_macro   0x0001218b      0x14d src/ASF/sam0/drivers/tcc/tcc.o
 .debug_macro   0x000122d8      0x14d src/ASF/sam0/drivers/tcc/tcc.o
 .debug_macro   0x00012425       0x4c src/ASF/sam0/drivers/tcc/tcc.o
 .debug_macro   0x00012471       0x58 src/ASF/sam0/drivers/tcc/tcc.o
 .debug_macro   0x000124c9       0x3a src/ASF/sam0/drivers/tcc/tcc.o
 .debug_macro   0x00012503       0xd0 src/ASF/sam0/drivers/tcc/tcc.o
 .debug_macro   0x000125d3       0xb8 src/ASF/sam0/drivers/tcc/tcc.o
 .debug_macro   0x0001268b       0x64 src/ASF/sam0/drivers/tcc/tcc.o
 .debug_macro   0x000126ef      0x5fe src/ASF/sam0/drivers/tcc/tcc.o
 .debug_macro   0x00012ced       0x46 src/ASF/sam0/drivers/tcc/tcc.o
 .debug_macro   0x00012d33      0x1c2 src/ASF/sam0/drivers/tcc/tcc.o
 .debug_macro   0x00012ef5      0x188 src/ASF/sam0/drivers/tcc/tcc.o
 .debug_macro   0x0001307d       0x52 src/ASF/sam0/drivers/tcc/tcc.o
 .debug_macro   0x000130cf       0xa0 src/ASF/sam0/drivers/tcc/tcc.o
 .debug_macro   0x0001316f       0xdc src/ASF/sam0/drivers/tcc/tcc.o
 .debug_macro   0x0001324b       0x8e src/ASF/sam0/drivers/tcc/tcc.o
 .debug_macro   0x000132d9       0x4c src/ASF/sam0/drivers/tcc/tcc.o
 .debug_macro   0x00013325       0x64 src/ASF/sam0/drivers/tcc/tcc.o
 .debug_macro   0x00013389       0x22 src/ASF/sam0/drivers/tcc/tcc.o
 .debug_macro   0x000133ab      0x16e src/ASF/sam0/drivers/tcc/tcc.o
 .debug_macro   0x00013519       0x16 src/ASF/sam0/drivers/tcc/tcc.o
 .debug_macro   0x0001352f       0xd6 src/ASF/sam0/drivers/tcc/tcc.o
 .debug_macro   0x00013605       0xa0 src/ASF/sam0/drivers/tcc/tcc.o
 .debug_macro   0x000136a5      0x136 src/ASF/sam0/drivers/tcc/tcc.o
 .debug_macro   0x000137db      0x136 src/ASF/sam0/drivers/tcc/tcc.o
 .debug_macro   0x00013911      0x136 src/ASF/sam0/drivers/tcc/tcc.o
 .debug_macro   0x00013a47      0x136 src/ASF/sam0/drivers/tcc/tcc.o
 .debug_macro   0x00013b7d      0x136 src/ASF/sam0/drivers/tcc/tcc.o
 .debug_macro   0x00013cb3      0x136 src/ASF/sam0/drivers/tcc/tcc.o
 .debug_macro   0x00013de9       0x4c src/ASF/sam0/drivers/tcc/tcc.o
 .debug_macro   0x00013e35      0x16c src/ASF/sam0/drivers/tcc/tcc.o
 .debug_macro   0x00013fa1       0xfa src/ASF/sam0/drivers/tcc/tcc.o
 .debug_macro   0x0001409b       0xfa src/ASF/sam0/drivers/tcc/tcc.o
 .debug_macro   0x00014195       0xfa src/ASF/sam0/drivers/tcc/tcc.o
 .debug_macro   0x0001428f       0xfa src/ASF/sam0/drivers/tcc/tcc.o
 .debug_macro   0x00014389       0xfa src/ASF/sam0/drivers/tcc/tcc.o
 .debug_macro   0x00014483      0x124 src/ASF/sam0/drivers/tcc/tcc.o
 .debug_macro   0x000145a7       0xfa src/ASF/sam0/drivers/tcc/tcc.o
 .debug_macro   0x000146a1       0xee src/ASF/sam0/drivers/tcc/tcc.o
 .debug_macro   0x0001478f       0x76 src/ASF/sam0/drivers/tcc/tcc.o
 .debug_macro   0x00014805       0x3a src/ASF/sam0/drivers/tcc/tcc.o
 .debug_macro   0x0001483f      0x487 src/ASF/sam0/drivers/tcc/tcc.o
 .debug_macro   0x00014cc6     0x2683 src/ASF/sam0/drivers/tcc/tcc.o
 .debug_macro   0x00017349       0x82 src/ASF/sam0/drivers/tcc/tcc.o
 .debug_macro   0x000173cb       0x58 src/ASF/sam0/drivers/tcc/tcc.o
 .debug_macro   0x00017423       0x35 src/ASF/sam0/drivers/tcc/tcc.o
 .debug_macro   0x00017458       0x9c src/ASF/sam0/drivers/tcc/tcc.o
 .debug_macro   0x000174f4       0x16 src/ASF/sam0/drivers/tcc/tcc.o
 .debug_macro   0x0001750a       0x35 src/ASF/sam0/drivers/tcc/tcc.o
 .debug_macro   0x0001753f      0x353 src/ASF/sam0/drivers/tcc/tcc.o
 .debug_macro   0x00017892       0x10 src/ASF/sam0/drivers/tcc/tcc.o
 .debug_macro   0x000178a2       0x58 src/ASF/sam0/drivers/tcc/tcc.o
 .debug_macro   0x000178fa       0x1f src/ASF/sam0/drivers/tcc/tcc.o
 .debug_macro   0x00017919       0x43 src/ASF/sam0/drivers/tcc/tcc.o
 .debug_macro   0x0001795c       0x20 src/ASF/sam0/drivers/tcc/tcc.o
 .debug_macro   0x0001797c      0x187 src/ASF/sam0/drivers/tcc/tcc.o
 .debug_macro   0x00017b03       0x10 src/ASF/sam0/drivers/tcc/tcc.o
 .debug_macro   0x00017b13       0x1c src/ASF/sam0/drivers/tcc/tcc.o
 .debug_macro   0x00017b2f       0x52 src/ASF/sam0/drivers/tcc/tcc.o
 .debug_macro   0x00017b81       0x40 src/ASF/sam0/drivers/tcc/tcc.o
 .debug_macro   0x00017bc1       0x10 src/ASF/sam0/drivers/tcc/tcc.o
 .debug_macro   0x00017bd1       0x40 src/ASF/sam0/drivers/tcc/tcc.o
 .debug_macro   0x00017c11       0xd7 src/ASF/sam0/drivers/tcc/tcc.o
 .debug_macro   0x00017ce8       0x16 src/ASF/sam0/drivers/tcc/tcc.o
 .debug_macro   0x00017cfe      0x18b src/ASF/sam0/drivers/tcc/tcc.o
 .debug_macro   0x00017e89       0x16 src/ASF/sam0/drivers/tcc/tcc.o
 .debug_macro   0x00017e9f       0x16 src/ASF/sam0/drivers/tcc/tcc.o
 .debug_macro   0x00017eb5       0x29 src/ASF/sam0/drivers/tcc/tcc.o
 .debug_macro   0x00017ede       0x51 src/ASF/sam0/drivers/tcc/tcc.o
 .debug_macro   0x00017f2f       0x3e src/ASF/sam0/drivers/tcc/tcc.o
 .debug_macro   0x00017f6d      0x3df src/ASF/sam0/drivers/tcc/tcc.o
 .debug_macro   0x0001834c       0x18 src/ASF/sam0/drivers/tcc/tcc.o
 .debug_macro   0x00018364       0x89 src/ASF/sam0/drivers/tcc/tcc.o
 .debug_macro   0x000183ed      0x69a src/ASF/common2/services/delay/example/delay_example.o
 .debug_macro   0x00018a87       0x16 src/ASF/common2/services/delay/example/delay_example.o
 .debug_macro   0x00018a9d       0x16 src/ASF/common2/services/delay/example/delay_example.o
 .debug_macro   0x00018ab3      0x2c3 src/ASF/common2/services/delay/example/delay_example.o
 .debug_macro   0x00018d76      0x7e6 src/ASF/common2/services/delay/example/delay_example.o
 .debug_macro   0x0001955c       0x19 src/ASF/common2/services/delay/example/delay_example.o
 .debug_macro   0x00019575       0x2e src/ASF/common2/services/delay/example/delay_example.o
 .debug_macro   0x000195a3       0x8f src/ASF/common2/services/delay/example/delay_example.o
 .debug_macro   0x00019632      0x608 src/ASF/common2/services/delay/sam0/systick_counter.o
 .debug_macro   0x00019c3a      0x5c7 src/ASF/common/utils/interrupt/interrupt_sam_nvic.o
 .debug_macro   0x0001a201      0x608 src/ASF/sam0/boards/samc21_xplained_pro/board_init.o
 .debug_macro   0x0001a809      0x5e3 src/ASF/sam0/drivers/port/port.o
 .debug_macro   0x0001adec      0x637 src/ASF/sam0/drivers/system/clock/clock_samc20_c21/clock.o
 .debug_macro   0x0001b423      0x261 src/ASF/sam0/drivers/system/clock/clock_samc20_c21/clock.o
 .debug_macro   0x0001b684      0x603 src/ASF/sam0/drivers/system/clock/clock_samc20_c21/gclk.o
 .debug_macro   0x0001bc87      0x5d8 src/ASF/sam0/drivers/system/pinmux/pinmux.o
 .debug_macro   0x0001c25f       0x12 src/ASF/sam0/drivers/system/pinmux/pinmux.o
 .debug_macro   0x0001c271      0x613 src/ASF/sam0/drivers/system/system.o
 .debug_macro   0x0001c884      0x3ad src/ASF/sam0/utils/cmsis/samc21/source/gcc/startup_samc21.o
 .debug_macro   0x0001cc31       0x3a src/ASF/sam0/utils/cmsis/samc21/source/gcc/startup_samc21.o

.debug_line     0x00000000     0x7970
 .debug_line    0x00000000      0xe37 src/ASF/sam0/drivers/tcc/tcc.o
 .debug_line    0x00000e37      0xd72 src/ASF/common2/services/delay/example/delay_example.o
 .debug_line    0x00001ba9      0xa8f src/ASF/common2/services/delay/sam0/systick_counter.o
 .debug_line    0x00002638      0x99f src/ASF/common/utils/interrupt/interrupt_sam_nvic.o
 .debug_line    0x00002fd7      0xa45 src/ASF/sam0/boards/samc21_xplained_pro/board_init.o
 .debug_line    0x00003a1c      0x9cc src/ASF/sam0/drivers/port/port.o
 .debug_line    0x000043e8      0xcc9 src/ASF/sam0/drivers/system/clock/clock_samc20_c21/clock.o
 .debug_line    0x000050b1      0xcdb src/ASF/sam0/drivers/system/clock/clock_samc20_c21/gclk.o
 .debug_line    0x00005d8c      0xa19 src/ASF/sam0/drivers/system/pinmux/pinmux.o
 .debug_line    0x000067a5      0xab4 src/ASF/sam0/drivers/system/system.o
 .debug_line    0x00007259      0x717 src/ASF/sam0/utils/cmsis/samc21/source/gcc/startup_samc21.o

.debug_str      0x00000000    0x9e5ac
 .debug_str     0x00000000    0x97a1d src/ASF/sam0/drivers/tcc/tcc.o
                              0x98777 (size before relaxing)
 .debug_str     0x00097a1d     0x352c src/ASF/common2/services/delay/example/delay_example.o
                              0x9a3f3 (size before relaxing)
 .debug_str     0x0009af49       0xa1 src/ASF/common2/services/delay/sam0/systick_counter.o
                              0x95a65 (size before relaxing)
 .debug_str     0x0009afea       0x94 src/ASF/common/utils/interrupt/interrupt_sam_nvic.o
                              0x95870 (size before relaxing)
 .debug_str     0x0009b07e      0x35d src/ASF/sam0/boards/samc21_xplained_pro/board_init.o
                              0x98b85 (size before relaxing)
 .debug_str     0x0009b3db       0x5e src/ASF/sam0/drivers/port/port.o
                              0x95d14 (size before relaxing)
 .debug_str     0x0009b439     0x29cf src/ASF/sam0/drivers/system/clock/clock_samc20_c21/clock.o
                              0x98aa3 (size before relaxing)
 .debug_str     0x0009de08      0x1fc src/ASF/sam0/drivers/system/clock/clock_samc20_c21/gclk.o
                              0x96429 (size before relaxing)
 .debug_str     0x0009e004      0x179 src/ASF/sam0/drivers/system/pinmux/pinmux.o
                              0x95d70 (size before relaxing)
 .debug_str     0x0009e17d       0x3b src/ASF/sam0/drivers/system/system.o
                              0x95900 (size before relaxing)
 .debug_str     0x0009e1b8      0x3f4 src/ASF/sam0/utils/cmsis/samc21/source/gcc/startup_samc21.o
                              0x7ff7e (size before relaxing)

.debug_frame    0x00000000      0x740
 .debug_frame   0x00000000      0x21c src/ASF/sam0/drivers/tcc/tcc.o
 .debug_frame   0x0000021c       0x38 src/ASF/common2/services/delay/example/delay_example.o
 .debug_frame   0x00000254       0x64 src/ASF/common2/services/delay/sam0/systick_counter.o
 .debug_frame   0x000002b8       0x30 src/ASF/common/utils/interrupt/interrupt_sam_nvic.o
 .debug_frame   0x000002e8       0x30 src/ASF/sam0/boards/samc21_xplained_pro/board_init.o
 .debug_frame   0x00000318       0x44 src/ASF/sam0/drivers/port/port.o
 .debug_frame   0x0000035c      0x140 src/ASF/sam0/drivers/system/clock/clock_samc20_c21/clock.o
 .debug_frame   0x0000049c      0x150 src/ASF/sam0/drivers/system/clock/clock_samc20_c21/gclk.o
 .debug_frame   0x000005ec       0x98 src/ASF/sam0/drivers/system/pinmux/pinmux.o
 .debug_frame   0x00000684       0x38 src/ASF/sam0/drivers/system/system.o
 .debug_frame   0x000006bc       0x38 src/ASF/sam0/utils/cmsis/samc21/source/gcc/startup_samc21.o
 .debug_frame   0x000006f4       0x20 c:/program files (x86)/atmel/studio/7.0/toolchain/arm/arm-gnu-toolchain/bin/../lib/gcc/arm-none-eabi/6.3.1/thumb/v6-m\libgcc.a(_udivsi3.o)
 .debug_frame   0x00000714       0x2c c:/program files (x86)/atmel/studio/7.0/toolchain/arm/arm-gnu-toolchain/bin/../lib/gcc/arm-none-eabi/6.3.1/../../../../arm-none-eabi/lib/thumb/v6-m\libc_nano.a(lib_a-init.o)

Cross Reference Table

Symbol                                            File
AC_Handler                                        src/ASF/sam0/utils/cmsis/samc21/source/gcc/startup_samc21.o
ADC0_Handler                                      src/ASF/sam0/utils/cmsis/samc21/source/gcc/startup_samc21.o
ADC1_Handler                                      src/ASF/sam0/utils/cmsis/samc21/source/gcc/startup_samc21.o
CAN0_Handler                                      src/ASF/sam0/utils/cmsis/samc21/source/gcc/startup_samc21.o
CAN1_Handler                                      src/ASF/sam0/utils/cmsis/samc21/source/gcc/startup_samc21.o
DAC_Handler                                       src/ASF/sam0/utils/cmsis/samc21/source/gcc/startup_samc21.o
DMAC_Handler                                      src/ASF/sam0/utils/cmsis/samc21/source/gcc/startup_samc21.o
Dummy_Handler                                     src/ASF/sam0/utils/cmsis/samc21/source/gcc/startup_samc21.o
EIC_Handler                                       src/ASF/sam0/utils/cmsis/samc21/source/gcc/startup_samc21.o
EVSYS_Handler                                     src/ASF/sam0/utils/cmsis/samc21/source/gcc/startup_samc21.o
FREQM_Handler                                     src/ASF/sam0/utils/cmsis/samc21/source/gcc/startup_samc21.o
HardFault_Handler                                 src/ASF/sam0/utils/cmsis/samc21/source/gcc/startup_samc21.o
NMI_Handler                                       src/ASF/sam0/utils/cmsis/samc21/source/gcc/startup_samc21.o
NVMCTRL_Handler                                   src/ASF/sam0/utils/cmsis/samc21/source/gcc/startup_samc21.o
PTC_Handler                                       src/ASF/sam0/utils/cmsis/samc21/source/gcc/startup_samc21.o
PendSV_Handler                                    src/ASF/sam0/utils/cmsis/samc21/source/gcc/startup_samc21.o
RTC_Handler                                       src/ASF/sam0/utils/cmsis/samc21/source/gcc/startup_samc21.o
Reset_Handler                                     src/ASF/sam0/utils/cmsis/samc21/source/gcc/startup_samc21.o
SDADC_Handler                                     src/ASF/sam0/utils/cmsis/samc21/source/gcc/startup_samc21.o
SERCOM0_Handler                                   src/ASF/sam0/utils/cmsis/samc21/source/gcc/startup_samc21.o
SERCOM1_Handler                                   src/ASF/sam0/utils/cmsis/samc21/source/gcc/startup_samc21.o
SERCOM2_Handler                                   src/ASF/sam0/utils/cmsis/samc21/source/gcc/startup_samc21.o
SERCOM3_Handler                                   src/ASF/sam0/utils/cmsis/samc21/source/gcc/startup_samc21.o
SERCOM4_Handler                                   src/ASF/sam0/utils/cmsis/samc21/source/gcc/startup_samc21.o
SERCOM5_Handler                                   src/ASF/sam0/utils/cmsis/samc21/source/gcc/startup_samc21.o
SVC_Handler                                       src/ASF/sam0/utils/cmsis/samc21/source/gcc/startup_samc21.o
SYSTEM_Handler                                    src/ASF/sam0/utils/cmsis/samc21/source/gcc/startup_samc21.o
SysTick_Handler                                   src/ASF/sam0/utils/cmsis/samc21/source/gcc/startup_samc21.o
SystemCoreClock                                   src/ASF/sam0/utils/cmsis/samc21/source/system_samc21.o
SystemCoreClockUpdate                             src/ASF/sam0/utils/cmsis/samc21/source/system_samc21.o
SystemInit                                        src/ASF/sam0/utils/cmsis/samc21/source/system_samc21.o
TC0_Handler                                       src/ASF/sam0/utils/cmsis/samc21/source/gcc/startup_samc21.o
TC1_Handler                                       src/ASF/sam0/utils/cmsis/samc21/source/gcc/startup_samc21.o
TC2_Handler                                       src/ASF/sam0/utils/cmsis/samc21/source/gcc/startup_samc21.o
TC3_Handler                                       src/ASF/sam0/utils/cmsis/samc21/source/gcc/startup_samc21.o
TC4_Handler                                       src/ASF/sam0/utils/cmsis/samc21/source/gcc/startup_samc21.o
TCC0_Handler                                      src/ASF/sam0/utils/cmsis/samc21/source/gcc/startup_samc21.o
TCC1_Handler                                      src/ASF/sam0/utils/cmsis/samc21/source/gcc/startup_samc21.o
TCC2_Handler                                      src/ASF/sam0/utils/cmsis/samc21/source/gcc/startup_samc21.o
TSENS_Handler                                     src/ASF/sam0/utils/cmsis/samc21/source/gcc/startup_samc21.o
WDT_Handler                                       src/ASF/sam0/utils/cmsis/samc21/source/gcc/startup_samc21.o
_Jv_RegisterClasses                               c:/program files (x86)/atmel/studio/7.0/toolchain/arm/arm-gnu-toolchain/bin/../lib/gcc/arm-none-eabi/6.3.1/thumb/v6-m/crtbegin.o
__aeabi_idiv0                                     c:/program files (x86)/atmel/studio/7.0/toolchain/arm/arm-gnu-toolchain/bin/../lib/gcc/arm-none-eabi/6.3.1/thumb/v6-m\libgcc.a(_dvmd_tls.o)
                                                  c:/program files (x86)/atmel/studio/7.0/toolchain/arm/arm-gnu-toolchain/bin/../lib/gcc/arm-none-eabi/6.3.1/thumb/v6-m\libgcc.a(_udivsi3.o)
__aeabi_ldiv0                                     c:/program files (x86)/atmel/studio/7.0/toolchain/arm/arm-gnu-toolchain/bin/../lib/gcc/arm-none-eabi/6.3.1/thumb/v6-m\libgcc.a(_dvmd_tls.o)
__aeabi_uidiv                                     c:/program files (x86)/atmel/studio/7.0/toolchain/arm/arm-gnu-toolchain/bin/../lib/gcc/arm-none-eabi/6.3.1/thumb/v6-m\libgcc.a(_udivsi3.o)
                                                  src/ASF/sam0/drivers/system/clock/clock_samc20_c21/gclk.o
                                                  src/ASF/sam0/drivers/system/clock/clock_samc20_c21/clock.o
                                                  src/ASF/common2/services/delay/sam0/systick_counter.o
__aeabi_uidivmod                                  c:/program files (x86)/atmel/studio/7.0/toolchain/arm/arm-gnu-toolchain/bin/../lib/gcc/arm-none-eabi/6.3.1/thumb/v6-m\libgcc.a(_udivsi3.o)
__bss_end__                                       c:/program files (x86)/atmel/studio/7.0/toolchain/arm/arm-gnu-toolchain/bin/../lib/gcc/arm-none-eabi/6.3.1/../../../../arm-none-eabi/lib/thumb/v6-m/crt0.o
__bss_start__                                     c:/program files (x86)/atmel/studio/7.0/toolchain/arm/arm-gnu-toolchain/bin/../lib/gcc/arm-none-eabi/6.3.1/../../../../arm-none-eabi/lib/thumb/v6-m/crt0.o
__call_exitprocs                                  c:/program files (x86)/atmel/studio/7.0/toolchain/arm/arm-gnu-toolchain/bin/../lib/gcc/arm-none-eabi/6.3.1/../../../../arm-none-eabi/lib/thumb/v6-m\libc_nano.a(lib_a-exit.o)
__deregister_frame_info                           c:/program files (x86)/atmel/studio/7.0/toolchain/arm/arm-gnu-toolchain/bin/../lib/gcc/arm-none-eabi/6.3.1/thumb/v6-m/crtbegin.o
__dso_handle                                      c:/program files (x86)/atmel/studio/7.0/toolchain/arm/arm-gnu-toolchain/bin/../lib/gcc/arm-none-eabi/6.3.1/thumb/v6-m/crtbegin.o
__init_array_end                                  c:/program files (x86)/atmel/studio/7.0/toolchain/arm/arm-gnu-toolchain/bin/../lib/gcc/arm-none-eabi/6.3.1/../../../../arm-none-eabi/lib/thumb/v6-m\libc_nano.a(lib_a-init.o)
__init_array_start                                c:/program files (x86)/atmel/studio/7.0/toolchain/arm/arm-gnu-toolchain/bin/../lib/gcc/arm-none-eabi/6.3.1/../../../../arm-none-eabi/lib/thumb/v6-m\libc_nano.a(lib_a-init.o)
__libc_fini_array                                 c:/program files (x86)/atmel/studio/7.0/toolchain/arm/arm-gnu-toolchain/bin/../lib/gcc/arm-none-eabi/6.3.1/../../../../arm-none-eabi/lib/thumb/v6-m/crt0.o
__libc_init_array                                 c:/program files (x86)/atmel/studio/7.0/toolchain/arm/arm-gnu-toolchain/bin/../lib/gcc/arm-none-eabi/6.3.1/../../../../arm-none-eabi/lib/thumb/v6-m\libc_nano.a(lib_a-init.o)
                                                  src/ASF/sam0/utils/cmsis/samc21/source/gcc/startup_samc21.o
                                                  c:/program files (x86)/atmel/studio/7.0/toolchain/arm/arm-gnu-toolchain/bin/../lib/gcc/arm-none-eabi/6.3.1/../../../../arm-none-eabi/lib/thumb/v6-m/crt0.o
__preinit_array_end                               c:/program files (x86)/atmel/studio/7.0/toolchain/arm/arm-gnu-toolchain/bin/../lib/gcc/arm-none-eabi/6.3.1/../../../../arm-none-eabi/lib/thumb/v6-m\libc_nano.a(lib_a-init.o)
__preinit_array_start                             c:/program files (x86)/atmel/studio/7.0/toolchain/arm/arm-gnu-toolchain/bin/../lib/gcc/arm-none-eabi/6.3.1/../../../../arm-none-eabi/lib/thumb/v6-m\libc_nano.a(lib_a-init.o)
__register_frame_info                             c:/program files (x86)/atmel/studio/7.0/toolchain/arm/arm-gnu-toolchain/bin/../lib/gcc/arm-none-eabi/6.3.1/thumb/v6-m/crtbegin.o
__sf_fake_stderr                                  c:/program files (x86)/atmel/studio/7.0/toolchain/arm/arm-gnu-toolchain/bin/../lib/gcc/arm-none-eabi/6.3.1/../../../../arm-none-eabi/lib/thumb/v6-m\libc_nano.a(lib_a-impure.o)
__sf_fake_stdin                                   c:/program files (x86)/atmel/studio/7.0/toolchain/arm/arm-gnu-toolchain/bin/../lib/gcc/arm-none-eabi/6.3.1/../../../../arm-none-eabi/lib/thumb/v6-m\libc_nano.a(lib_a-impure.o)
__sf_fake_stdout                                  c:/program files (x86)/atmel/studio/7.0/toolchain/arm/arm-gnu-toolchain/bin/../lib/gcc/arm-none-eabi/6.3.1/../../../../arm-none-eabi/lib/thumb/v6-m\libc_nano.a(lib_a-impure.o)
__stack                                           c:/program files (x86)/atmel/studio/7.0/toolchain/arm/arm-gnu-toolchain/bin/../lib/gcc/arm-none-eabi/6.3.1/../../../../arm-none-eabi/lib/thumb/v6-m/crt0.o
__udivsi3                                         c:/program files (x86)/atmel/studio/7.0/toolchain/arm/arm-gnu-toolchain/bin/../lib/gcc/arm-none-eabi/6.3.1/thumb/v6-m\libgcc.a(_udivsi3.o)
_close                                            src/ASF/sam0/utils/syscalls/gcc/syscalls.o
_end                                              src/ASF/sam0/utils/syscalls/gcc/syscalls.o
_erelocate                                        src/ASF/sam0/utils/cmsis/samc21/source/gcc/startup_samc21.o
_estack                                           src/ASF/sam0/utils/cmsis/samc21/source/gcc/startup_samc21.o
_etext                                            src/ASF/sam0/utils/cmsis/samc21/source/gcc/startup_samc21.o
_exit                                             src/ASF/sam0/utils/syscalls/gcc/syscalls.o
                                                  c:/program files (x86)/atmel/studio/7.0/toolchain/arm/arm-gnu-toolchain/bin/../lib/gcc/arm-none-eabi/6.3.1/../../../../arm-none-eabi/lib/thumb/v6-m\libc_nano.a(lib_a-exit.o)
_ezero                                            src/ASF/sam0/utils/cmsis/samc21/source/gcc/startup_samc21.o
_fini                                             c:/program files (x86)/atmel/studio/7.0/toolchain/arm/arm-gnu-toolchain/bin/../lib/gcc/arm-none-eabi/6.3.1/thumb/v6-m/crti.o
_fstat                                            src/ASF/sam0/utils/syscalls/gcc/syscalls.o
_getpid                                           src/ASF/sam0/utils/syscalls/gcc/syscalls.o
_global_impure_ptr                                c:/program files (x86)/atmel/studio/7.0/toolchain/arm/arm-gnu-toolchain/bin/../lib/gcc/arm-none-eabi/6.3.1/../../../../arm-none-eabi/lib/thumb/v6-m\libc_nano.a(lib_a-impure.o)
                                                  c:/program files (x86)/atmel/studio/7.0/toolchain/arm/arm-gnu-toolchain/bin/../lib/gcc/arm-none-eabi/6.3.1/../../../../arm-none-eabi/lib/thumb/v6-m\libc_nano.a(lib_a-exit.o)
_impure_ptr                                       c:/program files (x86)/atmel/studio/7.0/toolchain/arm/arm-gnu-toolchain/bin/../lib/gcc/arm-none-eabi/6.3.1/../../../../arm-none-eabi/lib/thumb/v6-m\libc_nano.a(lib_a-impure.o)
_init                                             c:/program files (x86)/atmel/studio/7.0/toolchain/arm/arm-gnu-toolchain/bin/../lib/gcc/arm-none-eabi/6.3.1/thumb/v6-m/crti.o
                                                  c:/program files (x86)/atmel/studio/7.0/toolchain/arm/arm-gnu-toolchain/bin/../lib/gcc/arm-none-eabi/6.3.1/../../../../arm-none-eabi/lib/thumb/v6-m\libc_nano.a(lib_a-init.o)
_isatty                                           src/ASF/sam0/utils/syscalls/gcc/syscalls.o
_kill                                             src/ASF/sam0/utils/syscalls/gcc/syscalls.o
_lseek                                            src/ASF/sam0/utils/syscalls/gcc/syscalls.o
_mainCRTStartup                                   c:/program files (x86)/atmel/studio/7.0/toolchain/arm/arm-gnu-toolchain/bin/../lib/gcc/arm-none-eabi/6.3.1/../../../../arm-none-eabi/lib/thumb/v6-m/crt0.o
_sbrk                                             src/ASF/sam0/utils/syscalls/gcc/syscalls.o
_sfixed                                           src/ASF/sam0/utils/cmsis/samc21/source/gcc/startup_samc21.o
_srelocate                                        src/ASF/sam0/utils/cmsis/samc21/source/gcc/startup_samc21.o
_start                                            c:/program files (x86)/atmel/studio/7.0/toolchain/arm/arm-gnu-toolchain/bin/../lib/gcc/arm-none-eabi/6.3.1/../../../../arm-none-eabi/lib/thumb/v6-m/crt0.o
_system_divas_init                                src/ASF/sam0/drivers/system/system.o
_system_dummy_init                                src/ASF/sam0/drivers/system/system.o
_system_events_init                               src/ASF/sam0/drivers/system/system.o
_system_extint_init                               src/ASF/sam0/drivers/system/system.o
_szero                                            src/ASF/sam0/utils/cmsis/samc21/source/gcc/startup_samc21.o
_tcc_apbcmasks                                    src/ASF/sam0/drivers/tcc/tcc.o
_tcc_cc_nums                                      src/ASF/sam0/drivers/tcc/tcc.o
_tcc_exts                                         src/ASF/sam0/drivers/tcc/tcc.o
_tcc_gclk_ids                                     src/ASF/sam0/drivers/tcc/tcc.o
_tcc_get_inst_index                               src/ASF/sam0/drivers/tcc/tcc.o
_tcc_maxs                                         src/ASF/sam0/drivers/tcc/tcc.o
_tcc_ow_nums                                      src/ASF/sam0/drivers/tcc/tcc.o
_tcc_sizes                                        src/ASF/sam0/drivers/tcc/tcc.o
atexit                                            c:/program files (x86)/atmel/studio/7.0/toolchain/arm/arm-gnu-toolchain/bin/../lib/gcc/arm-none-eabi/6.3.1/../../../../arm-none-eabi/lib/thumb/v6-m/crt0.o
board_init                                        src/ASF/sam0/boards/samc21_xplained_pro/board_init.o
cpu_irq_enter_critical                            src/ASF/common/utils/interrupt/interrupt_sam_nvic.o
                                                  src/ASF/sam0/drivers/system/clock/clock_samc20_c21/gclk.o
cpu_irq_leave_critical                            src/ASF/common/utils/interrupt/interrupt_sam_nvic.o
                                                  src/ASF/sam0/drivers/system/clock/clock_samc20_c21/gclk.o
delay_cycles_ms                                   src/ASF/common2/services/delay/sam0/systick_counter.o
                                                  src/ASF/common2/services/delay/example/delay_example.o
delay_cycles_us                                   src/ASF/common2/services/delay/sam0/systick_counter.o
delay_init                                        src/ASF/common2/services/delay/sam0/systick_counter.o
                                                  src/ASF/common2/services/delay/example/delay_example.o
exception_table                                   src/ASF/sam0/utils/cmsis/samc21/source/gcc/startup_samc21.o
exit                                              c:/program files (x86)/atmel/studio/7.0/toolchain/arm/arm-gnu-toolchain/bin/../lib/gcc/arm-none-eabi/6.3.1/../../../../arm-none-eabi/lib/thumb/v6-m\libc_nano.a(lib_a-exit.o)
                                                  c:/program files (x86)/atmel/studio/7.0/toolchain/arm/arm-gnu-toolchain/bin/../lib/gcc/arm-none-eabi/6.3.1/../../../../arm-none-eabi/lib/thumb/v6-m/crt0.o
g_interrupt_enabled                               src/ASF/common/utils/interrupt/interrupt_sam_nvic.o
hardware_init_hook                                c:/program files (x86)/atmel/studio/7.0/toolchain/arm/arm-gnu-toolchain/bin/../lib/gcc/arm-none-eabi/6.3.1/../../../../arm-none-eabi/lib/thumb/v6-m/crt0.o
link                                              src/ASF/sam0/utils/syscalls/gcc/syscalls.o
main                                              src/ASF/common2/services/delay/example/delay_example.o
                                                  src/ASF/sam0/utils/cmsis/samc21/source/gcc/startup_samc21.o
                                                  c:/program files (x86)/atmel/studio/7.0/toolchain/arm/arm-gnu-toolchain/bin/../lib/gcc/arm-none-eabi/6.3.1/../../../../arm-none-eabi/lib/thumb/v6-m/crt0.o
memset                                            c:/program files (x86)/atmel/studio/7.0/toolchain/arm/arm-gnu-toolchain/bin/../lib/gcc/arm-none-eabi/6.3.1/../../../../arm-none-eabi/lib/thumb/v6-m\libc_nano.a(lib_a-memset.o)
                                                  c:/program files (x86)/atmel/studio/7.0/toolchain/arm/arm-gnu-toolchain/bin/../lib/gcc/arm-none-eabi/6.3.1/../../../../arm-none-eabi/lib/thumb/v6-m/crt0.o
port_group_set_config                             src/ASF/sam0/drivers/port/port.o
port_pin_set_config                               src/ASF/sam0/drivers/port/port.o
                                                  src/ASF/sam0/boards/samc21_xplained_pro/board_init.o
software_init_hook                                c:/program files (x86)/atmel/studio/7.0/toolchain/arm/arm-gnu-toolchain/bin/../lib/gcc/arm-none-eabi/6.3.1/../../../../arm-none-eabi/lib/thumb/v6-m/crt0.o
system_board_init                                 src/ASF/sam0/boards/samc21_xplained_pro/board_init.o
system_clock_init                                 src/ASF/sam0/drivers/system/clock/clock_samc20_c21/clock.o
system_clock_source_disable                       src/ASF/sam0/drivers/system/clock/clock_samc20_c21/clock.o
system_clock_source_dpll_set_config               src/ASF/sam0/drivers/system/clock/clock_samc20_c21/clock.o
system_clock_source_enable                        src/ASF/sam0/drivers/system/clock/clock_samc20_c21/clock.o
system_clock_source_get_hz                        src/ASF/sam0/drivers/system/clock/clock_samc20_c21/clock.o
                                                  src/ASF/sam0/drivers/system/clock/clock_samc20_c21/gclk.o
system_clock_source_is_ready                      src/ASF/sam0/drivers/system/clock/clock_samc20_c21/clock.o
system_clock_source_osc32k_set_config             src/ASF/sam0/drivers/system/clock/clock_samc20_c21/clock.o
system_clock_source_osc48m_set_config             src/ASF/sam0/drivers/system/clock/clock_samc20_c21/clock.o
system_clock_source_osculp32k_set_config          src/ASF/sam0/drivers/system/clock/clock_samc20_c21/clock.o
system_clock_source_write_calibration             src/ASF/sam0/drivers/system/clock/clock_samc20_c21/clock.o
system_clock_source_xosc32k_set_config            src/ASF/sam0/drivers/system/clock/clock_samc20_c21/clock.o
system_clock_source_xosc_set_config               src/ASF/sam0/drivers/system/clock/clock_samc20_c21/clock.o
system_gclk_chan_disable                          src/ASF/sam0/drivers/system/clock/clock_samc20_c21/gclk.o
system_gclk_chan_enable                           src/ASF/sam0/drivers/system/clock/clock_samc20_c21/gclk.o
                                                  src/ASF/sam0/drivers/tcc/tcc.o
system_gclk_chan_get_hz                           src/ASF/sam0/drivers/system/clock/clock_samc20_c21/gclk.o
system_gclk_chan_is_enabled                       src/ASF/sam0/drivers/system/clock/clock_samc20_c21/gclk.o
system_gclk_chan_is_locked                        src/ASF/sam0/drivers/system/clock/clock_samc20_c21/gclk.o
system_gclk_chan_lock                             src/ASF/sam0/drivers/system/clock/clock_samc20_c21/gclk.o
system_gclk_chan_set_config                       src/ASF/sam0/drivers/system/clock/clock_samc20_c21/gclk.o
                                                  src/ASF/sam0/drivers/tcc/tcc.o
system_gclk_gen_disable                           src/ASF/sam0/drivers/system/clock/clock_samc20_c21/gclk.o
system_gclk_gen_enable                            src/ASF/sam0/drivers/system/clock/clock_samc20_c21/gclk.o
                                                  src/ASF/sam0/drivers/system/clock/clock_samc20_c21/clock.o
system_gclk_gen_get_hz                            src/ASF/sam0/drivers/system/clock/clock_samc20_c21/gclk.o
                                                  src/ASF/common2/services/delay/sam0/systick_counter.o
system_gclk_gen_is_enabled                        src/ASF/sam0/drivers/system/clock/clock_samc20_c21/gclk.o
system_gclk_gen_set_config                        src/ASF/sam0/drivers/system/clock/clock_samc20_c21/gclk.o
                                                  src/ASF/sam0/drivers/system/clock/clock_samc20_c21/clock.o
system_gclk_init                                  src/ASF/sam0/drivers/system/clock/clock_samc20_c21/gclk.o
                                                  src/ASF/sam0/drivers/system/clock/clock_samc20_c21/clock.o
system_init                                       src/ASF/sam0/drivers/system/system.o
                                                  src/ASF/common2/services/delay/example/delay_example.o
system_interrupt_clear_pending                    src/ASF/sam0/drivers/system/interrupt/system_interrupt.o
system_interrupt_get_priority                     src/ASF/sam0/drivers/system/interrupt/system_interrupt.o
system_interrupt_is_pending                       src/ASF/sam0/drivers/system/interrupt/system_interrupt.o
system_interrupt_set_pending                      src/ASF/sam0/drivers/system/interrupt/system_interrupt.o
system_interrupt_set_priority                     src/ASF/sam0/drivers/system/interrupt/system_interrupt.o
system_pinmux_group_set_config                    src/ASF/sam0/drivers/system/pinmux/pinmux.o
                                                  src/ASF/sam0/drivers/port/port.o
system_pinmux_group_set_input_sample_mode         src/ASF/sam0/drivers/system/pinmux/pinmux.o
system_pinmux_group_set_output_strength           src/ASF/sam0/drivers/system/pinmux/pinmux.o
system_pinmux_pin_set_config                      src/ASF/sam0/drivers/system/pinmux/pinmux.o
                                                  src/ASF/sam0/drivers/port/port.o
                                                  src/ASF/sam0/drivers/tcc/tcc.o
tcc_clear_status                                  src/ASF/sam0/drivers/tcc/tcc.o
tcc_disable_circular_buffer_compare               src/ASF/sam0/drivers/tcc/tcc.o
tcc_disable_events                                src/ASF/sam0/drivers/tcc/tcc.o
tcc_enable_circular_buffer_compare                src/ASF/sam0/drivers/tcc/tcc.o
tcc_enable_events                                 src/ASF/sam0/drivers/tcc/tcc.o
tcc_get_capture_value                             src/ASF/sam0/drivers/tcc/tcc.o
tcc_get_config_defaults                           src/ASF/sam0/drivers/tcc/tcc.o
                                                  src/ASF/common2/services/delay/example/delay_example.o
tcc_get_count_value                               src/ASF/sam0/drivers/tcc/tcc.o
tcc_get_status                                    src/ASF/sam0/drivers/tcc/tcc.o
tcc_init                                          src/ASF/sam0/drivers/tcc/tcc.o
                                                  src/ASF/common2/services/delay/example/delay_example.o
tcc_instance                                      src/ASF/common2/services/delay/example/delay_example.o
tcc_modules                                       src/ASF/sam0/drivers/tcc/tcc.o
tcc_set_compare_value                             src/ASF/sam0/drivers/tcc/tcc.o
                                                  src/ASF/common2/services/delay/example/delay_example.o
tcc_set_count_value                               src/ASF/sam0/drivers/tcc/tcc.o
tcc_set_double_buffer_compare_values              src/ASF/sam0/drivers/tcc/tcc.o
tcc_set_double_buffer_top_values                  src/ASF/sam0/drivers/tcc/tcc.o
tcc_set_pattern                                   src/ASF/sam0/drivers/tcc/tcc.o
tcc_set_top_value                                 src/ASF/sam0/drivers/tcc/tcc.o
