Archive member included to satisfy reference by file (symbol)

c:/program files (x86)/atmel/studio/7.0/toolchain/arm/arm-gnu-toolchain/bin/../lib/gcc/arm-none-eabi/6.3.1/thumb/v6-m\libgcc.a(_udivsi3.o)
                              src/ASF/common2/services/delay/example/delay_example.o (__aeabi_uidiv)
c:/program files (x86)/atmel/studio/7.0/toolchain/arm/arm-gnu-toolchain/bin/../lib/gcc/arm-none-eabi/6.3.1/thumb/v6-m\libgcc.a(_dvmd_tls.o)
                              c:/program files (x86)/atmel/studio/7.0/toolchain/arm/arm-gnu-toolchain/bin/../lib/gcc/arm-none-eabi/6.3.1/thumb/v6-m\libgcc.a(_udivsi3.o) (__aeabi_idiv0)
c:/program files (x86)/atmel/studio/7.0/toolchain/arm/arm-gnu-toolchain/bin/../lib/gcc/arm-none-eabi/6.3.1/../../../../arm-none-eabi/lib/thumb/v6-m\libc_nano.a(lib_a-exit.o)
                              c:/program files (x86)/atmel/studio/7.0/toolchain/arm/arm-gnu-toolchain/bin/../lib/gcc/arm-none-eabi/6.3.1/../../../../arm-none-eabi/lib/thumb/v6-m/crt0.o (exit)
c:/program files (x86)/atmel/studio/7.0/toolchain/arm/arm-gnu-toolchain/bin/../lib/gcc/arm-none-eabi/6.3.1/../../../../arm-none-eabi/lib/thumb/v6-m\libc_nano.a(lib_a-impure.o)
                              c:/program files (x86)/atmel/studio/7.0/toolchain/arm/arm-gnu-toolchain/bin/../lib/gcc/arm-none-eabi/6.3.1/../../../../arm-none-eabi/lib/thumb/v6-m\libc_nano.a(lib_a-exit.o) (_global_impure_ptr)
c:/program files (x86)/atmel/studio/7.0/toolchain/arm/arm-gnu-toolchain/bin/../lib/gcc/arm-none-eabi/6.3.1/../../../../arm-none-eabi/lib/thumb/v6-m\libc_nano.a(lib_a-init.o)
                              c:/program files (x86)/atmel/studio/7.0/toolchain/arm/arm-gnu-toolchain/bin/../lib/gcc/arm-none-eabi/6.3.1/../../../../arm-none-eabi/lib/thumb/v6-m/crt0.o (__libc_init_array)
c:/program files (x86)/atmel/studio/7.0/toolchain/arm/arm-gnu-toolchain/bin/../lib/gcc/arm-none-eabi/6.3.1/../../../../arm-none-eabi/lib/thumb/v6-m\libc_nano.a(lib_a-memset.o)
                              c:/program files (x86)/atmel/studio/7.0/toolchain/arm/arm-gnu-toolchain/bin/../lib/gcc/arm-none-eabi/6.3.1/../../../../arm-none-eabi/lib/thumb/v6-m/crt0.o (memset)

Allocating common symbols
Common symbol       size              file

tcc_instance        0x8               src/ASF/common2/services/delay/example/delay_example.o
_extint_dev         0x1               src/ASF/sam0/drivers/extint/extint_sam_l_c/extint.o
_adc_instances      0x8               src/ASF/sam0/drivers/adc/adc_sam_l_c/adc_callback.o
adc_instance        0x20              src/ASF/common2/services/delay/example/delay_example.o

Discarded input sections

 .text          0x00000000        0x0 c:/program files (x86)/atmel/studio/7.0/toolchain/arm/arm-gnu-toolchain/bin/../lib/gcc/arm-none-eabi/6.3.1/thumb/v6-m/crti.o
 .data          0x00000000        0x0 c:/program files (x86)/atmel/studio/7.0/toolchain/arm/arm-gnu-toolchain/bin/../lib/gcc/arm-none-eabi/6.3.1/thumb/v6-m/crti.o
 .bss           0x00000000        0x0 c:/program files (x86)/atmel/studio/7.0/toolchain/arm/arm-gnu-toolchain/bin/../lib/gcc/arm-none-eabi/6.3.1/thumb/v6-m/crti.o
 .data          0x00000000        0x4 c:/program files (x86)/atmel/studio/7.0/toolchain/arm/arm-gnu-toolchain/bin/../lib/gcc/arm-none-eabi/6.3.1/thumb/v6-m/crtbegin.o
 .text          0x00000000       0x78 c:/program files (x86)/atmel/studio/7.0/toolchain/arm/arm-gnu-toolchain/bin/../lib/gcc/arm-none-eabi/6.3.1/../../../../arm-none-eabi/lib/thumb/v6-m/crt0.o
 .data          0x00000000        0x0 c:/program files (x86)/atmel/studio/7.0/toolchain/arm/arm-gnu-toolchain/bin/../lib/gcc/arm-none-eabi/6.3.1/../../../../arm-none-eabi/lib/thumb/v6-m/crt0.o
 .bss           0x00000000        0x0 c:/program files (x86)/atmel/studio/7.0/toolchain/arm/arm-gnu-toolchain/bin/../lib/gcc/arm-none-eabi/6.3.1/../../../../arm-none-eabi/lib/thumb/v6-m/crt0.o
 .ARM.extab     0x00000000        0x0 c:/program files (x86)/atmel/studio/7.0/toolchain/arm/arm-gnu-toolchain/bin/../lib/gcc/arm-none-eabi/6.3.1/../../../../arm-none-eabi/lib/thumb/v6-m/crt0.o
 .ARM.exidx     0x00000000        0x8 c:/program files (x86)/atmel/studio/7.0/toolchain/arm/arm-gnu-toolchain/bin/../lib/gcc/arm-none-eabi/6.3.1/../../../../arm-none-eabi/lib/thumb/v6-m/crt0.o
 .ARM.attributes
                0x00000000       0x1b c:/program files (x86)/atmel/studio/7.0/toolchain/arm/arm-gnu-toolchain/bin/../lib/gcc/arm-none-eabi/6.3.1/../../../../arm-none-eabi/lib/thumb/v6-m/crt0.o
 .group         0x00000000        0x8 src/ASF/sam0/drivers/adc/adc_sam_l_c/adc.o
 .group         0x00000000        0x8 src/ASF/sam0/drivers/adc/adc_sam_l_c/adc.o
 .group         0x00000000        0x8 src/ASF/sam0/drivers/adc/adc_sam_l_c/adc.o
 .group         0x00000000        0x8 src/ASF/sam0/drivers/adc/adc_sam_l_c/adc.o
 .group         0x00000000        0x8 src/ASF/sam0/drivers/adc/adc_sam_l_c/adc.o
 .group         0x00000000        0x8 src/ASF/sam0/drivers/adc/adc_sam_l_c/adc.o
[...]
Memory Configuration

Name             Origin             Length             Attributes
rom              0x00000000         0x00040000         xr
ram              0x20000000         0x00008000         xrw
*default*        0x00000000         0xffffffff

Linker script and memory map

LOAD c:/program files (x86)/atmel/studio/7.0/toolchain/arm/arm-gnu-toolchain/bin/../lib/gcc/arm-none-eabi/6.3.1/thumb/v6-m/crti.o
LOAD c:/program files (x86)/atmel/studio/7.0/toolchain/arm/arm-gnu-toolchain/bin/../lib/gcc/arm-none-eabi/6.3.1/thumb/v6-m/crtbegin.o
LOAD c:/program files (x86)/atmel/studio/7.0/toolchain/arm/arm-gnu-toolchain/bin/../lib/gcc/arm-none-eabi/6.3.1/../../../../arm-none-eabi/lib/thumb/v6-m/crt0.o
LOAD src/ASF/sam0/drivers/adc/adc_sam_l_c/adc.o
LOAD src/ASF/sam0/drivers/adc/adc_sam_l_c/adc_callback.o
LOAD src/ASF/sam0/drivers/extint/extint_sam_l_c/extint.o
LOAD src/ASF/sam0/drivers/tcc/tcc.o
LOAD src/ASF/common2/services/delay/example/delay_example.o
LOAD src/ASF/common2/services/delay/sam0/systick_counter.o
LOAD src/ASF/common/utils/interrupt/interrupt_sam_nvic.o
LOAD src/ASF/sam0/boards/samc21_xplained_pro/board_init.o
LOAD src/ASF/sam0/drivers/port/port.o
LOAD src/ASF/sam0/drivers/system/clock/clock_samc20_c21/clock.o
LOAD src/ASF/sam0/drivers/system/clock/clock_samc20_c21/gclk.o
LOAD src/ASF/sam0/drivers/system/interrupt/system_interrupt.o
LOAD src/ASF/sam0/drivers/system/pinmux/pinmux.o
LOAD src/ASF/sam0/drivers/system/system.o
LOAD src/ASF/sam0/utils/cmsis/samc21/source/gcc/startup_samc21.o
LOAD src/ASF/sam0/utils/cmsis/samc21/source/system_samc21.o
LOAD src/ASF/sam0/utils/syscalls/gcc/syscalls.o
START GROUP
LOAD ../src/ASF/thirdparty/CMSIS/Lib/GCC\libarm_cortexM0l_math.a
LOAD c:/program files (x86)/atmel/studio/7.0/toolchain/arm/arm-gnu-toolchain/bin/../lib/gcc/arm-none-eabi/6.3.1/../../../../arm-none-eabi/lib/thumb/v6-m\libm.a
END GROUP
START GROUP
LOAD c:/program files (x86)/atmel/studio/7.0/toolchain/arm/arm-gnu-toolchain/bin/../lib/gcc/arm-none-eabi/6.3.1/thumb/v6-m\libgcc.a
LOAD c:/program files (x86)/atmel/studio/7.0/toolchain/arm/arm-gnu-toolchain/bin/../lib/gcc/arm-none-eabi/6.3.1/../../../../arm-none-eabi/lib/thumb/v6-m\libc_nano.a
END GROUP
START GROUP
LOAD c:/program files (x86)/atmel/studio/7.0/toolchain/arm/arm-gnu-toolchain/bin/../lib/gcc/arm-none-eabi/6.3.1/thumb/v6-m\libgcc.a
LOAD c:/program files (x86)/atmel/studio/7.0/toolchain/arm/arm-gnu-toolchain/bin/../lib/gcc/arm-none-eabi/6.3.1/../../../../arm-none-eabi/lib/thumb/v6-m\libc_nano.a
END GROUP
LOAD c:/program files (x86)/atmel/studio/7.0/toolchain/arm/arm-gnu-toolchain/bin/../lib/gcc/arm-none-eabi/6.3.1/thumb/v6-m/crtend.o
LOAD c:/program files (x86)/atmel/studio/7.0/toolchain/arm/arm-gnu-toolchain/bin/../lib/gcc/arm-none-eabi/6.3.1/thumb/v6-m/crtn.o
                0x00002000                STACK_SIZE = DEFINED (STACK_SIZE)?STACK_SIZE:DEFINED (__stack_size__)?__stack_size__:0x2000

.text           0x00000000     0x1a48
                0x00000000                . = ALIGN (0x4)
                0x00000000                _sfixed = .
 *(.vectors .vectors.*)
 .vectors       0x00000000       0xbc src/ASF/sam0/utils/cmsis/samc21/source/gcc/startup_samc21.o
                0x00000000                exception_table
 *(.text .text.* .gnu.linkonce.t.*)
 .text          0x000000bc       0x60 c:/program files (x86)/atmel/studio/7.0/toolchain/arm/arm-gnu-toolchain/bin/../lib/gcc/arm-none-eabi/6.3.1/thumb/v6-m/crtbegin.o
 .text._adc_get_inst_index
                0x0000011c       0x24 src/ASF/sam0/drivers/adc/adc_sam_l_c/adc.o
                0x0000011c                _adc_get_inst_index
 .text.adc_get_config_defaults
                0x00000140       0x44 src/ASF/sam0/drivers/adc/adc_sam_l_c/adc.o
                0x00000140                adc_get_config_defaults
 .text.adc_init
                0x00000184      0x4f8 src/ASF/sam0/drivers/adc/adc_sam_l_c/adc.o
                0x00000184                adc_init
 .text._adc_interrupt_handler
                0x0000067c       0xc4 src/ASF/sam0/drivers/adc/adc_sam_l_c/adc_callback.o
 .text.ADC0_Handler
                0x00000740       0x10 src/ASF/sam0/drivers/adc/adc_sam_l_c/adc_callback.o
                0x00000740                ADC0_Handler
 .text.ADC1_Handler
                0x00000750       0x10 src/ASF/sam0/drivers/adc/adc_sam_l_c/adc_callback.o
                0x00000750                ADC1_Handler
 .text._extint_enable
                0x00000760       0x20 src/ASF/sam0/drivers/extint/extint_sam_l_c/extint.o
 .text._extint_disable
                0x00000780       0x20 src/ASF/sam0/drivers/extint/extint_sam_l_c/extint.o
 .text._system_extint_init
                0x000007a0       0x64 src/ASF/sam0/drivers/extint/extint_sam_l_c/extint.o
                0x000007a0                _system_extint_init
 .text.extint_chan_get_config_defaults
                0x00000804       0x14 src/ASF/sam0/drivers/extint/extint_sam_l_c/extint.o
                0x00000804                extint_chan_get_config_defaults
 .text.extint_chan_set_config
                0x00000818       0x8c src/ASF/sam0/drivers/extint/extint_sam_l_c/extint.o
                0x00000818                extint_chan_set_config
 .text._tcc_get_inst_index
                0x000008a4       0x34 src/ASF/sam0/drivers/tcc/tcc.o
                0x000008a4                _tcc_get_inst_index
 .text._tcc_set_compare_value
                0x000008d8       0x5c src/ASF/sam0/drivers/tcc/tcc.o
 .text.tcc_get_config_defaults
                0x00000934      0x14c src/ASF/sam0/drivers/tcc/tcc.o
                0x00000934                tcc_get_config_defaults
 .text.tcc_init
                0x00000a80      0x3c4 src/ASF/sam0/drivers/tcc/tcc.o
                0x00000a80                tcc_init
 .text.tcc_set_compare_value
                0x00000e44       0x10 src/ASF/sam0/drivers/tcc/tcc.o
                0x00000e44                tcc_set_compare_value
 .text.main     0x00000e54      0x30c src/ASF/common2/services/delay/example/delay_example.o
                0x00000e54                main
 .text.delay_init
                0x00001160       0x40 src/ASF/common2/services/delay/sam0/systick_counter.o
                0x00001160                delay_init
 .text.delay_cycles_us
                0x000011a0       0x2c src/ASF/common2/services/delay/sam0/systick_counter.o
                0x000011a0                delay_cycles_us
 .text.delay_cycles_ms
                0x000011cc       0x2c src/ASF/common2/services/delay/sam0/systick_counter.o
                0x000011cc                delay_cycles_ms
 .text.cpu_irq_enter_critical
                0x000011f8       0x40 src/ASF/common/utils/interrupt/interrupt_sam_nvic.o
                0x000011f8                cpu_irq_enter_critical
 .text.cpu_irq_leave_critical
                0x00001238       0x30 src/ASF/common/utils/interrupt/interrupt_sam_nvic.o
                0x00001238                cpu_irq_leave_critical
 .text.system_board_init
                0x00001268       0x34 src/ASF/sam0/boards/samc21_xplained_pro/board_init.o
                0x00001268                board_init
                0x00001268                system_board_init
 .text.port_pin_set_config
                0x0000129c       0x24 src/ASF/sam0/drivers/port/port.o
                0x0000129c                port_pin_set_config
 .text.system_clock_source_get_hz
                0x000012c0       0x5c src/ASF/sam0/drivers/system/clock/clock_samc20_c21/clock.o
                0x000012c0                system_clock_source_get_hz
 .text.system_clock_init
                0x0000131c       0x64 src/ASF/sam0/drivers/system/clock/clock_samc20_c21/clock.o
                0x0000131c                system_clock_init
 .text.system_gclk_init
                0x00001380       0x24 src/ASF/sam0/drivers/system/clock/clock_samc20_c21/gclk.o
                0x00001380                system_gclk_init
 .text.system_gclk_gen_set_config
                0x000013a4       0xac src/ASF/sam0/drivers/system/clock/clock_samc20_c21/gclk.o
                0x000013a4                system_gclk_gen_set_config
 .text.system_gclk_gen_enable
                0x00001450       0x40 src/ASF/sam0/drivers/system/clock/clock_samc20_c21/gclk.o
                0x00001450                system_gclk_gen_enable
 .text.system_gclk_gen_get_hz
                0x00001490       0x6c src/ASF/sam0/drivers/system/clock/clock_samc20_c21/gclk.o
                0x00001490                system_gclk_gen_get_hz
 .text.system_gclk_chan_enable
                0x000014fc       0x38 src/ASF/sam0/drivers/system/clock/clock_samc20_c21/gclk.o
                0x000014fc                system_gclk_chan_enable
 .text.system_gclk_chan_disable
                0x00001534       0x38 src/ASF/sam0/drivers/system/clock/clock_samc20_c21/gclk.o
                0x00001534                system_gclk_chan_disable
 .text.system_gclk_chan_set_config
                0x0000156c       0x24 src/ASF/sam0/drivers/system/clock/clock_samc20_c21/gclk.o
                0x0000156c                system_gclk_chan_set_config
 .text._system_pinmux_config
                0x00001590       0xa8 src/ASF/sam0/drivers/system/pinmux/pinmux.o
 .text.system_pinmux_pin_set_config
                0x00001638       0x2c src/ASF/sam0/drivers/system/pinmux/pinmux.o
                0x00001638                system_pinmux_pin_set_config
 .text._system_dummy_init
                0x00001664        0x2 src/ASF/sam0/drivers/system/system.o
                0x00001664                _system_events_init
                0x00001664                _system_dummy_init
                0x00001664                _system_divas_init
 *fill*         0x00001666        0x2 
 .text.system_init
                0x00001668       0x2c src/ASF/sam0/drivers/system/system.o
                0x00001668                system_init
 .text.Dummy_Handler
                0x00001694        0x2 src/ASF/sam0/utils/cmsis/samc21/source/gcc/startup_samc21.o
                0x00001694                DMAC_Handler
                0x00001694                HardFault_Handler
                0x00001694                TC2_Handler
                0x00001694                AC_Handler
                0x00001694                SysTick_Handler
                0x00001694                PendSV_Handler
                0x00001694                NMI_Handler
                0x00001694                SERCOM1_Handler
                0x00001694                TCC1_Handler
                0x00001694                SERCOM2_Handler
                0x00001694                TCC0_Handler
                0x00001694                RTC_Handler
                0x00001694                EIC_Handler
                0x00001694                WDT_Handler
                0x00001694                CAN0_Handler
                0x00001694                TC4_Handler
                0x00001694                TC1_Handler
                0x00001694                TC3_Handler
                0x00001694                SDADC_Handler
                0x00001694                Dummy_Handler
                0x00001694                SERCOM5_Handler
                0x00001694                CAN1_Handler
                0x00001694                TSENS_Handler
                0x00001694                SVC_Handler
                0x00001694                TCC2_Handler
                0x00001694                EVSYS_Handler
                0x00001694                SERCOM3_Handler
                0x00001694                SERCOM4_Handler
                0x00001694                NVMCTRL_Handler
                0x00001694                SYSTEM_Handler
                0x00001694                SERCOM0_Handler
                0x00001694                DAC_Handler
                0x00001694                PTC_Handler
                0x00001694                FREQM_Handler
                0x00001694                TC0_Handler
 *fill*         0x00001696        0x2 
 .text.Reset_Handler
                0x00001698       0x88 src/ASF/sam0/utils/cmsis/samc21/source/gcc/startup_samc21.o
                0x00001698                Reset_Handler
 .text          0x00001720      0x114 c:/program files (x86)/atmel/studio/7.0/toolchain/arm/arm-gnu-toolchain/bin/../lib/gcc/arm-none-eabi/6.3.1/thumb/v6-m\libgcc.a(_udivsi3.o)
                0x00001720                __aeabi_uidiv
                0x00001720                __udivsi3
                0x0000182c                __aeabi_uidivmod
 .text          0x00001834        0x4 c:/program files (x86)/atmel/studio/7.0/toolchain/arm/arm-gnu-toolchain/bin/../lib/gcc/arm-none-eabi/6.3.1/thumb/v6-m\libgcc.a(_dvmd_tls.o)
                0x00001834                __aeabi_idiv0
                0x00001834                __aeabi_ldiv0
 .text.__libc_init_array
                0x00001838       0x48 c:/program files (x86)/atmel/studio/7.0/toolchain/arm/arm-gnu-toolchain/bin/../lib/gcc/arm-none-eabi/6.3.1/../../../../arm-none-eabi/lib/thumb/v6-m\libc_nano.a(lib_a-init.o)
                0x00001838                __libc_init_array
 *(.glue_7t)
 .glue_7t       0x00001880        0x0 linker stubs
 *(.glue_7)
 .glue_7        0x00001880        0x0 linker stubs
 *(.rodata .rodata* .gnu.linkonce.r.*)
 .rodata.adc_init
                0x00001880       0xd4 src/ASF/sam0/drivers/adc/adc_sam_l_c/adc.o
 .rodata        0x00001954       0x60 src/ASF/sam0/drivers/adc/adc_sam_l_c/adc.o
 .rodata._adc_apbcmasks
                0x000019b4        0x8 src/ASF/sam0/drivers/adc/adc_sam_l_c/adc.o
                0x000019b4                _adc_apbcmasks
 .rodata._adc_biascomp_addr
                0x000019bc        0x8 src/ASF/sam0/drivers/adc/adc_sam_l_c/adc.o
                0x000019bc                _adc_biascomp_addr
 .rodata._adc_biascomp_pos
                0x000019c4        0x2 src/ASF/sam0/drivers/adc/adc_sam_l_c/adc.o
                0x000019c4                _adc_biascomp_pos
 *fill*         0x000019c6        0x2 
 .rodata._adc_biasrefbuf_addr
                0x000019c8        0x8 src/ASF/sam0/drivers/adc/adc_sam_l_c/adc.o
                0x000019c8                _adc_biasrefbuf_addr
 .rodata._adc_biasrefbuf_pos
                0x000019d0        0x2 src/ASF/sam0/drivers/adc/adc_sam_l_c/adc.o
                0x000019d0                _adc_biasrefbuf_pos
 *fill*         0x000019d2        0x2 
 .rodata._adc_extchannel_msb
                0x000019d4        0x8 src/ASF/sam0/drivers/adc/adc_sam_l_c/adc.o
                0x000019d4                _adc_extchannel_msb
 .rodata._adc_gclk_ids
                0x000019dc        0x2 src/ASF/sam0/drivers/adc/adc_sam_l_c/adc.o
                0x000019dc                _adc_gclk_ids
 *fill*         0x000019de        0x2 
 .rodata._tcc_apbcmasks
                0x000019e0        0xc src/ASF/sam0/drivers/tcc/tcc.o
                0x000019e0                _tcc_apbcmasks
 .rodata._tcc_cc_nums
                0x000019ec        0x3 src/ASF/sam0/drivers/tcc/tcc.o
                0x000019ec                _tcc_cc_nums
 *fill*         0x000019ef        0x1 
 .rodata._tcc_gclk_ids
                0x000019f0        0x3 src/ASF/sam0/drivers/tcc/tcc.o
                0x000019f0                _tcc_gclk_ids
 *fill*         0x000019f3        0x1 
 .rodata._tcc_maxs
                0x000019f4        0xc src/ASF/sam0/drivers/tcc/tcc.o
                0x000019f4                _tcc_maxs
 .rodata._tcc_ow_nums
                0x00001a00        0x3 src/ASF/sam0/drivers/tcc/tcc.o
                0x00001a00                _tcc_ow_nums
 *fill*         0x00001a03        0x1 
 .rodata.adc_interrupt_vectors.13810
                0x00001a04        0x2 src/ASF/common2/services/delay/example/delay_example.o
 *fill*         0x00001a06        0x2 
 .rodata.system_clock_source_get_hz
                0x00001a08       0x20 src/ASF/sam0/drivers/system/clock/clock_samc20_c21/clock.o
 *(.ARM.extab* .gnu.linkonce.armextab.*)
                0x00001a28                . = ALIGN (0x4)
 *(.init)
 .init          0x00001a28        0x4 c:/program files (x86)/atmel/studio/7.0/toolchain/arm/arm-gnu-toolchain/bin/../lib/gcc/arm-none-eabi/6.3.1/thumb/v6-m/crti.o
                0x00001a28                _init
 .init          0x00001a2c        0x8 c:/program files (x86)/atmel/studio/7.0/toolchain/arm/arm-gnu-toolchain/bin/../lib/gcc/arm-none-eabi/6.3.1/thumb/v6-m/crtn.o
                0x00001a34                . = ALIGN (0x4)
                0x00001a34                __preinit_array_start = .
 *(.preinit_array)
                0x00001a34                __preinit_array_end = .
                0x00001a34                . = ALIGN (0x4)
                0x00001a34                __init_array_start = .
 *(SORT(.init_array.*))
 *(.init_array)
 .init_array    0x00001a34        0x4 c:/program files (x86)/atmel/studio/7.0/toolchain/arm/arm-gnu-toolchain/bin/../lib/gcc/arm-none-eabi/6.3.1/thumb/v6-m/crtbegin.o
                0x00001a38                __init_array_end = .
                0x00001a38                . = ALIGN (0x4)
 *crtbegin.o(.ctors)
 *(EXCLUDE_FILE(*crtend.o) .ctors)
 *(SORT(.ctors.*))
 *crtend.o(.ctors)
                0x00001a38                . = ALIGN (0x4)
 *(.fini)
 .fini          0x00001a38        0x4 c:/program files (x86)/atmel/studio/7.0/toolchain/arm/arm-gnu-toolchain/bin/../lib/gcc/arm-none-eabi/6.3.1/thumb/v6-m/crti.o
                0x00001a38                _fini
 .fini          0x00001a3c        0x8 c:/program files (x86)/atmel/studio/7.0/toolchain/arm/arm-gnu-toolchain/bin/../lib/gcc/arm-none-eabi/6.3.1/thumb/v6-m/crtn.o
                0x00001a44                . = ALIGN (0x4)
                0x00001a44                __fini_array_start = .
 *(.fini_array)
 .fini_array    0x00001a44        0x4 c:/program files (x86)/atmel/studio/7.0/toolchain/arm/arm-gnu-toolchain/bin/../lib/gcc/arm-none-eabi/6.3.1/thumb/v6-m/crtbegin.o
 *(SORT(.fini_array.*))
                0x00001a48                __fini_array_end = .
 *crtbegin.o(.dtors)
 *(EXCLUDE_FILE(*crtend.o) .dtors)
 *(SORT(.dtors.*))
 *crtend.o(.dtors)
                0x00001a48                . = ALIGN (0x4)
                0x00001a48                _efixed = .
                [!provide]                PROVIDE (__exidx_start, .)

.vfp11_veneer   0x00001a48        0x0
 .vfp11_veneer  0x00001a48        0x0 linker stubs

.v4_bx          0x00001a48        0x0
 .v4_bx         0x00001a48        0x0 linker stubs

.iplt           0x00001a48        0x0
 .iplt          0x00001a48        0x0 c:/program files (x86)/atmel/studio/7.0/toolchain/arm/arm-gnu-toolchain/bin/../lib/gcc/arm-none-eabi/6.3.1/thumb/v6-m/crtbegin.o

.eh_frame       0x00001a48        0x0
 .eh_frame      0x00001a48        0x0 c:/program files (x86)/atmel/studio/7.0/toolchain/arm/arm-gnu-toolchain/bin/../lib/gcc/arm-none-eabi/6.3.1/thumb/v6-m/crtbegin.o

.rel.dyn        0x00001a48        0x0
 .rel.iplt      0x00001a48        0x0 c:/program files (x86)/atmel/studio/7.0/toolchain/arm/arm-gnu-toolchain/bin/../lib/gcc/arm-none-eabi/6.3.1/thumb/v6-m/crtbegin.o

.jcr            0x00001a48        0x0
 .jcr           0x00001a48        0x0 c:/program files (x86)/atmel/studio/7.0/toolchain/arm/arm-gnu-toolchain/bin/../lib/gcc/arm-none-eabi/6.3.1/thumb/v6-m/crtbegin.o

.igot.plt       0x00001a48        0x0
 .igot.plt      0x00001a48        0x0 c:/program files (x86)/atmel/studio/7.0/toolchain/arm/arm-gnu-toolchain/bin/../lib/gcc/arm-none-eabi/6.3.1/thumb/v6-m/crtbegin.o

.ARM.exidx
 *(.ARM.exidx* .gnu.linkonce.armexidx.*)
                [!provide]                PROVIDE (__exidx_end, .)
                0x00001a48                . = ALIGN (0x4)
                0x00001a48                _etext = .

.relocate       0x20000000        0xc load address 0x00001a48
                0x20000000                . = ALIGN (0x4)
                0x20000000                _srelocate = .
 *(.ramfunc .ramfunc.*)
 *(.data .data.*)
 .data.cycles_per_ms
                0x20000000        0x4 src/ASF/common2/services/delay/sam0/systick_counter.o
 .data.cycles_per_us
                0x20000004        0x4 src/ASF/common2/services/delay/sam0/systick_counter.o
 .data.g_interrupt_enabled
                0x20000008        0x1 src/ASF/common/utils/interrupt/interrupt_sam_nvic.o
                0x20000008                g_interrupt_enabled
                0x2000000c                . = ALIGN (0x4)
 *fill*         0x20000009        0x3 
                0x2000000c                _erelocate = .

.bss            0x2000000c       0x60 load address 0x00001a54
                0x2000000c                . = ALIGN (0x4)
                0x2000000c                _sbss = .
                0x2000000c                _szero = .
 *(.bss .bss.*)
 .bss           0x2000000c       0x1c c:/program files (x86)/atmel/studio/7.0/toolchain/arm/arm-gnu-toolchain/bin/../lib/gcc/arm-none-eabi/6.3.1/thumb/v6-m/crtbegin.o
 .bss.cpu_irq_critical_section_counter
                0x20000028        0x4 src/ASF/common/utils/interrupt/interrupt_sam_nvic.o
 .bss.cpu_irq_prev_interrupt_state
                0x2000002c        0x1 src/ASF/common/utils/interrupt/interrupt_sam_nvic.o
 *fill*         0x2000002d        0x3 
 .bss._system_clock_inst
                0x20000030        0xc src/ASF/sam0/drivers/system/clock/clock_samc20_c21/clock.o
 *(COMMON)
 COMMON         0x2000003c        0x8 src/ASF/sam0/drivers/adc/adc_sam_l_c/adc_callback.o
                0x2000003c                _adc_instances
 COMMON         0x20000044       0x28 src/ASF/common2/services/delay/example/delay_example.o
                0x20000044                tcc_instance
                0x2000004c                adc_instance
                0x2000006c                . = ALIGN (0x4)
                0x2000006c                _ebss = .
                0x2000006c                _ezero = .

.stack          0x2000006c     0x2004 load address 0x00001ab4
                0x20000070                . = ALIGN (0x8)
 *fill*         0x2000006c        0x4 
                0x20000070                _sstack = .
                0x20002070                . = (. + STACK_SIZE)
 *fill*         0x20000070     0x2000 
                0x20002070                . = ALIGN (0x8)
                0x20002070                _estack = .
                0x20002070                . = ALIGN (0x4)
                0x20002070                _end = .
OUTPUT(DELAY_EXAMPLE2.elf elf32-littlearm)

.ARM.attributes
                0x00000000       0x28
 .ARM.attributes
                0x00000000       0x1e c:/program files (x86)/atmel/studio/7.0/toolchain/arm/arm-gnu-toolchain/bin/../lib/gcc/arm-none-eabi/6.3.1/thumb/v6-m/crti.o
 .ARM.attributes
                0x0000001e       0x2c c:/program files (x86)/atmel/studio/7.0/toolchain/arm/arm-gnu-toolchain/bin/../lib/gcc/arm-none-eabi/6.3.1/thumb/v6-m/crtbegin.o
 .ARM.attributes
                0x0000004a       0x32 src/ASF/sam0/drivers/adc/adc_sam_l_c/adc.o
 .ARM.attributes
                0x0000007c       0x32 src/ASF/sam0/drivers/adc/adc_sam_l_c/adc_callback.o
 .ARM.attributes
                0x000000ae       0x32 src/ASF/sam0/drivers/extint/extint_sam_l_c/extint.o
 .ARM.attributes
                0x000000e0       0x32 src/ASF/sam0/drivers/tcc/tcc.o
 .ARM.attributes
                0x00000112       0x32 src/ASF/common2/services/delay/example/delay_example.o
 .ARM.attributes
                0x00000144       0x32 src/ASF/common2/services/delay/sam0/systick_counter.o
 .ARM.attributes
                0x00000176       0x32 src/ASF/common/utils/interrupt/interrupt_sam_nvic.o
 .ARM.attributes
                0x000001a8       0x32 src/ASF/sam0/boards/samc21_xplained_pro/board_init.o
 .ARM.attributes
                0x000001da       0x32 src/ASF/sam0/drivers/port/port.o
 .ARM.attributes
                0x0000020c       0x32 src/ASF/sam0/drivers/system/clock/clock_samc20_c21/clock.o
 .ARM.attributes
                0x0000023e       0x32 src/ASF/sam0/drivers/system/clock/clock_samc20_c21/gclk.o
 .ARM.attributes
                0x00000270       0x32 src/ASF/sam0/drivers/system/pinmux/pinmux.o
 .ARM.attributes
                0x000002a2       0x32 src/ASF/sam0/drivers/system/system.o
 .ARM.attributes
                0x000002d4       0x32 src/ASF/sam0/utils/cmsis/samc21/source/gcc/startup_samc21.o
 .ARM.attributes
                0x00000306       0x1e c:/program files (x86)/atmel/studio/7.0/toolchain/arm/arm-gnu-toolchain/bin/../lib/gcc/arm-none-eabi/6.3.1/thumb/v6-m\libgcc.a(_udivsi3.o)
 .ARM.attributes
                0x00000324       0x1e c:/program files (x86)/atmel/studio/7.0/toolchain/arm/arm-gnu-toolchain/bin/../lib/gcc/arm-none-eabi/6.3.1/thumb/v6-m\libgcc.a(_dvmd_tls.o)
 .ARM.attributes
                0x00000342       0x2c c:/program files (x86)/atmel/studio/7.0/toolchain/arm/arm-gnu-toolchain/bin/../lib/gcc/arm-none-eabi/6.3.1/../../../../arm-none-eabi/lib/thumb/v6-m\libc_nano.a(lib_a-init.o)
 .ARM.attributes
                0x0000036e       0x1e c:/program files (x86)/atmel/studio/7.0/toolchain/arm/arm-gnu-toolchain/bin/../lib/gcc/arm-none-eabi/6.3.1/thumb/v6-m/crtn.o

.comment        0x00000000       0x59
 .comment       0x00000000       0x59 src/ASF/sam0/drivers/adc/adc_sam_l_c/adc.o
                                 0x5a (size before relaxing)
 .comment       0x00000059       0x5a src/ASF/sam0/drivers/adc/adc_sam_l_c/adc_callback.o
 .comment       0x00000059       0x5a src/ASF/sam0/drivers/extint/extint_sam_l_c/extint.o
 .comment       0x00000059       0x5a src/ASF/sam0/drivers/tcc/tcc.o
 .comment       0x00000059       0x5a src/ASF/common2/services/delay/example/delay_example.o
 .comment       0x00000059       0x5a src/ASF/common2/services/delay/sam0/systick_counter.o
 .comment       0x00000059       0x5a src/ASF/common/utils/interrupt/interrupt_sam_nvic.o
 .comment       0x00000059       0x5a src/ASF/sam0/boards/samc21_xplained_pro/board_init.o
 .comment       0x00000059       0x5a src/ASF/sam0/drivers/port/port.o
 .comment       0x00000059       0x5a src/ASF/sam0/drivers/system/clock/clock_samc20_c21/clock.o
 .comment       0x00000059       0x5a src/ASF/sam0/drivers/system/clock/clock_samc20_c21/gclk.o
 .comment       0x00000059       0x5a src/ASF/sam0/drivers/system/pinmux/pinmux.o
 .comment       0x00000059       0x5a src/ASF/sam0/drivers/system/system.o
 .comment       0x00000059       0x5a src/ASF/sam0/utils/cmsis/samc21/source/gcc/startup_samc21.o

.debug_info     0x00000000    0x1bece
 .debug_info    0x00000000     0x339a src/ASF/sam0/drivers/adc/adc_sam_l_c/adc.o
 .debug_info    0x0000339a     0x1d90 src/ASF/sam0/drivers/adc/adc_sam_l_c/adc_callback.o
 .debug_info    0x0000512a     0x213f src/ASF/sam0/drivers/extint/extint_sam_l_c/extint.o
 .debug_info    0x00007269     0x46fe src/ASF/sam0/drivers/tcc/tcc.o
 .debug_info    0x0000b967     0x52b7 src/ASF/common2/services/delay/example/delay_example.o
 .debug_info    0x00010c1e      0xb8d src/ASF/common2/services/delay/sam0/systick_counter.o
 .debug_info    0x000117ab      0xb07 src/ASF/common/utils/interrupt/interrupt_sam_nvic.o
 .debug_info    0x000122b2     0x124a src/ASF/sam0/boards/samc21_xplained_pro/board_init.o
 .debug_info    0x000134fc     0x1254 src/ASF/sam0/drivers/port/port.o
 .debug_info    0x00014750     0x381a src/ASF/sam0/drivers/system/clock/clock_samc20_c21/clock.o
 .debug_info    0x00017f6a     0x1c3d src/ASF/sam0/drivers/system/clock/clock_samc20_c21/gclk.o
 .debug_info    0x00019ba7     0x1391 src/ASF/sam0/drivers/system/pinmux/pinmux.o
 .debug_info    0x0001af38      0xa73 src/ASF/sam0/drivers/system/system.o
 .debug_info    0x0001b9ab      0x523 src/ASF/sam0/utils/cmsis/samc21/source/gcc/startup_samc21.o

.debug_abbrev   0x00000000     0x2db9
 .debug_abbrev  0x00000000      0x4a1 src/ASF/sam0/drivers/adc/adc_sam_l_c/adc.o
 .debug_abbrev  0x000004a1      0x3cc src/ASF/sam0/drivers/adc/adc_sam_l_c/adc_callback.o
 .debug_abbrev  0x0000086d      0x46f src/ASF/sam0/drivers/extint/extint_sam_l_c/extint.o
 .debug_abbrev  0x00000cdc      0x470 src/ASF/sam0/drivers/tcc/tcc.o
 .debug_abbrev  0x0000114c      0x43a src/ASF/common2/services/delay/example/delay_example.o
 .debug_abbrev  0x00001586      0x24b src/ASF/common2/services/delay/sam0/systick_counter.o
 .debug_abbrev  0x000017d1      0x22c src/ASF/common/utils/interrupt/interrupt_sam_nvic.o
 .debug_abbrev  0x000019fd      0x2c7 src/ASF/sam0/boards/samc21_xplained_pro/board_init.o
 .debug_abbrev  0x00001cc4      0x283 src/ASF/sam0/drivers/port/port.o
 .debug_abbrev  0x00001f47      0x3f1 src/ASF/sam0/drivers/system/clock/clock_samc20_c21/clock.o
 .debug_abbrev  0x00002338      0x405 src/ASF/sam0/drivers/system/clock/clock_samc20_c21/gclk.o
 .debug_abbrev  0x0000273d      0x34c src/ASF/sam0/drivers/system/pinmux/pinmux.o
 .debug_abbrev  0x00002a89      0x1e1 src/ASF/sam0/drivers/system/system.o
 .debug_abbrev  0x00002c6a      0x14f src/ASF/sam0/utils/cmsis/samc21/source/gcc/startup_samc21.o

.debug_loc      0x00000000     0x45f0
 .debug_loc     0x00000000      0x9df src/ASF/sam0/drivers/adc/adc_sam_l_c/adc.o
 .debug_loc     0x000009df      0x33e src/ASF/sam0/drivers/adc/adc_sam_l_c/adc_callback.o
 .debug_loc     0x00000d1d      0x4a2 src/ASF/sam0/drivers/extint/extint_sam_l_c/extint.o
 .debug_loc     0x000011bf     0x16b4 src/ASF/sam0/drivers/tcc/tcc.o
 .debug_loc     0x00002873      0x4bf src/ASF/common2/services/delay/example/delay_example.o
 .debug_loc     0x00002d32       0xe4 src/ASF/common2/services/delay/sam0/systick_counter.o
 .debug_loc     0x00002e16       0x8a src/ASF/sam0/boards/samc21_xplained_pro/board_init.o
 .debug_loc     0x00002ea0      0x13d src/ASF/sam0/drivers/port/port.o
 .debug_loc     0x00002fdd      0xd69 src/ASF/sam0/drivers/system/clock/clock_samc20_c21/clock.o
 .debug_loc     0x00003d46      0x4dd src/ASF/sam0/drivers/system/clock/clock_samc20_c21/gclk.o
 .debug_loc     0x00004223      0x36d src/ASF/sam0/drivers/system/pinmux/pinmux.o
 .debug_loc     0x00004590       0x20 src/ASF/sam0/drivers/system/system.o
 .debug_loc     0x000045b0       0x40 src/ASF/sam0/utils/cmsis/samc21/source/gcc/startup_samc21.o

.debug_aranges  0x00000000      0x3e0
 .debug_aranges
                0x00000000       0x38 src/ASF/sam0/drivers/adc/adc_sam_l_c/adc.o
 .debug_aranges
                0x00000038       0x58 src/ASF/sam0/drivers/adc/adc_sam_l_c/adc_callback.o
 .debug_aranges
                0x00000090       0x58 src/ASF/sam0/drivers/extint/extint_sam_l_c/extint.o
 .debug_aranges
                0x000000e8       0xb0 src/ASF/sam0/drivers/tcc/tcc.o
 .debug_aranges
                0x00000198       0x20 src/ASF/common2/services/delay/example/delay_example.o
 .debug_aranges
                0x000001b8       0x30 src/ASF/common2/services/delay/sam0/systick_counter.o
 .debug_aranges
                0x000001e8       0x28 src/ASF/common/utils/interrupt/interrupt_sam_nvic.o
 .debug_aranges
                0x00000210       0x20 src/ASF/sam0/boards/samc21_xplained_pro/board_init.o
 .debug_aranges
                0x00000230       0x28 src/ASF/sam0/drivers/port/port.o
 .debug_aranges
                0x00000258       0x78 src/ASF/sam0/drivers/system/clock/clock_samc20_c21/clock.o
 .debug_aranges
                0x000002d0       0x80 src/ASF/sam0/drivers/system/clock/clock_samc20_c21/gclk.o
 .debug_aranges
                0x00000350       0x40 src/ASF/sam0/drivers/system/pinmux/pinmux.o
 .debug_aranges
                0x00000390       0x28 src/ASF/sam0/drivers/system/system.o
 .debug_aranges
                0x000003b8       0x28 src/ASF/sam0/utils/cmsis/samc21/source/gcc/startup_samc21.o

.debug_ranges   0x00000000      0x590
 .debug_ranges  0x00000000       0xe8 src/ASF/sam0/drivers/adc/adc_sam_l_c/adc.o
 .debug_ranges  0x000000e8       0x48 src/ASF/sam0/drivers/adc/adc_sam_l_c/adc_callback.o
 .debug_ranges  0x00000130       0x48 src/ASF/sam0/drivers/extint/extint_sam_l_c/extint.o
 .debug_ranges  0x00000178      0x188 src/ASF/sam0/drivers/tcc/tcc.o
 .debug_ranges  0x00000300       0xb0 src/ASF/common2/services/delay/example/delay_example.o
 .debug_ranges  0x000003b0       0x50 src/ASF/common2/services/delay/sam0/systick_counter.o
 .debug_ranges  0x00000400       0x18 src/ASF/common/utils/interrupt/interrupt_sam_nvic.o
 .debug_ranges  0x00000418       0x10 src/ASF/sam0/boards/samc21_xplained_pro/board_init.o
 .debug_ranges  0x00000428       0x18 src/ASF/sam0/drivers/port/port.o
 .debug_ranges  0x00000440       0x68 src/ASF/sam0/drivers/system/clock/clock_samc20_c21/clock.o
 .debug_ranges  0x000004a8       0x88 src/ASF/sam0/drivers/system/clock/clock_samc20_c21/gclk.o
 .debug_ranges  0x00000530       0x30 src/ASF/sam0/drivers/system/pinmux/pinmux.o
 .debug_ranges  0x00000560       0x18 src/ASF/sam0/drivers/system/system.o
 .debug_ranges  0x00000578       0x18 src/ASF/sam0/utils/cmsis/samc21/source/gcc/startup_samc21.o

.debug_macro    0x00000000    0x1e07f
 .debug_macro   0x00000000      0x6a6 src/ASF/sam0/drivers/adc/adc_sam_l_c/adc.o
 .debug_macro   0x000006a6      0x8c8 src/ASF/sam0/drivers/adc/adc_sam_l_c/adc.o
 .debug_macro   0x00000f6e      0x16d src/ASF/sam0/drivers/adc/adc_sam_l_c/adc.o
 .debug_macro   0x000010db      0x6d7 src/ASF/sam0/drivers/adc/adc_sam_l_c/adc.o
 .debug_macro   0x000017b2       0x22 src/ASF/sam0/drivers/adc/adc_sam_l_c/adc.o
 .debug_macro   0x000017d4       0x87 src/ASF/sam0/drivers/adc/adc_sam_l_c/adc.o
 .debug_macro   0x0000185b       0x51 src/ASF/sam0/drivers/adc/adc_sam_l_c/adc.o
 .debug_macro   0x000018ac       0xef src/ASF/sam0/drivers/adc/adc_sam_l_c/adc.o
 .debug_macro   0x0000199b       0x6a src/ASF/sam0/drivers/adc/adc_sam_l_c/adc.o
 .debug_macro   0x00001a05      0x1df src/ASF/sam0/drivers/adc/adc_sam_l_c/adc.o
 .debug_macro   0x00001be4       0x10 src/ASF/sam0/drivers/adc/adc_sam_l_c/adc.o
 .debug_macro   0x00001bf4       0x76 src/ASF/sam0/drivers/adc/adc_sam_l_c/adc.o
 .debug_macro   0x00001c6a       0x16 src/ASF/sam0/drivers/adc/adc_sam_l_c/adc.o
 .debug_macro   0x00001c80      0x6db src/ASF/sam0/drivers/adc/adc_sam_l_c/adc.o
 .debug_macro   0x0000235b      0xdd8 src/ASF/sam0/drivers/adc/adc_sam_l_c/adc.o
 .debug_macro   0x00003133       0x22 src/ASF/sam0/drivers/adc/adc_sam_l_c/adc.o
 .debug_macro   0x00003155       0x40 src/ASF/sam0/drivers/adc/adc_sam_l_c/adc.o
 .debug_macro   0x00003195       0x3a src/ASF/sam0/drivers/adc/adc_sam_l_c/adc.o
 .debug_macro   0x000031cf       0x1f src/ASF/sam0/drivers/adc/adc_sam_l_c/adc.o
 .debug_macro   0x000031ee      0x376 src/ASF/sam0/drivers/adc/adc_sam_l_c/adc.o
 .debug_macro   0x00003564      0x897 src/ASF/sam0/drivers/adc/adc_sam_l_c/adc.o
 .debug_macro   0x00003dfb      0x8c4 src/ASF/sam0/drivers/adc/adc_sam_l_c/adc.o
 .debug_macro   0x000046bf     0x2d61 src/ASF/sam0/drivers/adc/adc_sam_l_c/adc.o
 .debug_macro   0x00007420      0x222 src/ASF/sam0/drivers/adc/adc_sam_l_c/adc.o
 .debug_macro   0x00007642      0x286 src/ASF/sam0/drivers/adc/adc_sam_l_c/adc.o
 .debug_macro   0x000078c8      0x137 src/ASF/sam0/drivers/adc/adc_sam_l_c/adc.o
 .debug_macro   0x000079ff      0xc3a src/ASF/sam0/drivers/adc/adc_sam_l_c/adc.o
 .debug_macro   0x00008639      0x5f0 src/ASF/sam0/drivers/adc/adc_sam_l_c/adc.o
 .debug_macro   0x00008c29      0x5be src/ASF/sam0/drivers/adc/adc_sam_l_c/adc.o
 .debug_macro   0x000091e7      0x828 src/ASF/sam0/drivers/adc/adc_sam_l_c/adc.o
 .debug_macro   0x00009a0f      0x172 src/ASF/sam0/drivers/adc/adc_sam_l_c/adc.o
 .debug_macro   0x00009b81      0x286 src/ASF/sam0/drivers/adc/adc_sam_l_c/adc.o
 .debug_macro   0x00009e07      0x55f src/ASF/sam0/drivers/adc/adc_sam_l_c/adc.o
 .debug_macro   0x0000a366      0x433 src/ASF/sam0/drivers/adc/adc_sam_l_c/adc.o
 .debug_macro   0x0000a799      0x21c src/ASF/sam0/drivers/adc/adc_sam_l_c/adc.o
 .debug_macro   0x0000a9b5      0x7a2 src/ASF/sam0/drivers/adc/adc_sam_l_c/adc.o
 .debug_macro   0x0000b157      0x557 src/ASF/sam0/drivers/adc/adc_sam_l_c/adc.o
 .debug_macro   0x0000b6ae      0x335 src/ASF/sam0/drivers/adc/adc_sam_l_c/adc.o
 .debug_macro   0x0000b9e3      0x6ab src/ASF/sam0/drivers/adc/adc_sam_l_c/adc.o
 .debug_macro   0x0000c08e       0xc4 src/ASF/sam0/drivers/adc/adc_sam_l_c/adc.o
 .debug_macro   0x0000c152      0x349 src/ASF/sam0/drivers/adc/adc_sam_l_c/adc.o
 .debug_macro   0x0000c49b       0x6a src/ASF/sam0/drivers/adc/adc_sam_l_c/adc.o
 .debug_macro   0x0000c505     0x1216 src/ASF/sam0/drivers/adc/adc_sam_l_c/adc.o
 .debug_macro   0x0000d71b      0x5a9 src/ASF/sam0/drivers/adc/adc_sam_l_c/adc.o
 .debug_macro   0x0000dcc4      0xfc5 src/ASF/sam0/drivers/adc/adc_sam_l_c/adc.o
 .debug_macro   0x0000ec89      0x5a1 src/ASF/sam0/drivers/adc/adc_sam_l_c/adc.o
 .debug_macro   0x0000f22a      0x3c4 src/ASF/sam0/drivers/adc/adc_sam_l_c/adc.o
 .debug_macro   0x0000f5ee      0x8b2 src/ASF/sam0/drivers/adc/adc_sam_l_c/adc.o
 .debug_macro   0x0000fea0     0x19c2 src/ASF/sam0/drivers/adc/adc_sam_l_c/adc.o
 .debug_macro   0x00011862      0x39c src/ASF/sam0/drivers/adc/adc_sam_l_c/adc.o
 .debug_macro   0x00011bfe      0x36e src/ASF/sam0/drivers/adc/adc_sam_l_c/adc.o
 .debug_macro   0x00011f6c       0x94 src/ASF/sam0/drivers/adc/adc_sam_l_c/adc.o
 .debug_macro   0x00012000       0xac src/ASF/sam0/drivers/adc/adc_sam_l_c/adc.o
 .debug_macro   0x000120ac       0xac src/ASF/sam0/drivers/adc/adc_sam_l_c/adc.o
 .debug_macro   0x00012158      0x14d src/ASF/sam0/drivers/adc/adc_sam_l_c/adc.o
 .debug_macro   0x000122a5      0x14d src/ASF/sam0/drivers/adc/adc_sam_l_c/adc.o
 .debug_macro   0x000123f2       0x4c src/ASF/sam0/drivers/adc/adc_sam_l_c/adc.o
 .debug_macro   0x0001243e       0x58 src/ASF/sam0/drivers/adc/adc_sam_l_c/adc.o
 .debug_macro   0x00012496       0x3a src/ASF/sam0/drivers/adc/adc_sam_l_c/adc.o
 .debug_macro   0x000124d0       0xd0 src/ASF/sam0/drivers/adc/adc_sam_l_c/adc.o
 .debug_macro   0x000125a0       0xb8 src/ASF/sam0/drivers/adc/adc_sam_l_c/adc.o
 .debug_macro   0x00012658       0x64 src/ASF/sam0/drivers/adc/adc_sam_l_c/adc.o
 .debug_macro   0x000126bc      0x5fe src/ASF/sam0/drivers/adc/adc_sam_l_c/adc.o
 .debug_macro   0x00012cba       0x46 src/ASF/sam0/drivers/adc/adc_sam_l_c/adc.o
 .debug_macro   0x00012d00      0x1c2 src/ASF/sam0/drivers/adc/adc_sam_l_c/adc.o
 .debug_macro   0x00012ec2      0x188 src/ASF/sam0/drivers/adc/adc_sam_l_c/adc.o
 .debug_macro   0x0001304a       0x52 src/ASF/sam0/drivers/adc/adc_sam_l_c/adc.o
 .debug_macro   0x0001309c       0xa0 src/ASF/sam0/drivers/adc/adc_sam_l_c/adc.o
 .debug_macro   0x0001313c       0xdc src/ASF/sam0/drivers/adc/adc_sam_l_c/adc.o
 .debug_macro   0x00013218       0x8e src/ASF/sam0/drivers/adc/adc_sam_l_c/adc.o
 .debug_macro   0x000132a6       0x4c src/ASF/sam0/drivers/adc/adc_sam_l_c/adc.o
 .debug_macro   0x000132f2       0x64 src/ASF/sam0/drivers/adc/adc_sam_l_c/adc.o
 .debug_macro   0x00013356       0x22 src/ASF/sam0/drivers/adc/adc_sam_l_c/adc.o
 .debug_macro   0x00013378      0x16e src/ASF/sam0/drivers/adc/adc_sam_l_c/adc.o
 .debug_macro   0x000134e6       0x16 src/ASF/sam0/drivers/adc/adc_sam_l_c/adc.o
 .debug_macro   0x000134fc       0xd6 src/ASF/sam0/drivers/adc/adc_sam_l_c/adc.o
 .debug_macro   0x000135d2       0xa0 src/ASF/sam0/drivers/adc/adc_sam_l_c/adc.o
 .debug_macro   0x00013672      0x136 src/ASF/sam0/drivers/adc/adc_sam_l_c/adc.o
 .debug_macro   0x000137a8      0x136 src/ASF/sam0/drivers/adc/adc_sam_l_c/adc.o
 .debug_macro   0x000138de      0x136 src/ASF/sam0/drivers/adc/adc_sam_l_c/adc.o
 .debug_macro   0x00013a14      0x136 src/ASF/sam0/drivers/adc/adc_sam_l_c/adc.o
 .debug_macro   0x00013b4a      0x136 src/ASF/sam0/drivers/adc/adc_sam_l_c/adc.o
 .debug_macro   0x00013c80      0x136 src/ASF/sam0/drivers/adc/adc_sam_l_c/adc.o
 .debug_macro   0x00013db6       0x4c src/ASF/sam0/drivers/adc/adc_sam_l_c/adc.o
 .debug_macro   0x00013e02      0x16c src/ASF/sam0/drivers/adc/adc_sam_l_c/adc.o
 .debug_macro   0x00013f6e       0xfa src/ASF/sam0/drivers/adc/adc_sam_l_c/adc.o
 .debug_macro   0x00014068       0xfa src/ASF/sam0/drivers/adc/adc_sam_l_c/adc.o
 .debug_macro   0x00014162       0xfa src/ASF/sam0/drivers/adc/adc_sam_l_c/adc.o
 .debug_macro   0x0001425c       0xfa src/ASF/sam0/drivers/adc/adc_sam_l_c/adc.o
 .debug_macro   0x00014356       0xfa src/ASF/sam0/drivers/adc/adc_sam_l_c/adc.o
 .debug_macro   0x00014450      0x124 src/ASF/sam0/drivers/adc/adc_sam_l_c/adc.o
 .debug_macro   0x00014574       0xfa src/ASF/sam0/drivers/adc/adc_sam_l_c/adc.o
 .debug_macro   0x0001466e       0xee src/ASF/sam0/drivers/adc/adc_sam_l_c/adc.o
 .debug_macro   0x0001475c       0x76 src/ASF/sam0/drivers/adc/adc_sam_l_c/adc.o
 .debug_macro   0x000147d2       0x3a src/ASF/sam0/drivers/adc/adc_sam_l_c/adc.o
 .debug_macro   0x0001480c      0x487 src/ASF/sam0/drivers/adc/adc_sam_l_c/adc.o
 .debug_macro   0x00014c93     0x2683 src/ASF/sam0/drivers/adc/adc_sam_l_c/adc.o
 .debug_macro   0x00017316       0x82 src/ASF/sam0/drivers/adc/adc_sam_l_c/adc.o
 .debug_macro   0x00017398       0x58 src/ASF/sam0/drivers/adc/adc_sam_l_c/adc.o
 .debug_macro   0x000173f0       0x35 src/ASF/sam0/drivers/adc/adc_sam_l_c/adc.o
 .debug_macro   0x00017425       0x9c src/ASF/sam0/drivers/adc/adc_sam_l_c/adc.o
 .debug_macro   0x000174c1       0x16 src/ASF/sam0/drivers/adc/adc_sam_l_c/adc.o
 .debug_macro   0x000174d7       0x35 src/ASF/sam0/drivers/adc/adc_sam_l_c/adc.o
 .debug_macro   0x0001750c      0x353 src/ASF/sam0/drivers/adc/adc_sam_l_c/adc.o
 .debug_macro   0x0001785f       0x10 src/ASF/sam0/drivers/adc/adc_sam_l_c/adc.o
 .debug_macro   0x0001786f       0x58 src/ASF/sam0/drivers/adc/adc_sam_l_c/adc.o
 .debug_macro   0x000178c7       0x1f src/ASF/sam0/drivers/adc/adc_sam_l_c/adc.o
 .debug_macro   0x000178e6       0x43 src/ASF/sam0/drivers/adc/adc_sam_l_c/adc.o
 .debug_macro   0x00017929       0x20 src/ASF/sam0/drivers/adc/adc_sam_l_c/adc.o
 .debug_macro   0x00017949      0x187 src/ASF/sam0/drivers/adc/adc_sam_l_c/adc.o
 .debug_macro   0x00017ad0       0x10 src/ASF/sam0/drivers/adc/adc_sam_l_c/adc.o
 .debug_macro   0x00017ae0       0x1c src/ASF/sam0/drivers/adc/adc_sam_l_c/adc.o
 .debug_macro   0x00017afc       0x52 src/ASF/sam0/drivers/adc/adc_sam_l_c/adc.o
 .debug_macro   0x00017b4e       0x40 src/ASF/sam0/drivers/adc/adc_sam_l_c/adc.o
 .debug_macro   0x00017b8e       0x10 src/ASF/sam0/drivers/adc/adc_sam_l_c/adc.o
 .debug_macro   0x00017b9e       0x40 src/ASF/sam0/drivers/adc/adc_sam_l_c/adc.o
 .debug_macro   0x00017bde       0xd7 src/ASF/sam0/drivers/adc/adc_sam_l_c/adc.o
 .debug_macro   0x00017cb5       0x16 src/ASF/sam0/drivers/adc/adc_sam_l_c/adc.o
 .debug_macro   0x00017ccb      0x18b src/ASF/sam0/drivers/adc/adc_sam_l_c/adc.o
 .debug_macro   0x00017e56       0x16 src/ASF/sam0/drivers/adc/adc_sam_l_c/adc.o
 .debug_macro   0x00017e6c       0x16 src/ASF/sam0/drivers/adc/adc_sam_l_c/adc.o
 .debug_macro   0x00017e82       0x29 src/ASF/sam0/drivers/adc/adc_sam_l_c/adc.o
 .debug_macro   0x00017eab       0x51 src/ASF/sam0/drivers/adc/adc_sam_l_c/adc.o
 .debug_macro   0x00017efc       0x3e src/ASF/sam0/drivers/adc/adc_sam_l_c/adc.o
 .debug_macro   0x00017f3a      0x3df src/ASF/sam0/drivers/adc/adc_sam_l_c/adc.o
 .debug_macro   0x00018319       0x18 src/ASF/sam0/drivers/adc/adc_sam_l_c/adc.o
 .debug_macro   0x00018331       0x10 src/ASF/sam0/drivers/adc/adc_sam_l_c/adc.o
 .debug_macro   0x00018341       0x2e src/ASF/sam0/drivers/adc/adc_sam_l_c/adc.o
 .debug_macro   0x0001836f       0x20 src/ASF/sam0/drivers/adc/adc_sam_l_c/adc.o
 .debug_macro   0x0001838f      0x65c src/ASF/sam0/drivers/adc/adc_sam_l_c/adc_callback.o
 .debug_macro   0x000189eb      0x648 src/ASF/sam0/drivers/extint/extint_sam_l_c/extint.o
 .debug_macro   0x00019033       0x18 src/ASF/sam0/drivers/extint/extint_sam_l_c/extint.o
 .debug_macro   0x0001904b       0x16 src/ASF/sam0/drivers/extint/extint_sam_l_c/extint.o
 .debug_macro   0x00019061      0x6e5 src/ASF/sam0/drivers/tcc/tcc.o
 .debug_macro   0x00019746       0x89 src/ASF/sam0/drivers/tcc/tcc.o
 .debug_macro   0x000197cf      0x6bf src/ASF/common2/services/delay/example/delay_example.o
 .debug_macro   0x00019e8e       0x1c src/ASF/common2/services/delay/example/delay_example.o
 .debug_macro   0x00019eaa       0x16 src/ASF/common2/services/delay/example/delay_example.o
 .debug_macro   0x00019ec0      0x2c3 src/ASF/common2/services/delay/example/delay_example.o
 .debug_macro   0x0001a183      0x7e6 src/ASF/common2/services/delay/example/delay_example.o
 .debug_macro   0x0001a969       0x1f src/ASF/common2/services/delay/example/delay_example.o
 .debug_macro   0x0001a988       0x8f src/ASF/common2/services/delay/example/delay_example.o
 .debug_macro   0x0001aa17      0x608 src/ASF/common2/services/delay/sam0/systick_counter.o
 .debug_macro   0x0001b01f       0x16 src/ASF/common2/services/delay/sam0/systick_counter.o
 .debug_macro   0x0001b035      0x5c7 src/ASF/common/utils/interrupt/interrupt_sam_nvic.o
 .debug_macro   0x0001b5fc      0x608 src/ASF/sam0/boards/samc21_xplained_pro/board_init.o
 .debug_macro   0x0001bc04       0x19 src/ASF/sam0/boards/samc21_xplained_pro/board_init.o
 .debug_macro   0x0001bc1d      0x5e3 src/ASF/sam0/drivers/port/port.o
 .debug_macro   0x0001c200      0x637 src/ASF/sam0/drivers/system/clock/clock_samc20_c21/clock.o
 .debug_macro   0x0001c837      0x261 src/ASF/sam0/drivers/system/clock/clock_samc20_c21/clock.o
 .debug_macro   0x0001ca98      0x603 src/ASF/sam0/drivers/system/clock/clock_samc20_c21/gclk.o
 .debug_macro   0x0001d09b      0x5d8 src/ASF/sam0/drivers/system/pinmux/pinmux.o
 .debug_macro   0x0001d673       0x12 src/ASF/sam0/drivers/system/pinmux/pinmux.o
 .debug_macro   0x0001d685      0x613 src/ASF/sam0/drivers/system/system.o
 .debug_macro   0x0001dc98      0x3ad src/ASF/sam0/utils/cmsis/samc21/source/gcc/startup_samc21.o
 .debug_macro   0x0001e045       0x3a src/ASF/sam0/utils/cmsis/samc21/source/gcc/startup_samc21.o

.debug_line     0x00000000     0xa30a
 .debug_line    0x00000000      0xe4a src/ASF/sam0/drivers/adc/adc_sam_l_c/adc.o
 .debug_line    0x00000e4a      0xcda src/ASF/sam0/drivers/adc/adc_sam_l_c/adc_callback.o
 .debug_line    0x00001b24      0xcfb src/ASF/sam0/drivers/extint/extint_sam_l_c/extint.o
 .debug_line    0x0000281f      0xe37 src/ASF/sam0/drivers/tcc/tcc.o
 .debug_line    0x00003656      0xeed src/ASF/common2/services/delay/example/delay_example.o
 .debug_line    0x00004543      0xa8f src/ASF/common2/services/delay/sam0/systick_counter.o
 .debug_line    0x00004fd2      0x99f src/ASF/common/utils/interrupt/interrupt_sam_nvic.o
 .debug_line    0x00005971      0xa45 src/ASF/sam0/boards/samc21_xplained_pro/board_init.o
 .debug_line    0x000063b6      0x9cc src/ASF/sam0/drivers/port/port.o
 .debug_line    0x00006d82      0xcc9 src/ASF/sam0/drivers/system/clock/clock_samc20_c21/clock.o
 .debug_line    0x00007a4b      0xcdb src/ASF/sam0/drivers/system/clock/clock_samc20_c21/gclk.o
 .debug_line    0x00008726      0xa19 src/ASF/sam0/drivers/system/pinmux/pinmux.o
 .debug_line    0x0000913f      0xab4 src/ASF/sam0/drivers/system/system.o
 .debug_line    0x00009bf3      0x717 src/ASF/sam0/utils/cmsis/samc21/source/gcc/startup_samc21.o

.debug_str      0x00000000    0xa0678
 .debug_str     0x00000000    0x96cf6 src/ASF/sam0/drivers/adc/adc_sam_l_c/adc.o
                              0x979e3 (size before relaxing)
 .debug_str     0x00096cf6      0x1f9 src/ASF/sam0/drivers/adc/adc_sam_l_c/adc_callback.o
                              0x9673d (size before relaxing)
 .debug_str     0x00096eef      0x60e src/ASF/sam0/drivers/extint/extint_sam_l_c/extint.o
                              0x96aad (size before relaxing)
 .debug_str     0x000974fd     0x251f src/ASF/sam0/drivers/tcc/tcc.o
                              0x987a4 (size before relaxing)
 .debug_str     0x00099a1c     0x3756 src/ASF/common2/services/delay/example/delay_example.o
                              0x9be53 (size before relaxing)
 .debug_str     0x0009d172       0x8b src/ASF/common2/services/delay/sam0/systick_counter.o
                              0x95a92 (size before relaxing)
 .debug_str     0x0009d1fd       0x94 src/ASF/common/utils/interrupt/interrupt_sam_nvic.o
                              0x9589d (size before relaxing)
 .debug_str     0x0009d291      0x35d src/ASF/sam0/boards/samc21_xplained_pro/board_init.o
                              0x98bb2 (size before relaxing)
 .debug_str     0x0009d5ee       0x5e src/ASF/sam0/drivers/port/port.o
                              0x95d41 (size before relaxing)
 .debug_str     0x0009d64c     0x28a1 src/ASF/sam0/drivers/system/clock/clock_samc20_c21/clock.o
                              0x98ad0 (size before relaxing)
 .debug_str     0x0009feed      0x1e3 src/ASF/sam0/drivers/system/clock/clock_samc20_c21/gclk.o
                              0x96456 (size before relaxing)
 .debug_str     0x000a00d0      0x179 src/ASF/sam0/drivers/system/pinmux/pinmux.o
                              0x95d9d (size before relaxing)
 .debug_str     0x000a0249       0x3b src/ASF/sam0/drivers/system/system.o
                              0x9592d (size before relaxing)
 .debug_str     0x000a0284      0x3f4 src/ASF/sam0/utils/cmsis/samc21/source/gcc/startup_samc21.o
                              0x7ffab (size before relaxing)

.debug_frame    0x00000000      0x940
 .debug_frame   0x00000000       0x80 src/ASF/sam0/drivers/adc/adc_sam_l_c/adc.o
 .debug_frame   0x00000080       0xb4 src/ASF/sam0/drivers/adc/adc_sam_l_c/adc_callback.o
 .debug_frame   0x00000134       0xc8 src/ASF/sam0/drivers/extint/extint_sam_l_c/extint.o
 .debug_frame   0x000001fc      0x21c src/ASF/sam0/drivers/tcc/tcc.o
 .debug_frame   0x00000418       0x3c src/ASF/common2/services/delay/example/delay_example.o
 .debug_frame   0x00000454       0x64 src/ASF/common2/services/delay/sam0/systick_counter.o
 .debug_frame   0x000004b8       0x30 src/ASF/common/utils/interrupt/interrupt_sam_nvic.o
 .debug_frame   0x000004e8       0x30 src/ASF/sam0/boards/samc21_xplained_pro/board_init.o
 .debug_frame   0x00000518       0x44 src/ASF/sam0/drivers/port/port.o
 .debug_frame   0x0000055c      0x140 src/ASF/sam0/drivers/system/clock/clock_samc20_c21/clock.o
 .debug_frame   0x0000069c      0x150 src/ASF/sam0/drivers/system/clock/clock_samc20_c21/gclk.o
 .debug_frame   0x000007ec       0x98 src/ASF/sam0/drivers/system/pinmux/pinmux.o
 .debug_frame   0x00000884       0x38 src/ASF/sam0/drivers/system/system.o
 .debug_frame   0x000008bc       0x38 src/ASF/sam0/utils/cmsis/samc21/source/gcc/startup_samc21.o
 .debug_frame   0x000008f4       0x20 c:/program files (x86)/atmel/studio/7.0/toolchain/arm/arm-gnu-toolchain/bin/../lib/gcc/arm-none-eabi/6.3.1/thumb/v6-m\libgcc.a(_udivsi3.o)
 .debug_frame   0x00000914       0x2c c:/program files (x86)/atmel/studio/7.0/toolchain/arm/arm-gnu-toolchain/bin/../lib/gcc/arm-none-eabi/6.3.1/../../../../arm-none-eabi/lib/thumb/v6-m\libc_nano.a(lib_a-init.o)

Cross Reference Table

Symbol                                            File
AC_Handler                                        src/ASF/sam0/utils/cmsis/samc21/source/gcc/startup_samc21.o
ADC0_Handler                                      src/ASF/sam0/drivers/adc/adc_sam_l_c/adc_callback.o
ADC1_Handler                                      src/ASF/sam0/drivers/adc/adc_sam_l_c/adc_callback.o
CAN0_Handler                                      src/ASF/sam0/utils/cmsis/samc21/source/gcc/startup_samc21.o
CAN1_Handler                                      src/ASF/sam0/utils/cmsis/samc21/source/gcc/startup_samc21.o
DAC_Handler                                       src/ASF/sam0/utils/cmsis/samc21/source/gcc/startup_samc21.o
DMAC_Handler                                      src/ASF/sam0/utils/cmsis/samc21/source/gcc/startup_samc21.o
Dummy_Handler                                     src/ASF/sam0/utils/cmsis/samc21/source/gcc/startup_samc21.o
EIC_Handler                                       src/ASF/sam0/utils/cmsis/samc21/source/gcc/startup_samc21.o
EVSYS_Handler                                     src/ASF/sam0/utils/cmsis/samc21/source/gcc/startup_samc21.o
FREQM_Handler                                     src/ASF/sam0/utils/cmsis/samc21/source/gcc/startup_samc21.o
HardFault_Handler                                 src/ASF/sam0/utils/cmsis/samc21/source/gcc/startup_samc21.o
NMI_Handler                                       src/ASF/sam0/utils/cmsis/samc21/source/gcc/startup_samc21.o
NVMCTRL_Handler                                   src/ASF/sam0/utils/cmsis/samc21/source/gcc/startup_samc21.o
PTC_Handler                                       src/ASF/sam0/utils/cmsis/samc21/source/gcc/startup_samc21.o
PendSV_Handler                                    src/ASF/sam0/utils/cmsis/samc21/source/gcc/startup_samc21.o
RTC_Handler                                       src/ASF/sam0/utils/cmsis/samc21/source/gcc/startup_samc21.o
Reset_Handler                                     src/ASF/sam0/utils/cmsis/samc21/source/gcc/startup_samc21.o
SDADC_Handler                                     src/ASF/sam0/utils/cmsis/samc21/source/gcc/startup_samc21.o
SERCOM0_Handler                                   src/ASF/sam0/utils/cmsis/samc21/source/gcc/startup_samc21.o
SERCOM1_Handler                                   src/ASF/sam0/utils/cmsis/samc21/source/gcc/startup_samc21.o
SERCOM2_Handler                                   src/ASF/sam0/utils/cmsis/samc21/source/gcc/startup_samc21.o
SERCOM3_Handler                                   src/ASF/sam0/utils/cmsis/samc21/source/gcc/startup_samc21.o
SERCOM4_Handler                                   src/ASF/sam0/utils/cmsis/samc21/source/gcc/startup_samc21.o
SERCOM5_Handler                                   src/ASF/sam0/utils/cmsis/samc21/source/gcc/startup_samc21.o
SVC_Handler                                       src/ASF/sam0/utils/cmsis/samc21/source/gcc/startup_samc21.o
SYSTEM_Handler                                    src/ASF/sam0/utils/cmsis/samc21/source/gcc/startup_samc21.o
SysTick_Handler                                   src/ASF/sam0/utils/cmsis/samc21/source/gcc/startup_samc21.o
SystemCoreClock                                   src/ASF/sam0/utils/cmsis/samc21/source/system_samc21.o
SystemCoreClockUpdate                             src/ASF/sam0/utils/cmsis/samc21/source/system_samc21.o
SystemInit                                        src/ASF/sam0/utils/cmsis/samc21/source/system_samc21.o
TC0_Handler                                       src/ASF/sam0/utils/cmsis/samc21/source/gcc/startup_samc21.o
TC1_Handler                                       src/ASF/sam0/utils/cmsis/samc21/source/gcc/startup_samc21.o
TC2_Handler                                       src/ASF/sam0/utils/cmsis/samc21/source/gcc/startup_samc21.o
TC3_Handler                                       src/ASF/sam0/utils/cmsis/samc21/source/gcc/startup_samc21.o
TC4_Handler                                       src/ASF/sam0/utils/cmsis/samc21/source/gcc/startup_samc21.o
TCC0_Handler                                      src/ASF/sam0/utils/cmsis/samc21/source/gcc/startup_samc21.o
TCC1_Handler                                      src/ASF/sam0/utils/cmsis/samc21/source/gcc/startup_samc21.o
TCC2_Handler                                      src/ASF/sam0/utils/cmsis/samc21/source/gcc/startup_samc21.o
TSENS_Handler                                     src/ASF/sam0/utils/cmsis/samc21/source/gcc/startup_samc21.o
WDT_Handler                                       src/ASF/sam0/utils/cmsis/samc21/source/gcc/startup_samc21.o
_Jv_RegisterClasses                               c:/program files (x86)/atmel/studio/7.0/toolchain/arm/arm-gnu-toolchain/bin/../lib/gcc/arm-none-eabi/6.3.1/thumb/v6-m/crtbegin.o
__aeabi_idiv0                                     c:/program files (x86)/atmel/studio/7.0/toolchain/arm/arm-gnu-toolchain/bin/../lib/gcc/arm-none-eabi/6.3.1/thumb/v6-m\libgcc.a(_dvmd_tls.o)
                                                  c:/program files (x86)/atmel/studio/7.0/toolchain/arm/arm-gnu-toolchain/bin/../lib/gcc/arm-none-eabi/6.3.1/thumb/v6-m\libgcc.a(_udivsi3.o)
__aeabi_ldiv0                                     c:/program files (x86)/atmel/studio/7.0/toolchain/arm/arm-gnu-toolchain/bin/../lib/gcc/arm-none-eabi/6.3.1/thumb/v6-m\libgcc.a(_dvmd_tls.o)
__aeabi_uidiv                                     c:/program files (x86)/atmel/studio/7.0/toolchain/arm/arm-gnu-toolchain/bin/../lib/gcc/arm-none-eabi/6.3.1/thumb/v6-m\libgcc.a(_udivsi3.o)
                                                  src/ASF/sam0/drivers/system/clock/clock_samc20_c21/gclk.o
                                                  src/ASF/sam0/drivers/system/clock/clock_samc20_c21/clock.o
                                                  src/ASF/common2/services/delay/sam0/systick_counter.o
                                                  src/ASF/common2/services/delay/example/delay_example.o
__aeabi_uidivmod                                  c:/program files (x86)/atmel/studio/7.0/toolchain/arm/arm-gnu-toolchain/bin/../lib/gcc/arm-none-eabi/6.3.1/thumb/v6-m\libgcc.a(_udivsi3.o)
__bss_end__                                       c:/program files (x86)/atmel/studio/7.0/toolchain/arm/arm-gnu-toolchain/bin/../lib/gcc/arm-none-eabi/6.3.1/../../../../arm-none-eabi/lib/thumb/v6-m/crt0.o
__bss_start__                                     c:/program files (x86)/atmel/studio/7.0/toolchain/arm/arm-gnu-toolchain/bin/../lib/gcc/arm-none-eabi/6.3.1/../../../../arm-none-eabi/lib/thumb/v6-m/crt0.o
__call_exitprocs                                  c:/program files (x86)/atmel/studio/7.0/toolchain/arm/arm-gnu-toolchain/bin/../lib/gcc/arm-none-eabi/6.3.1/../../../../arm-none-eabi/lib/thumb/v6-m\libc_nano.a(lib_a-exit.o)
__deregister_frame_info                           c:/program files (x86)/atmel/studio/7.0/toolchain/arm/arm-gnu-toolchain/bin/../lib/gcc/arm-none-eabi/6.3.1/thumb/v6-m/crtbegin.o
__dso_handle                                      c:/program files (x86)/atmel/studio/7.0/toolchain/arm/arm-gnu-toolchain/bin/../lib/gcc/arm-none-eabi/6.3.1/thumb/v6-m/crtbegin.o
__init_array_end                                  c:/program files (x86)/atmel/studio/7.0/toolchain/arm/arm-gnu-toolchain/bin/../lib/gcc/arm-none-eabi/6.3.1/../../../../arm-none-eabi/lib/thumb/v6-m\libc_nano.a(lib_a-init.o)
__init_array_start                                c:/program files (x86)/atmel/studio/7.0/toolchain/arm/arm-gnu-toolchain/bin/../lib/gcc/arm-none-eabi/6.3.1/../../../../arm-none-eabi/lib/thumb/v6-m\libc_nano.a(lib_a-init.o)
__libc_fini_array                                 c:/program files (x86)/atmel/studio/7.0/toolchain/arm/arm-gnu-toolchain/bin/../lib/gcc/arm-none-eabi/6.3.1/../../../../arm-none-eabi/lib/thumb/v6-m/crt0.o
__libc_init_array                                 c:/program files (x86)/atmel/studio/7.0/toolchain/arm/arm-gnu-toolchain/bin/../lib/gcc/arm-none-eabi/6.3.1/../../../../arm-none-eabi/lib/thumb/v6-m\libc_nano.a(lib_a-init.o)
                                                  src/ASF/sam0/utils/cmsis/samc21/source/gcc/startup_samc21.o
                                                  c:/program files (x86)/atmel/studio/7.0/toolchain/arm/arm-gnu-toolchain/bin/../lib/gcc/arm-none-eabi/6.3.1/../../../../arm-none-eabi/lib/thumb/v6-m/crt0.o
__preinit_array_end                               c:/program files (x86)/atmel/studio/7.0/toolchain/arm/arm-gnu-toolchain/bin/../lib/gcc/arm-none-eabi/6.3.1/../../../../arm-none-eabi/lib/thumb/v6-m\libc_nano.a(lib_a-init.o)
__preinit_array_start                             c:/program files (x86)/atmel/studio/7.0/toolchain/arm/arm-gnu-toolchain/bin/../lib/gcc/arm-none-eabi/6.3.1/../../../../arm-none-eabi/lib/thumb/v6-m\libc_nano.a(lib_a-init.o)
__register_frame_info                             c:/program files (x86)/atmel/studio/7.0/toolchain/arm/arm-gnu-toolchain/bin/../lib/gcc/arm-none-eabi/6.3.1/thumb/v6-m/crtbegin.o
__sf_fake_stderr                                  c:/program files (x86)/atmel/studio/7.0/toolchain/arm/arm-gnu-toolchain/bin/../lib/gcc/arm-none-eabi/6.3.1/../../../../arm-none-eabi/lib/thumb/v6-m\libc_nano.a(lib_a-impure.o)
__sf_fake_stdin                                   c:/program files (x86)/atmel/studio/7.0/toolchain/arm/arm-gnu-toolchain/bin/../lib/gcc/arm-none-eabi/6.3.1/../../../../arm-none-eabi/lib/thumb/v6-m\libc_nano.a(lib_a-impure.o)
__sf_fake_stdout                                  c:/program files (x86)/atmel/studio/7.0/toolchain/arm/arm-gnu-toolchain/bin/../lib/gcc/arm-none-eabi/6.3.1/../../../../arm-none-eabi/lib/thumb/v6-m\libc_nano.a(lib_a-impure.o)
__stack                                           c:/program files (x86)/atmel/studio/7.0/toolchain/arm/arm-gnu-toolchain/bin/../lib/gcc/arm-none-eabi/6.3.1/../../../../arm-none-eabi/lib/thumb/v6-m/crt0.o
__udivsi3                                         c:/program files (x86)/atmel/studio/7.0/toolchain/arm/arm-gnu-toolchain/bin/../lib/gcc/arm-none-eabi/6.3.1/thumb/v6-m\libgcc.a(_udivsi3.o)
_adc_apbcmasks                                    src/ASF/sam0/drivers/adc/adc_sam_l_c/adc.o
_adc_biascomp_addr                                src/ASF/sam0/drivers/adc/adc_sam_l_c/adc.o
_adc_biascomp_pos                                 src/ASF/sam0/drivers/adc/adc_sam_l_c/adc.o
_adc_biasrefbuf_addr                              src/ASF/sam0/drivers/adc/adc_sam_l_c/adc.o
_adc_biasrefbuf_pos                               src/ASF/sam0/drivers/adc/adc_sam_l_c/adc.o
_adc_extchannel_msb                               src/ASF/sam0/drivers/adc/adc_sam_l_c/adc.o
_adc_gclk_ids                                     src/ASF/sam0/drivers/adc/adc_sam_l_c/adc.o
_adc_get_inst_index                               src/ASF/sam0/drivers/adc/adc_sam_l_c/adc.o
                                                  src/ASF/common2/services/delay/example/delay_example.o
_adc_instances                                    src/ASF/sam0/drivers/adc/adc_sam_l_c/adc_callback.o
                                                  src/ASF/sam0/drivers/adc/adc_sam_l_c/adc.o
_close                                            src/ASF/sam0/utils/syscalls/gcc/syscalls.o
_end                                              src/ASF/sam0/utils/syscalls/gcc/syscalls.o
_erelocate                                        src/ASF/sam0/utils/cmsis/samc21/source/gcc/startup_samc21.o
_estack                                           src/ASF/sam0/utils/cmsis/samc21/source/gcc/startup_samc21.o
_etext                                            src/ASF/sam0/utils/cmsis/samc21/source/gcc/startup_samc21.o
_exit                                             src/ASF/sam0/utils/syscalls/gcc/syscalls.o
                                                  c:/program files (x86)/atmel/studio/7.0/toolchain/arm/arm-gnu-toolchain/bin/../lib/gcc/arm-none-eabi/6.3.1/../../../../arm-none-eabi/lib/thumb/v6-m\libc_nano.a(lib_a-exit.o)
_extint_dev                                       src/ASF/sam0/drivers/extint/extint_sam_l_c/extint.o
_ezero                                            src/ASF/sam0/utils/cmsis/samc21/source/gcc/startup_samc21.o
_fini                                             c:/program files (x86)/atmel/studio/7.0/toolchain/arm/arm-gnu-toolchain/bin/../lib/gcc/arm-none-eabi/6.3.1/thumb/v6-m/crti.o
_fstat                                            src/ASF/sam0/utils/syscalls/gcc/syscalls.o
_getpid                                           src/ASF/sam0/utils/syscalls/gcc/syscalls.o
_global_impure_ptr                                c:/program files (x86)/atmel/studio/7.0/toolchain/arm/arm-gnu-toolchain/bin/../lib/gcc/arm-none-eabi/6.3.1/../../../../arm-none-eabi/lib/thumb/v6-m\libc_nano.a(lib_a-impure.o)
                                                  c:/program files (x86)/atmel/studio/7.0/toolchain/arm/arm-gnu-toolchain/bin/../lib/gcc/arm-none-eabi/6.3.1/../../../../arm-none-eabi/lib/thumb/v6-m\libc_nano.a(lib_a-exit.o)
_impure_ptr                                       c:/program files (x86)/atmel/studio/7.0/toolchain/arm/arm-gnu-toolchain/bin/../lib/gcc/arm-none-eabi/6.3.1/../../../../arm-none-eabi/lib/thumb/v6-m\libc_nano.a(lib_a-impure.o)
_init                                             c:/program files (x86)/atmel/studio/7.0/toolchain/arm/arm-gnu-toolchain/bin/../lib/gcc/arm-none-eabi/6.3.1/thumb/v6-m/crti.o
                                                  c:/program files (x86)/atmel/studio/7.0/toolchain/arm/arm-gnu-toolchain/bin/../lib/gcc/arm-none-eabi/6.3.1/../../../../arm-none-eabi/lib/thumb/v6-m\libc_nano.a(lib_a-init.o)
_isatty                                           src/ASF/sam0/utils/syscalls/gcc/syscalls.o
_kill                                             src/ASF/sam0/utils/syscalls/gcc/syscalls.o
_lseek                                            src/ASF/sam0/utils/syscalls/gcc/syscalls.o
_mainCRTStartup                                   c:/program files (x86)/atmel/studio/7.0/toolchain/arm/arm-gnu-toolchain/bin/../lib/gcc/arm-none-eabi/6.3.1/../../../../arm-none-eabi/lib/thumb/v6-m/crt0.o
_sbrk                                             src/ASF/sam0/utils/syscalls/gcc/syscalls.o
_sfixed                                           src/ASF/sam0/utils/cmsis/samc21/source/gcc/startup_samc21.o
_srelocate                                        src/ASF/sam0/utils/cmsis/samc21/source/gcc/startup_samc21.o
_start                                            c:/program files (x86)/atmel/studio/7.0/toolchain/arm/arm-gnu-toolchain/bin/../lib/gcc/arm-none-eabi/6.3.1/../../../../arm-none-eabi/lib/thumb/v6-m/crt0.o
_system_divas_init                                src/ASF/sam0/drivers/system/system.o
_system_dummy_init                                src/ASF/sam0/drivers/system/system.o
_system_events_init                               src/ASF/sam0/drivers/system/system.o
_system_extint_init                               src/ASF/sam0/drivers/extint/extint_sam_l_c/extint.o
_szero                                            src/ASF/sam0/utils/cmsis/samc21/source/gcc/startup_samc21.o
_tcc_apbcmasks                                    src/ASF/sam0/drivers/tcc/tcc.o
_tcc_cc_nums                                      src/ASF/sam0/drivers/tcc/tcc.o
_tcc_exts                                         src/ASF/sam0/drivers/tcc/tcc.o
_tcc_gclk_ids                                     src/ASF/sam0/drivers/tcc/tcc.o
_tcc_get_inst_index                               src/ASF/sam0/drivers/tcc/tcc.o
_tcc_maxs                                         src/ASF/sam0/drivers/tcc/tcc.o
_tcc_ow_nums                                      src/ASF/sam0/drivers/tcc/tcc.o
_tcc_sizes                                        src/ASF/sam0/drivers/tcc/tcc.o
adc_abort_job                                     src/ASF/sam0/drivers/adc/adc_sam_l_c/adc_callback.o
adc_get_config_defaults                           src/ASF/sam0/drivers/adc/adc_sam_l_c/adc.o
                                                  src/ASF/common2/services/delay/example/delay_example.o
adc_get_job_status                                src/ASF/sam0/drivers/adc/adc_sam_l_c/adc_callback.o
adc_init                                          src/ASF/sam0/drivers/adc/adc_sam_l_c/adc.o
                                                  src/ASF/common2/services/delay/example/delay_example.o
adc_instance                                      src/ASF/common2/services/delay/example/delay_example.o
adc_read_buffer_job                               src/ASF/sam0/drivers/adc/adc_sam_l_c/adc_callback.o
adc_register_callback                             src/ASF/sam0/drivers/adc/adc_sam_l_c/adc_callback.o
adc_set_window_mode                               src/ASF/sam0/drivers/adc/adc_sam_l_c/adc.o
adc_unregister_callback                           src/ASF/sam0/drivers/adc/adc_sam_l_c/adc_callback.o
atexit                                            c:/program files (x86)/atmel/studio/7.0/toolchain/arm/arm-gnu-toolchain/bin/../lib/gcc/arm-none-eabi/6.3.1/../../../../arm-none-eabi/lib/thumb/v6-m/crt0.o
board_init                                        src/ASF/sam0/boards/samc21_xplained_pro/board_init.o
cpu_irq_enter_critical                            src/ASF/common/utils/interrupt/interrupt_sam_nvic.o
                                                  src/ASF/sam0/drivers/system/clock/clock_samc20_c21/gclk.o
cpu_irq_leave_critical                            src/ASF/common/utils/interrupt/interrupt_sam_nvic.o
                                                  src/ASF/sam0/drivers/system/clock/clock_samc20_c21/gclk.o
delay_cycles_ms                                   src/ASF/common2/services/delay/sam0/systick_counter.o
                                                  src/ASF/common2/services/delay/example/delay_example.o
delay_cycles_us                                   src/ASF/common2/services/delay/sam0/systick_counter.o
                                                  src/ASF/common2/services/delay/example/delay_example.o
delay_init                                        src/ASF/common2/services/delay/sam0/systick_counter.o
                                                  src/ASF/common2/services/delay/example/delay_example.o
exception_table                                   src/ASF/sam0/utils/cmsis/samc21/source/gcc/startup_samc21.o
exit                                              c:/program files (x86)/atmel/studio/7.0/toolchain/arm/arm-gnu-toolchain/bin/../lib/gcc/arm-none-eabi/6.3.1/../../../../arm-none-eabi/lib/thumb/v6-m\libc_nano.a(lib_a-exit.o)
                                                  c:/program files (x86)/atmel/studio/7.0/toolchain/arm/arm-gnu-toolchain/bin/../lib/gcc/arm-none-eabi/6.3.1/../../../../arm-none-eabi/lib/thumb/v6-m/crt0.o
extint_chan_get_config_defaults                   src/ASF/sam0/drivers/extint/extint_sam_l_c/extint.o
                                                  src/ASF/common2/services/delay/example/delay_example.o
extint_chan_set_config                            src/ASF/sam0/drivers/extint/extint_sam_l_c/extint.o
                                                  src/ASF/common2/services/delay/example/delay_example.o
extint_disable_events                             src/ASF/sam0/drivers/extint/extint_sam_l_c/extint.o
extint_enable_events                              src/ASF/sam0/drivers/extint/extint_sam_l_c/extint.o
extint_nmi_set_config                             src/ASF/sam0/drivers/extint/extint_sam_l_c/extint.o
g_interrupt_enabled                               src/ASF/common/utils/interrupt/interrupt_sam_nvic.o
hardware_init_hook                                c:/program files (x86)/atmel/studio/7.0/toolchain/arm/arm-gnu-toolchain/bin/../lib/gcc/arm-none-eabi/6.3.1/../../../../arm-none-eabi/lib/thumb/v6-m/crt0.o
link                                              src/ASF/sam0/utils/syscalls/gcc/syscalls.o
main                                              src/ASF/common2/services/delay/example/delay_example.o
                                                  src/ASF/sam0/utils/cmsis/samc21/source/gcc/startup_samc21.o
                                                  c:/program files (x86)/atmel/studio/7.0/toolchain/arm/arm-gnu-toolchain/bin/../lib/gcc/arm-none-eabi/6.3.1/../../../../arm-none-eabi/lib/thumb/v6-m/crt0.o
memset                                            c:/program files (x86)/atmel/studio/7.0/toolchain/arm/arm-gnu-toolchain/bin/../lib/gcc/arm-none-eabi/6.3.1/../../../../arm-none-eabi/lib/thumb/v6-m\libc_nano.a(lib_a-memset.o)
                                                  c:/program files (x86)/atmel/studio/7.0/toolchain/arm/arm-gnu-toolchain/bin/../lib/gcc/arm-none-eabi/6.3.1/../../../../arm-none-eabi/lib/thumb/v6-m/crt0.o
port_group_set_config                             src/ASF/sam0/drivers/port/port.o
port_pin_set_config                               src/ASF/sam0/drivers/port/port.o
                                                  src/ASF/sam0/boards/samc21_xplained_pro/board_init.o
software_init_hook                                c:/program files (x86)/atmel/studio/7.0/toolchain/arm/arm-gnu-toolchain/bin/../lib/gcc/arm-none-eabi/6.3.1/../../../../arm-none-eabi/lib/thumb/v6-m/crt0.o
system_board_init                                 src/ASF/sam0/boards/samc21_xplained_pro/board_init.o
system_clock_init                                 src/ASF/sam0/drivers/system/clock/clock_samc20_c21/clock.o
system_clock_source_disable                       src/ASF/sam0/drivers/system/clock/clock_samc20_c21/clock.o
system_clock_source_dpll_set_config               src/ASF/sam0/drivers/system/clock/clock_samc20_c21/clock.o
system_clock_source_enable                        src/ASF/sam0/drivers/system/clock/clock_samc20_c21/clock.o
system_clock_source_get_hz                        src/ASF/sam0/drivers/system/clock/clock_samc20_c21/clock.o
                                                  src/ASF/sam0/drivers/system/clock/clock_samc20_c21/gclk.o
system_clock_source_is_ready                      src/ASF/sam0/drivers/system/clock/clock_samc20_c21/clock.o
system_clock_source_osc32k_set_config             src/ASF/sam0/drivers/system/clock/clock_samc20_c21/clock.o
system_clock_source_osc48m_set_config             src/ASF/sam0/drivers/system/clock/clock_samc20_c21/clock.o
system_clock_source_osculp32k_set_config          src/ASF/sam0/drivers/system/clock/clock_samc20_c21/clock.o
system_clock_source_write_calibration             src/ASF/sam0/drivers/system/clock/clock_samc20_c21/clock.o
system_clock_source_xosc32k_set_config            src/ASF/sam0/drivers/system/clock/clock_samc20_c21/clock.o
system_clock_source_xosc_set_config               src/ASF/sam0/drivers/system/clock/clock_samc20_c21/clock.o
system_gclk_chan_disable                          src/ASF/sam0/drivers/system/clock/clock_samc20_c21/gclk.o
                                                  src/ASF/sam0/drivers/extint/extint_sam_l_c/extint.o
system_gclk_chan_enable                           src/ASF/sam0/drivers/system/clock/clock_samc20_c21/gclk.o
                                                  src/ASF/sam0/drivers/tcc/tcc.o
                                                  src/ASF/sam0/drivers/extint/extint_sam_l_c/extint.o
                                                  src/ASF/sam0/drivers/adc/adc_sam_l_c/adc.o
system_gclk_chan_get_hz                           src/ASF/sam0/drivers/system/clock/clock_samc20_c21/gclk.o
system_gclk_chan_is_enabled                       src/ASF/sam0/drivers/system/clock/clock_samc20_c21/gclk.o
system_gclk_chan_is_locked                        src/ASF/sam0/drivers/system/clock/clock_samc20_c21/gclk.o
system_gclk_chan_lock                             src/ASF/sam0/drivers/system/clock/clock_samc20_c21/gclk.o
system_gclk_chan_set_config                       src/ASF/sam0/drivers/system/clock/clock_samc20_c21/gclk.o
                                                  src/ASF/sam0/drivers/tcc/tcc.o
                                                  src/ASF/sam0/drivers/extint/extint_sam_l_c/extint.o
                                                  src/ASF/sam0/drivers/adc/adc_sam_l_c/adc.o
system_gclk_gen_disable                           src/ASF/sam0/drivers/system/clock/clock_samc20_c21/gclk.o
system_gclk_gen_enable                            src/ASF/sam0/drivers/system/clock/clock_samc20_c21/gclk.o
                                                  src/ASF/sam0/drivers/system/clock/clock_samc20_c21/clock.o
system_gclk_gen_get_hz                            src/ASF/sam0/drivers/system/clock/clock_samc20_c21/gclk.o
                                                  src/ASF/common2/services/delay/sam0/systick_counter.o
system_gclk_gen_is_enabled                        src/ASF/sam0/drivers/system/clock/clock_samc20_c21/gclk.o
system_gclk_gen_set_config                        src/ASF/sam0/drivers/system/clock/clock_samc20_c21/gclk.o
                                                  src/ASF/sam0/drivers/system/clock/clock_samc20_c21/clock.o
system_gclk_init                                  src/ASF/sam0/drivers/system/clock/clock_samc20_c21/gclk.o
                                                  src/ASF/sam0/drivers/system/clock/clock_samc20_c21/clock.o
system_init                                       src/ASF/sam0/drivers/system/system.o
                                                  src/ASF/common2/services/delay/example/delay_example.o
system_interrupt_clear_pending                    src/ASF/sam0/drivers/system/interrupt/system_interrupt.o
system_interrupt_get_priority                     src/ASF/sam0/drivers/system/interrupt/system_interrupt.o
system_interrupt_is_pending                       src/ASF/sam0/drivers/system/interrupt/system_interrupt.o
system_interrupt_set_pending                      src/ASF/sam0/drivers/system/interrupt/system_interrupt.o
system_interrupt_set_priority                     src/ASF/sam0/drivers/system/interrupt/system_interrupt.o
system_pinmux_group_set_config                    src/ASF/sam0/drivers/system/pinmux/pinmux.o
                                                  src/ASF/sam0/drivers/port/port.o
system_pinmux_group_set_input_sample_mode         src/ASF/sam0/drivers/system/pinmux/pinmux.o
system_pinmux_group_set_output_strength           src/ASF/sam0/drivers/system/pinmux/pinmux.o
system_pinmux_pin_set_config                      src/ASF/sam0/drivers/system/pinmux/pinmux.o
                                                  src/ASF/sam0/drivers/port/port.o
                                                  src/ASF/sam0/drivers/tcc/tcc.o
                                                  src/ASF/sam0/drivers/extint/extint_sam_l_c/extint.o
                                                  src/ASF/sam0/drivers/adc/adc_sam_l_c/adc.o
tcc_clear_status                                  src/ASF/sam0/drivers/tcc/tcc.o
tcc_disable_circular_buffer_compare               src/ASF/sam0/drivers/tcc/tcc.o
tcc_disable_events                                src/ASF/sam0/drivers/tcc/tcc.o
tcc_enable_circular_buffer_compare                src/ASF/sam0/drivers/tcc/tcc.o
tcc_enable_events                                 src/ASF/sam0/drivers/tcc/tcc.o
tcc_get_capture_value                             src/ASF/sam0/drivers/tcc/tcc.o
tcc_get_config_defaults                           src/ASF/sam0/drivers/tcc/tcc.o
                                                  src/ASF/common2/services/delay/example/delay_example.o
tcc_get_count_value                               src/ASF/sam0/drivers/tcc/tcc.o
tcc_get_status                                    src/ASF/sam0/drivers/tcc/tcc.o
tcc_init                                          src/ASF/sam0/drivers/tcc/tcc.o
                                                  src/ASF/common2/services/delay/example/delay_example.o
tcc_instance                                      src/ASF/common2/services/delay/example/delay_example.o
tcc_modules                                       src/ASF/sam0/drivers/tcc/tcc.o
tcc_set_compare_value                             src/ASF/sam0/drivers/tcc/tcc.o
                                                  src/ASF/common2/services/delay/example/delay_example.o
tcc_set_count_value                               src/ASF/sam0/drivers/tcc/tcc.o
tcc_set_double_buffer_compare_values              src/ASF/sam0/drivers/tcc/tcc.o
tcc_set_double_buffer_top_values                  src/ASF/sam0/drivers/tcc/tcc.o
tcc_set_pattern                                   src/ASF/sam0/drivers/tcc/tcc.o
tcc_set_top_value                                 src/ASF/sam0/drivers/tcc/tcc.o
