Archive member included to satisfy reference by file (symbol)

c:/program files (x86)/atmel/studio/7.0/toolchain/arm/arm-gnu-toolchain/bin/../lib/gcc/arm-none-eabi/6.3.1/thumb/v6-m\libgcc.a(_udivsi3.o)
                              src/ASF/sam0/drivers/system/clock/clock_samc20_c21/clock.o (__aeabi_uidiv)
c:/program files (x86)/atmel/studio/7.0/toolchain/arm/arm-gnu-toolchain/bin/../lib/gcc/arm-none-eabi/6.3.1/thumb/v6-m\libgcc.a(_dvmd_tls.o)
                              c:/program files (x86)/atmel/studio/7.0/toolchain/arm/arm-gnu-toolchain/bin/../lib/gcc/arm-none-eabi/6.3.1/thumb/v6-m\libgcc.a(_udivsi3.o) (__aeabi_idiv0)
c:/program files (x86)/atmel/studio/7.0/toolchain/arm/arm-gnu-toolchain/bin/../lib/gcc/arm-none-eabi/6.3.1/../../../../arm-none-eabi/lib/thumb/v6-m\libc_nano.a(lib_a-exit.o)
                              c:/program files (x86)/atmel/studio/7.0/toolchain/arm/arm-gnu-toolchain/bin/../lib/gcc/arm-none-eabi/6.3.1/../../../../arm-none-eabi/lib/thumb/v6-m/crt0.o (exit)
c:/program files (x86)/atmel/studio/7.0/toolchain/arm/arm-gnu-toolchain/bin/../lib/gcc/arm-none-eabi/6.3.1/../../../../arm-none-eabi/lib/thumb/v6-m\libc_nano.a(lib_a-impure.o)
                              c:/program files (x86)/atmel/studio/7.0/toolchain/arm/arm-gnu-toolchain/bin/../lib/gcc/arm-none-eabi/6.3.1/../../../../arm-none-eabi/lib/thumb/v6-m\libc_nano.a(lib_a-exit.o) (_global_impure_ptr)
c:/program files (x86)/atmel/studio/7.0/toolchain/arm/arm-gnu-toolchain/bin/../lib/gcc/arm-none-eabi/6.3.1/../../../../arm-none-eabi/lib/thumb/v6-m\libc_nano.a(lib_a-init.o)
                              c:/program files (x86)/atmel/studio/7.0/toolchain/arm/arm-gnu-toolchain/bin/../lib/gcc/arm-none-eabi/6.3.1/../../../../arm-none-eabi/lib/thumb/v6-m/crt0.o (__libc_init_array)
c:/program files (x86)/atmel/studio/7.0/toolchain/arm/arm-gnu-toolchain/bin/../lib/gcc/arm-none-eabi/6.3.1/../../../../arm-none-eabi/lib/thumb/v6-m\libc_nano.a(lib_a-memset.o)
                              c:/program files (x86)/atmel/studio/7.0/toolchain/arm/arm-gnu-toolchain/bin/../lib/gcc/arm-none-eabi/6.3.1/../../../../arm-none-eabi/lib/thumb/v6-m/crt0.o (memset)

Allocating common symbols
Common symbol       size              file

adc_instance        0x8               src/qs_adc_basic.o

Discarded input sections

 .text          0x00000000        0x0 c:/program files (x86)/atmel/studio/7.0/toolchain/arm/arm-gnu-toolchain/bin/../lib/gcc/arm-none-eabi/6.3.1/thumb/v6-m/crti.o
 .data          0x00000000        0x0 c:/program files (x86)/atmel/studio/7.0/toolchain/arm/arm-gnu-toolchain/bin/../lib/gcc/arm-none-eabi/6.3.1/thumb/v6-m/crti.o
 .bss           0x00000000        0x0 c:/program files (x86)/atmel/studio/7.0/toolchain/arm/arm-gnu-toolchain/bin/../lib/gcc/arm-none-eabi/6.3.1/thumb/v6-m/crti.o
 .data          0x00000000        0x4 c:/program files (x86)/atmel/studio/7.0/toolchain/arm/arm-gnu-toolchain/bin/../lib/gcc/arm-none-eabi/6.3.1/thumb/v6-m/crtbegin.o
 .text          0x00000000       0x78 c:/program files (x86)/atmel/studio/7.0/toolchain/arm/arm-gnu-toolchain/bin/../lib/gcc/arm-none-eabi/6.3.1/../../../../arm-none-eabi/lib/thumb/v6-m/crt0.o
 .data          0x00000000        0x0 c:/program files (x86)/atmel/studio/7.0/toolchain/arm/arm-gnu-toolchain/bin/../lib/gcc/arm-none-eabi/6.3.1/../../../../arm-none-eabi/lib/thumb/v6-m/crt0.o
 .bss           0x00000000        0x0 c:/program files (x86)/atmel/studio/7.0/toolchain/arm/arm-gnu-toolchain/bin/../lib/gcc/arm-none-eabi/6.3.1/../../../../arm-none-eabi/lib/thumb/v6-m/crt0.o
 .ARM.extab     0x00000000        0x0 c:/program files (x86)/atmel/studio/7.0/toolchain/arm/arm-gnu-toolchain/bin/../lib/gcc/arm-none-eabi/6.3.1/../../../../arm-none-eabi/lib/thumb/v6-m/crt0.o
 .ARM.exidx     0x00000000        0x8 c:/program files (x86)/atmel/studio/7.0/toolchain/arm/arm-gnu-toolchain/bin/../lib/gcc/arm-none-eabi/6.3.1/../../../../arm-none-eabi/lib/thumb/v6-m/crt0.o
 .ARM.attributes
                0x00000000       0x1b c:/program files (x86)/atmel/studio/7.0/toolchain/arm/arm-gnu-toolchain/bin/../lib/gcc/arm-none-eabi/6.3.1/../../../../arm-none-eabi/lib/thumb/v6-m/crt0.o
 .group         0x00000000        0x8 src/ASF/common/utils/interrupt/interrupt_sam_nvic.o
 .group         0x00000000        0x8 src/ASF/common/utils/interrupt/interrupt_sam_nvic.o
 .group         0x00000000        0x8 src/ASF/common/utils/interrupt/interrupt_sam_nvic.o
 .group         0x00000000        0x8 src/ASF/common/utils/interrupt/interrupt_sam_nvic.o
 .group         0x00000000        0x8 src/ASF/common/utils/interrupt/interrupt_sam_nvic.o
 .group         0x00000000        0x8 src/ASF/common/utils/interrupt/interrupt_sam_nvic.o
 .group         0x00000000        0x8 src/ASF/common/utils/interrupt/interrupt_sam_nvic.o
 .group         0x00000000        0x8 src/ASF/common/utils/interrupt/interrupt_sam_nvic.o
 .group         0x00000000        0x8 src/ASF/common/utils/interrupt/interrupt_sam_nvic.o
[...]
Memory Configuration

Name             Origin             Length             Attributes
rom              0x00000000         0x00040000         xr
ram              0x20000000         0x00008000         xrw
*default*        0x00000000         0xffffffff

Linker script and memory map

LOAD c:/program files (x86)/atmel/studio/7.0/toolchain/arm/arm-gnu-toolchain/bin/../lib/gcc/arm-none-eabi/6.3.1/thumb/v6-m/crti.o
LOAD c:/program files (x86)/atmel/studio/7.0/toolchain/arm/arm-gnu-toolchain/bin/../lib/gcc/arm-none-eabi/6.3.1/thumb/v6-m/crtbegin.o
LOAD c:/program files (x86)/atmel/studio/7.0/toolchain/arm/arm-gnu-toolchain/bin/../lib/gcc/arm-none-eabi/6.3.1/../../../../arm-none-eabi/lib/thumb/v6-m/crt0.o
LOAD src/ASF/common/utils/interrupt/interrupt_sam_nvic.o
LOAD src/ASF/sam0/boards/samc21_xplained_pro/board_init.o
LOAD src/ASF/sam0/drivers/adc/adc_sam_l_c/adc.o
LOAD src/ASF/sam0/drivers/port/port.o
LOAD src/ASF/sam0/drivers/system/clock/clock_samc20_c21/clock.o
LOAD src/ASF/sam0/drivers/system/clock/clock_samc20_c21/gclk.o
LOAD src/ASF/sam0/drivers/system/interrupt/system_interrupt.o
LOAD src/ASF/sam0/drivers/system/pinmux/pinmux.o
LOAD src/ASF/sam0/drivers/system/system.o
LOAD src/ASF/sam0/utils/cmsis/samc21/source/gcc/startup_samc21.o
LOAD src/ASF/sam0/utils/cmsis/samc21/source/system_samc21.o
LOAD src/ASF/sam0/utils/syscalls/gcc/syscalls.o
LOAD src/qs_adc_basic.o
START GROUP
LOAD ../src/ASF/thirdparty/CMSIS/Lib/GCC\libarm_cortexM0l_math.a
LOAD c:/program files (x86)/atmel/studio/7.0/toolchain/arm/arm-gnu-toolchain/bin/../lib/gcc/arm-none-eabi/6.3.1/../../../../arm-none-eabi/lib/thumb/v6-m\libm.a
END GROUP
START GROUP
LOAD c:/program files (x86)/atmel/studio/7.0/toolchain/arm/arm-gnu-toolchain/bin/../lib/gcc/arm-none-eabi/6.3.1/thumb/v6-m\libgcc.a
LOAD c:/program files (x86)/atmel/studio/7.0/toolchain/arm/arm-gnu-toolchain/bin/../lib/gcc/arm-none-eabi/6.3.1/../../../../arm-none-eabi/lib/thumb/v6-m\libc_nano.a
END GROUP
START GROUP
LOAD c:/program files (x86)/atmel/studio/7.0/toolchain/arm/arm-gnu-toolchain/bin/../lib/gcc/arm-none-eabi/6.3.1/thumb/v6-m\libgcc.a
LOAD c:/program files (x86)/atmel/studio/7.0/toolchain/arm/arm-gnu-toolchain/bin/../lib/gcc/arm-none-eabi/6.3.1/../../../../arm-none-eabi/lib/thumb/v6-m\libc_nano.a
END GROUP
LOAD c:/program files (x86)/atmel/studio/7.0/toolchain/arm/arm-gnu-toolchain/bin/../lib/gcc/arm-none-eabi/6.3.1/thumb/v6-m/crtend.o
LOAD c:/program files (x86)/atmel/studio/7.0/toolchain/arm/arm-gnu-toolchain/bin/../lib/gcc/arm-none-eabi/6.3.1/thumb/v6-m/crtn.o
                0x00002000                STACK_SIZE = DEFINED (STACK_SIZE)?STACK_SIZE:DEFINED (__stack_size__)?__stack_size__:0x2000

.text           0x00000000      0xd40
                0x00000000                . = ALIGN (0x4)
                0x00000000                _sfixed = .
 *(.vectors .vectors.*)
 .vectors       0x00000000       0xbc src/ASF/sam0/utils/cmsis/samc21/source/gcc/startup_samc21.o
                0x00000000                exception_table
 *(.text .text.* .gnu.linkonce.t.*)
 .text          0x000000bc       0x60 c:/program files (x86)/atmel/studio/7.0/toolchain/arm/arm-gnu-toolchain/bin/../lib/gcc/arm-none-eabi/6.3.1/thumb/v6-m/crtbegin.o
 .text.cpu_irq_enter_critical
                0x0000011c       0x40 src/ASF/common/utils/interrupt/interrupt_sam_nvic.o
                0x0000011c                cpu_irq_enter_critical
 .text.cpu_irq_leave_critical
                0x0000015c       0x30 src/ASF/common/utils/interrupt/interrupt_sam_nvic.o
                0x0000015c                cpu_irq_leave_critical
 .text.system_board_init
                0x0000018c       0x34 src/ASF/sam0/boards/samc21_xplained_pro/board_init.o
                0x0000018c                board_init
                0x0000018c                system_board_init
 .text._adc_get_inst_index
                0x000001c0       0x24 src/ASF/sam0/drivers/adc/adc_sam_l_c/adc.o
                0x000001c0                _adc_get_inst_index
 .text.adc_get_config_defaults
                0x000001e4       0x44 src/ASF/sam0/drivers/adc/adc_sam_l_c/adc.o
                0x000001e4                adc_get_config_defaults
 .text.adc_init
                0x00000228      0x4c8 src/ASF/sam0/drivers/adc/adc_sam_l_c/adc.o
                0x00000228                adc_init
 .text.port_pin_set_config
                0x000006f0       0x24 src/ASF/sam0/drivers/port/port.o
                0x000006f0                port_pin_set_config
 .text.system_clock_init
                0x00000714       0x64 src/ASF/sam0/drivers/system/clock/clock_samc20_c21/clock.o
                0x00000714                system_clock_init
 .text.system_gclk_init
                0x00000778       0x24 src/ASF/sam0/drivers/system/clock/clock_samc20_c21/gclk.o
                0x00000778                system_gclk_init
 .text.system_gclk_gen_set_config
                0x0000079c       0xac src/ASF/sam0/drivers/system/clock/clock_samc20_c21/gclk.o
                0x0000079c                system_gclk_gen_set_config
 .text.system_gclk_gen_enable
                0x00000848       0x40 src/ASF/sam0/drivers/system/clock/clock_samc20_c21/gclk.o
                0x00000848                system_gclk_gen_enable
 .text.system_gclk_chan_enable
                0x00000888       0x38 src/ASF/sam0/drivers/system/clock/clock_samc20_c21/gclk.o
                0x00000888                system_gclk_chan_enable
 .text.system_gclk_chan_disable
                0x000008c0       0x38 src/ASF/sam0/drivers/system/clock/clock_samc20_c21/gclk.o
                0x000008c0                system_gclk_chan_disable
 .text.system_gclk_chan_set_config
                0x000008f8       0x24 src/ASF/sam0/drivers/system/clock/clock_samc20_c21/gclk.o
                0x000008f8                system_gclk_chan_set_config
 .text._system_pinmux_config
                0x0000091c       0xa8 src/ASF/sam0/drivers/system/pinmux/pinmux.o
 .text.system_pinmux_pin_set_config
                0x000009c4       0x2c src/ASF/sam0/drivers/system/pinmux/pinmux.o
                0x000009c4                system_pinmux_pin_set_config
 .text._system_dummy_init
                0x000009f0        0x2 src/ASF/sam0/drivers/system/system.o
                0x000009f0                _system_extint_init
                0x000009f0                _system_events_init
                0x000009f0                _system_dummy_init
                0x000009f0                _system_divas_init
 *fill*         0x000009f2        0x2 
 .text.system_init
                0x000009f4       0x2c src/ASF/sam0/drivers/system/system.o
                0x000009f4                system_init
 .text.Dummy_Handler
                0x00000a20        0x2 src/ASF/sam0/utils/cmsis/samc21/source/gcc/startup_samc21.o
                0x00000a20                DMAC_Handler
                0x00000a20                HardFault_Handler
                0x00000a20                TC2_Handler
                0x00000a20                AC_Handler
                0x00000a20                SysTick_Handler
                0x00000a20                PendSV_Handler
                0x00000a20                NMI_Handler
                0x00000a20                SERCOM1_Handler
                0x00000a20                TCC1_Handler
                0x00000a20                SERCOM2_Handler
                0x00000a20                TCC0_Handler
                0x00000a20                RTC_Handler
                0x00000a20                ADC1_Handler
                0x00000a20                EIC_Handler
                0x00000a20                WDT_Handler
                0x00000a20                CAN0_Handler
                0x00000a20                TC4_Handler
                0x00000a20                TC1_Handler
                0x00000a20                TC3_Handler
                0x00000a20                SDADC_Handler
                0x00000a20                Dummy_Handler
                0x00000a20                SERCOM5_Handler
                0x00000a20                CAN1_Handler
                0x00000a20                ADC0_Handler
                0x00000a20                TSENS_Handler
                0x00000a20                SVC_Handler
                0x00000a20                TCC2_Handler
                0x00000a20                EVSYS_Handler
                0x00000a20                SERCOM3_Handler
                0x00000a20                SERCOM4_Handler
                0x00000a20                NVMCTRL_Handler
                0x00000a20                SYSTEM_Handler
                0x00000a20                SERCOM0_Handler
                0x00000a20                DAC_Handler
                0x00000a20                PTC_Handler
                0x00000a20                FREQM_Handler
                0x00000a20                TC0_Handler
 *fill*         0x00000a22        0x2 
 .text.Reset_Handler
                0x00000a24       0x88 src/ASF/sam0/utils/cmsis/samc21/source/gcc/startup_samc21.o
                0x00000a24                Reset_Handler
 .text.configure_adc
                0x00000aac       0x50 src/qs_adc_basic.o
                0x00000aac                configure_adc
 .text.main     0x00000afc       0x7c src/qs_adc_basic.o
                0x00000afc                main
 .text.__libc_init_array
                0x00000b78       0x48 c:/program files (x86)/atmel/studio/7.0/toolchain/arm/arm-gnu-toolchain/bin/../lib/gcc/arm-none-eabi/6.3.1/../../../../arm-none-eabi/lib/thumb/v6-m\libc_nano.a(lib_a-init.o)
                0x00000b78                __libc_init_array
 *(.glue_7t)
 .glue_7t       0x00000bc0        0x0 linker stubs
 *(.glue_7)
 .glue_7        0x00000bc0        0x0 linker stubs
 *(.rodata .rodata* .gnu.linkonce.r.*)
 .rodata.adc_init
                0x00000bc0       0xd4 src/ASF/sam0/drivers/adc/adc_sam_l_c/adc.o
 .rodata        0x00000c94       0x60 src/ASF/sam0/drivers/adc/adc_sam_l_c/adc.o
 .rodata._adc_apbcmasks
                0x00000cf4        0x8 src/ASF/sam0/drivers/adc/adc_sam_l_c/adc.o
                0x00000cf4                _adc_apbcmasks
 .rodata._adc_biascomp_addr
                0x00000cfc        0x8 src/ASF/sam0/drivers/adc/adc_sam_l_c/adc.o
                0x00000cfc                _adc_biascomp_addr
 .rodata._adc_biascomp_pos
                0x00000d04        0x2 src/ASF/sam0/drivers/adc/adc_sam_l_c/adc.o
                0x00000d04                _adc_biascomp_pos
 *fill*         0x00000d06        0x2 
 .rodata._adc_biasrefbuf_addr
                0x00000d08        0x8 src/ASF/sam0/drivers/adc/adc_sam_l_c/adc.o
                0x00000d08                _adc_biasrefbuf_addr
 .rodata._adc_biasrefbuf_pos
                0x00000d10        0x2 src/ASF/sam0/drivers/adc/adc_sam_l_c/adc.o
                0x00000d10                _adc_biasrefbuf_pos
 *fill*         0x00000d12        0x2 
 .rodata._adc_extchannel_msb
                0x00000d14        0x8 src/ASF/sam0/drivers/adc/adc_sam_l_c/adc.o
                0x00000d14                _adc_extchannel_msb
 .rodata._adc_gclk_ids
                0x00000d1c        0x2 src/ASF/sam0/drivers/adc/adc_sam_l_c/adc.o
                0x00000d1c                _adc_gclk_ids
 *(.ARM.extab* .gnu.linkonce.armextab.*)
                0x00000d20                . = ALIGN (0x4)
 *fill*         0x00000d1e        0x2 
 *(.init)
 .init          0x00000d20        0x4 c:/program files (x86)/atmel/studio/7.0/toolchain/arm/arm-gnu-toolchain/bin/../lib/gcc/arm-none-eabi/6.3.1/thumb/v6-m/crti.o
                0x00000d20                _init
 .init          0x00000d24        0x8 c:/program files (x86)/atmel/studio/7.0/toolchain/arm/arm-gnu-toolchain/bin/../lib/gcc/arm-none-eabi/6.3.1/thumb/v6-m/crtn.o
                0x00000d2c                . = ALIGN (0x4)
                0x00000d2c                __preinit_array_start = .
 *(.preinit_array)
                0x00000d2c                __preinit_array_end = .
                0x00000d2c                . = ALIGN (0x4)
                0x00000d2c                __init_array_start = .
 *(SORT(.init_array.*))
 *(.init_array)
 .init_array    0x00000d2c        0x4 c:/program files (x86)/atmel/studio/7.0/toolchain/arm/arm-gnu-toolchain/bin/../lib/gcc/arm-none-eabi/6.3.1/thumb/v6-m/crtbegin.o
                0x00000d30                __init_array_end = .
                0x00000d30                . = ALIGN (0x4)
 *crtbegin.o(.ctors)
 *(EXCLUDE_FILE(*crtend.o) .ctors)
 *(SORT(.ctors.*))
 *crtend.o(.ctors)
                0x00000d30                . = ALIGN (0x4)
 *(.fini)
 .fini          0x00000d30        0x4 c:/program files (x86)/atmel/studio/7.0/toolchain/arm/arm-gnu-toolchain/bin/../lib/gcc/arm-none-eabi/6.3.1/thumb/v6-m/crti.o
                0x00000d30                _fini
 .fini          0x00000d34        0x8 c:/program files (x86)/atmel/studio/7.0/toolchain/arm/arm-gnu-toolchain/bin/../lib/gcc/arm-none-eabi/6.3.1/thumb/v6-m/crtn.o
                0x00000d3c                . = ALIGN (0x4)
                0x00000d3c                __fini_array_start = .
 *(.fini_array)
 .fini_array    0x00000d3c        0x4 c:/program files (x86)/atmel/studio/7.0/toolchain/arm/arm-gnu-toolchain/bin/../lib/gcc/arm-none-eabi/6.3.1/thumb/v6-m/crtbegin.o
 *(SORT(.fini_array.*))
                0x00000d40                __fini_array_end = .
 *crtbegin.o(.dtors)
 *(EXCLUDE_FILE(*crtend.o) .dtors)
 *(SORT(.dtors.*))
 *crtend.o(.dtors)
                0x00000d40                . = ALIGN (0x4)
                0x00000d40                _efixed = .
                [!provide]                PROVIDE (__exidx_start, .)

.vfp11_veneer   0x00000d40        0x0
 .vfp11_veneer  0x00000d40        0x0 linker stubs

.v4_bx          0x00000d40        0x0
 .v4_bx         0x00000d40        0x0 linker stubs

.iplt           0x00000d40        0x0
 .iplt          0x00000d40        0x0 c:/program files (x86)/atmel/studio/7.0/toolchain/arm/arm-gnu-toolchain/bin/../lib/gcc/arm-none-eabi/6.3.1/thumb/v6-m/crtbegin.o

.eh_frame       0x00000d40        0x0
 .eh_frame      0x00000d40        0x0 c:/program files (x86)/atmel/studio/7.0/toolchain/arm/arm-gnu-toolchain/bin/../lib/gcc/arm-none-eabi/6.3.1/thumb/v6-m/crtbegin.o

.rel.dyn        0x00000d40        0x0
 .rel.iplt      0x00000d40        0x0 c:/program files (x86)/atmel/studio/7.0/toolchain/arm/arm-gnu-toolchain/bin/../lib/gcc/arm-none-eabi/6.3.1/thumb/v6-m/crtbegin.o

.jcr            0x00000d40        0x0
 .jcr           0x00000d40        0x0 c:/program files (x86)/atmel/studio/7.0/toolchain/arm/arm-gnu-toolchain/bin/../lib/gcc/arm-none-eabi/6.3.1/thumb/v6-m/crtbegin.o

.igot.plt       0x00000d40        0x0
 .igot.plt      0x00000d40        0x0 c:/program files (x86)/atmel/studio/7.0/toolchain/arm/arm-gnu-toolchain/bin/../lib/gcc/arm-none-eabi/6.3.1/thumb/v6-m/crtbegin.o

.ARM.exidx
 *(.ARM.exidx* .gnu.linkonce.armexidx.*)
                [!provide]                PROVIDE (__exidx_end, .)
                0x00000d40                . = ALIGN (0x4)
                0x00000d40                _etext = .

.relocate       0x20000000        0x4 load address 0x00000d40
                0x20000000                . = ALIGN (0x4)
                0x20000000                _srelocate = .
 *(.ramfunc .ramfunc.*)
 *(.data .data.*)
 .data.g_interrupt_enabled
                0x20000000        0x1 src/ASF/common/utils/interrupt/interrupt_sam_nvic.o
                0x20000000                g_interrupt_enabled
                0x20000004                . = ALIGN (0x4)
 *fill*         0x20000001        0x3 
                0x20000004                _erelocate = .

.bss            0x20000004       0x2c load address 0x00000d44
                0x20000004                . = ALIGN (0x4)
                0x20000004                _sbss = .
                0x20000004                _szero = .
 *(.bss .bss.*)
 .bss           0x20000004       0x1c c:/program files (x86)/atmel/studio/7.0/toolchain/arm/arm-gnu-toolchain/bin/../lib/gcc/arm-none-eabi/6.3.1/thumb/v6-m/crtbegin.o
 .bss.cpu_irq_critical_section_counter
                0x20000020        0x4 src/ASF/common/utils/interrupt/interrupt_sam_nvic.o
 .bss.cpu_irq_prev_interrupt_state
                0x20000024        0x1 src/ASF/common/utils/interrupt/interrupt_sam_nvic.o
 *(COMMON)
 *fill*         0x20000025        0x3 
 COMMON         0x20000028        0x8 src/qs_adc_basic.o
                0x20000028                adc_instance
                0x20000030                . = ALIGN (0x4)
                0x20000030                _ebss = .
                0x20000030                _ezero = .

.stack          0x20000030     0x2000 load address 0x00000d70
                0x20000030                . = ALIGN (0x8)
                0x20000030                _sstack = .
                0x20002030                . = (. + STACK_SIZE)
 *fill*         0x20000030     0x2000 
                0x20002030                . = ALIGN (0x8)
                0x20002030                _estack = .
                0x20002030                . = ALIGN (0x4)
                0x20002030                _end = .
OUTPUT(ADC_QUICK_START1.elf elf32-littlearm)

.ARM.attributes
                0x00000000       0x28
 .ARM.attributes
                0x00000000       0x1e c:/program files (x86)/atmel/studio/7.0/toolchain/arm/arm-gnu-toolchain/bin/../lib/gcc/arm-none-eabi/6.3.1/thumb/v6-m/crti.o
 .ARM.attributes
                0x0000001e       0x2c c:/program files (x86)/atmel/studio/7.0/toolchain/arm/arm-gnu-toolchain/bin/../lib/gcc/arm-none-eabi/6.3.1/thumb/v6-m/crtbegin.o
 .ARM.attributes
                0x0000004a       0x32 src/ASF/common/utils/interrupt/interrupt_sam_nvic.o
 .ARM.attributes
                0x0000007c       0x32 src/ASF/sam0/boards/samc21_xplained_pro/board_init.o
 .ARM.attributes
                0x000000ae       0x32 src/ASF/sam0/drivers/adc/adc_sam_l_c/adc.o
 .ARM.attributes
                0x000000e0       0x32 src/ASF/sam0/drivers/port/port.o
 .ARM.attributes
                0x00000112       0x32 src/ASF/sam0/drivers/system/clock/clock_samc20_c21/clock.o
 .ARM.attributes
                0x00000144       0x32 src/ASF/sam0/drivers/system/clock/clock_samc20_c21/gclk.o
 .ARM.attributes
                0x00000176       0x32 src/ASF/sam0/drivers/system/pinmux/pinmux.o
 .ARM.attributes
                0x000001a8       0x32 src/ASF/sam0/drivers/system/system.o
 .ARM.attributes
                0x000001da       0x32 src/ASF/sam0/utils/cmsis/samc21/source/gcc/startup_samc21.o
 .ARM.attributes
                0x0000020c       0x32 src/qs_adc_basic.o
 .ARM.attributes
                0x0000023e       0x2c c:/program files (x86)/atmel/studio/7.0/toolchain/arm/arm-gnu-toolchain/bin/../lib/gcc/arm-none-eabi/6.3.1/../../../../arm-none-eabi/lib/thumb/v6-m\libc_nano.a(lib_a-init.o)
 .ARM.attributes
                0x0000026a       0x1e c:/program files (x86)/atmel/studio/7.0/toolchain/arm/arm-gnu-toolchain/bin/../lib/gcc/arm-none-eabi/6.3.1/thumb/v6-m/crtn.o

.comment        0x00000000       0x59
 .comment       0x00000000       0x59 src/ASF/common/utils/interrupt/interrupt_sam_nvic.o
                                 0x5a (size before relaxing)
 .comment       0x00000059       0x5a src/ASF/sam0/boards/samc21_xplained_pro/board_init.o
 .comment       0x00000059       0x5a src/ASF/sam0/drivers/adc/adc_sam_l_c/adc.o
 .comment       0x00000059       0x5a src/ASF/sam0/drivers/port/port.o
 .comment       0x00000059       0x5a src/ASF/sam0/drivers/system/clock/clock_samc20_c21/clock.o
 .comment       0x00000059       0x5a src/ASF/sam0/drivers/system/clock/clock_samc20_c21/gclk.o
 .comment       0x00000059       0x5a src/ASF/sam0/drivers/system/pinmux/pinmux.o
 .comment       0x00000059       0x5a src/ASF/sam0/drivers/system/system.o
 .comment       0x00000059       0x5a src/ASF/sam0/utils/cmsis/samc21/source/gcc/startup_samc21.o
 .comment       0x00000059       0x5a src/qs_adc_basic.o

.debug_info     0x00000000     0xf991
 .debug_info    0x00000000      0xb07 src/ASF/common/utils/interrupt/interrupt_sam_nvic.o
 .debug_info    0x00000b07     0x124a src/ASF/sam0/boards/samc21_xplained_pro/board_init.o
 .debug_info    0x00001d51     0x3179 src/ASF/sam0/drivers/adc/adc_sam_l_c/adc.o
 .debug_info    0x00004eca     0x1254 src/ASF/sam0/drivers/port/port.o
 .debug_info    0x0000611e     0x381a src/ASF/sam0/drivers/system/clock/clock_samc20_c21/clock.o
 .debug_info    0x00009938     0x1c3d src/ASF/sam0/drivers/system/clock/clock_samc20_c21/gclk.o
 .debug_info    0x0000b575     0x1391 src/ASF/sam0/drivers/system/pinmux/pinmux.o
 .debug_info    0x0000c906      0xa73 src/ASF/sam0/drivers/system/system.o
 .debug_info    0x0000d379      0x523 src/ASF/sam0/utils/cmsis/samc21/source/gcc/startup_samc21.o
 .debug_info    0x0000d89c     0x20f5 src/qs_adc_basic.o

.debug_abbrev   0x00000000     0x1ded
 .debug_abbrev  0x00000000      0x22c src/ASF/common/utils/interrupt/interrupt_sam_nvic.o
 .debug_abbrev  0x0000022c      0x2c7 src/ASF/sam0/boards/samc21_xplained_pro/board_init.o
 .debug_abbrev  0x000004f3      0x47e src/ASF/sam0/drivers/adc/adc_sam_l_c/adc.o
 .debug_abbrev  0x00000971      0x283 src/ASF/sam0/drivers/port/port.o
 .debug_abbrev  0x00000bf4      0x3f1 src/ASF/sam0/drivers/system/clock/clock_samc20_c21/clock.o
 .debug_abbrev  0x00000fe5      0x405 src/ASF/sam0/drivers/system/clock/clock_samc20_c21/gclk.o
 .debug_abbrev  0x000013ea      0x34c src/ASF/sam0/drivers/system/pinmux/pinmux.o
 .debug_abbrev  0x00001736      0x1e1 src/ASF/sam0/drivers/system/system.o
 .debug_abbrev  0x00001917      0x14f src/ASF/sam0/utils/cmsis/samc21/source/gcc/startup_samc21.o
 .debug_abbrev  0x00001a66      0x387 src/qs_adc_basic.o

.debug_aranges  0x00000000      0x258
 .debug_aranges
                0x00000000       0x28 src/ASF/common/utils/interrupt/interrupt_sam_nvic.o
 .debug_aranges
                0x00000028       0x20 src/ASF/sam0/boards/samc21_xplained_pro/board_init.o
 .debug_aranges
                0x00000048       0x38 src/ASF/sam0/drivers/adc/adc_sam_l_c/adc.o
 .debug_aranges
                0x00000080       0x28 src/ASF/sam0/drivers/port/port.o
 .debug_aranges
                0x000000a8       0x78 src/ASF/sam0/drivers/system/clock/clock_samc20_c21/clock.o
 .debug_aranges
                0x00000120       0x80 src/ASF/sam0/drivers/system/clock/clock_samc20_c21/gclk.o
 .debug_aranges
                0x000001a0       0x40 src/ASF/sam0/drivers/system/pinmux/pinmux.o
 .debug_aranges
                0x000001e0       0x28 src/ASF/sam0/drivers/system/system.o
 .debug_aranges
                0x00000208       0x28 src/ASF/sam0/utils/cmsis/samc21/source/gcc/startup_samc21.o
 .debug_aranges
                0x00000230       0x28 src/qs_adc_basic.o

.debug_ranges   0x00000000      0x2a8
 .debug_ranges  0x00000000       0x18 src/ASF/common/utils/interrupt/interrupt_sam_nvic.o
 .debug_ranges  0x00000018       0x10 src/ASF/sam0/boards/samc21_xplained_pro/board_init.o
 .debug_ranges  0x00000028       0xe8 src/ASF/sam0/drivers/adc/adc_sam_l_c/adc.o
 .debug_ranges  0x00000110       0x18 src/ASF/sam0/drivers/port/port.o
 .debug_ranges  0x00000128       0x68 src/ASF/sam0/drivers/system/clock/clock_samc20_c21/clock.o
 .debug_ranges  0x00000190       0x88 src/ASF/sam0/drivers/system/clock/clock_samc20_c21/gclk.o
 .debug_ranges  0x00000218       0x30 src/ASF/sam0/drivers/system/pinmux/pinmux.o
 .debug_ranges  0x00000248       0x18 src/ASF/sam0/drivers/system/system.o
 .debug_ranges  0x00000260       0x18 src/ASF/sam0/utils/cmsis/samc21/source/gcc/startup_samc21.o
 .debug_ranges  0x00000278       0x30 src/qs_adc_basic.o

.debug_macro    0x00000000    0x1c4f1
 .debug_macro   0x00000000      0x5c7 src/ASF/common/utils/interrupt/interrupt_sam_nvic.o
 .debug_macro   0x000005c7      0x8b6 src/ASF/common/utils/interrupt/interrupt_sam_nvic.o
 .debug_macro   0x00000e7d      0x16d src/ASF/common/utils/interrupt/interrupt_sam_nvic.o
 .debug_macro   0x00000fea      0x6d7 src/ASF/common/utils/interrupt/interrupt_sam_nvic.o
 .debug_macro   0x000016c1       0x22 src/ASF/common/utils/interrupt/interrupt_sam_nvic.o
 .debug_macro   0x000016e3       0x87 src/ASF/common/utils/interrupt/interrupt_sam_nvic.o
 .debug_macro   0x0000176a       0x51 src/ASF/common/utils/interrupt/interrupt_sam_nvic.o
 .debug_macro   0x000017bb       0xef src/ASF/common/utils/interrupt/interrupt_sam_nvic.o
 .debug_macro   0x000018aa       0x6a src/ASF/common/utils/interrupt/interrupt_sam_nvic.o
 .debug_macro   0x00001914      0x1df src/ASF/common/utils/interrupt/interrupt_sam_nvic.o
 .debug_macro   0x00001af3       0x10 src/ASF/common/utils/interrupt/interrupt_sam_nvic.o
 .debug_macro   0x00001b03       0x76 src/ASF/common/utils/interrupt/interrupt_sam_nvic.o
 .debug_macro   0x00001b79       0x16 src/ASF/common/utils/interrupt/interrupt_sam_nvic.o
 .debug_macro   0x00001b8f      0x6db src/ASF/common/utils/interrupt/interrupt_sam_nvic.o
 .debug_macro   0x0000226a      0xdd8 src/ASF/common/utils/interrupt/interrupt_sam_nvic.o
 .debug_macro   0x00003042       0x22 src/ASF/common/utils/interrupt/interrupt_sam_nvic.o
 .debug_macro   0x00003064       0x40 src/ASF/common/utils/interrupt/interrupt_sam_nvic.o
 .debug_macro   0x000030a4       0x3a src/ASF/common/utils/interrupt/interrupt_sam_nvic.o
 .debug_macro   0x000030de       0x1f src/ASF/common/utils/interrupt/interrupt_sam_nvic.o
 .debug_macro   0x000030fd      0x376 src/ASF/common/utils/interrupt/interrupt_sam_nvic.o
 .debug_macro   0x00003473      0x897 src/ASF/common/utils/interrupt/interrupt_sam_nvic.o
 .debug_macro   0x00003d0a      0x8c4 src/ASF/common/utils/interrupt/interrupt_sam_nvic.o
 .debug_macro   0x000045ce     0x2d61 src/ASF/common/utils/interrupt/interrupt_sam_nvic.o
 .debug_macro   0x0000732f      0x222 src/ASF/common/utils/interrupt/interrupt_sam_nvic.o
 .debug_macro   0x00007551      0x286 src/ASF/common/utils/interrupt/interrupt_sam_nvic.o
 .debug_macro   0x000077d7      0x137 src/ASF/common/utils/interrupt/interrupt_sam_nvic.o
 .debug_macro   0x0000790e      0xc3a src/ASF/common/utils/interrupt/interrupt_sam_nvic.o
 .debug_macro   0x00008548      0x5f0 src/ASF/common/utils/interrupt/interrupt_sam_nvic.o
 .debug_macro   0x00008b38      0x5be src/ASF/common/utils/interrupt/interrupt_sam_nvic.o
 .debug_macro   0x000090f6      0x828 src/ASF/common/utils/interrupt/interrupt_sam_nvic.o
 .debug_macro   0x0000991e      0x172 src/ASF/common/utils/interrupt/interrupt_sam_nvic.o
 .debug_macro   0x00009a90      0x286 src/ASF/common/utils/interrupt/interrupt_sam_nvic.o
 .debug_macro   0x00009d16      0x55f src/ASF/common/utils/interrupt/interrupt_sam_nvic.o
 .debug_macro   0x0000a275      0x433 src/ASF/common/utils/interrupt/interrupt_sam_nvic.o
 .debug_macro   0x0000a6a8      0x21c src/ASF/common/utils/interrupt/interrupt_sam_nvic.o
 .debug_macro   0x0000a8c4      0x7a2 src/ASF/common/utils/interrupt/interrupt_sam_nvic.o
 .debug_macro   0x0000b066      0x557 src/ASF/common/utils/interrupt/interrupt_sam_nvic.o
 .debug_macro   0x0000b5bd      0x335 src/ASF/common/utils/interrupt/interrupt_sam_nvic.o
 .debug_macro   0x0000b8f2      0x6ab src/ASF/common/utils/interrupt/interrupt_sam_nvic.o
 .debug_macro   0x0000bf9d       0xc4 src/ASF/common/utils/interrupt/interrupt_sam_nvic.o
 .debug_macro   0x0000c061      0x349 src/ASF/common/utils/interrupt/interrupt_sam_nvic.o
 .debug_macro   0x0000c3aa       0x6a src/ASF/common/utils/interrupt/interrupt_sam_nvic.o
 .debug_macro   0x0000c414     0x1216 src/ASF/common/utils/interrupt/interrupt_sam_nvic.o
 .debug_macro   0x0000d62a      0x5a9 src/ASF/common/utils/interrupt/interrupt_sam_nvic.o
 .debug_macro   0x0000dbd3      0xfc5 src/ASF/common/utils/interrupt/interrupt_sam_nvic.o
 .debug_macro   0x0000eb98      0x5a1 src/ASF/common/utils/interrupt/interrupt_sam_nvic.o
 .debug_macro   0x0000f139      0x3c4 src/ASF/common/utils/interrupt/interrupt_sam_nvic.o
 .debug_macro   0x0000f4fd      0x8b2 src/ASF/common/utils/interrupt/interrupt_sam_nvic.o
 .debug_macro   0x0000fdaf     0x19c2 src/ASF/common/utils/interrupt/interrupt_sam_nvic.o
 .debug_macro   0x00011771      0x39c src/ASF/common/utils/interrupt/interrupt_sam_nvic.o
 .debug_macro   0x00011b0d      0x36e src/ASF/common/utils/interrupt/interrupt_sam_nvic.o
 .debug_macro   0x00011e7b       0x94 src/ASF/common/utils/interrupt/interrupt_sam_nvic.o
 .debug_macro   0x00011f0f       0xac src/ASF/common/utils/interrupt/interrupt_sam_nvic.o
 .debug_macro   0x00011fbb       0xac src/ASF/common/utils/interrupt/interrupt_sam_nvic.o
 .debug_macro   0x00012067      0x14d src/ASF/common/utils/interrupt/interrupt_sam_nvic.o
 .debug_macro   0x000121b4      0x14d src/ASF/common/utils/interrupt/interrupt_sam_nvic.o
 .debug_macro   0x00012301       0x4c src/ASF/common/utils/interrupt/interrupt_sam_nvic.o
 .debug_macro   0x0001234d       0x58 src/ASF/common/utils/interrupt/interrupt_sam_nvic.o
 .debug_macro   0x000123a5       0x3a src/ASF/common/utils/interrupt/interrupt_sam_nvic.o
 .debug_macro   0x000123df       0xd0 src/ASF/common/utils/interrupt/interrupt_sam_nvic.o
 .debug_macro   0x000124af       0xb8 src/ASF/common/utils/interrupt/interrupt_sam_nvic.o
 .debug_macro   0x00012567       0x64 src/ASF/common/utils/interrupt/interrupt_sam_nvic.o
 .debug_macro   0x000125cb      0x5fe src/ASF/common/utils/interrupt/interrupt_sam_nvic.o
 .debug_macro   0x00012bc9       0x46 src/ASF/common/utils/interrupt/interrupt_sam_nvic.o
 .debug_macro   0x00012c0f      0x1c2 src/ASF/common/utils/interrupt/interrupt_sam_nvic.o
 .debug_macro   0x00012dd1      0x188 src/ASF/common/utils/interrupt/interrupt_sam_nvic.o
 .debug_macro   0x00012f59       0x52 src/ASF/common/utils/interrupt/interrupt_sam_nvic.o
 .debug_macro   0x00012fab       0xa0 src/ASF/common/utils/interrupt/interrupt_sam_nvic.o
 .debug_macro   0x0001304b       0xdc src/ASF/common/utils/interrupt/interrupt_sam_nvic.o
 .debug_macro   0x00013127       0x8e src/ASF/common/utils/interrupt/interrupt_sam_nvic.o
 .debug_macro   0x000131b5       0x4c src/ASF/common/utils/interrupt/interrupt_sam_nvic.o
 .debug_macro   0x00013201       0x64 src/ASF/common/utils/interrupt/interrupt_sam_nvic.o
 .debug_macro   0x00013265       0x22 src/ASF/common/utils/interrupt/interrupt_sam_nvic.o
 .debug_macro   0x00013287      0x16e src/ASF/common/utils/interrupt/interrupt_sam_nvic.o
 .debug_macro   0x000133f5       0x16 src/ASF/common/utils/interrupt/interrupt_sam_nvic.o
 .debug_macro   0x0001340b       0xd6 src/ASF/common/utils/interrupt/interrupt_sam_nvic.o
 .debug_macro   0x000134e1       0xa0 src/ASF/common/utils/interrupt/interrupt_sam_nvic.o
 .debug_macro   0x00013581      0x136 src/ASF/common/utils/interrupt/interrupt_sam_nvic.o
 .debug_macro   0x000136b7      0x136 src/ASF/common/utils/interrupt/interrupt_sam_nvic.o
 .debug_macro   0x000137ed      0x136 src/ASF/common/utils/interrupt/interrupt_sam_nvic.o
 .debug_macro   0x00013923      0x136 src/ASF/common/utils/interrupt/interrupt_sam_nvic.o
 .debug_macro   0x00013a59      0x136 src/ASF/common/utils/interrupt/interrupt_sam_nvic.o
 .debug_macro   0x00013b8f      0x136 src/ASF/common/utils/interrupt/interrupt_sam_nvic.o
 .debug_macro   0x00013cc5       0x4c src/ASF/common/utils/interrupt/interrupt_sam_nvic.o
 .debug_macro   0x00013d11      0x16c src/ASF/common/utils/interrupt/interrupt_sam_nvic.o
 .debug_macro   0x00013e7d       0xfa src/ASF/common/utils/interrupt/interrupt_sam_nvic.o
 .debug_macro   0x00013f77       0xfa src/ASF/common/utils/interrupt/interrupt_sam_nvic.o
 .debug_macro   0x00014071       0xfa src/ASF/common/utils/interrupt/interrupt_sam_nvic.o
 .debug_macro   0x0001416b       0xfa src/ASF/common/utils/interrupt/interrupt_sam_nvic.o
 .debug_macro   0x00014265       0xfa src/ASF/common/utils/interrupt/interrupt_sam_nvic.o
 .debug_macro   0x0001435f      0x124 src/ASF/common/utils/interrupt/interrupt_sam_nvic.o
 .debug_macro   0x00014483       0xfa src/ASF/common/utils/interrupt/interrupt_sam_nvic.o
 .debug_macro   0x0001457d       0xee src/ASF/common/utils/interrupt/interrupt_sam_nvic.o
 .debug_macro   0x0001466b       0x76 src/ASF/common/utils/interrupt/interrupt_sam_nvic.o
 .debug_macro   0x000146e1       0x3a src/ASF/common/utils/interrupt/interrupt_sam_nvic.o
 .debug_macro   0x0001471b      0x487 src/ASF/common/utils/interrupt/interrupt_sam_nvic.o
 .debug_macro   0x00014ba2     0x2683 src/ASF/common/utils/interrupt/interrupt_sam_nvic.o
 .debug_macro   0x00017225       0x82 src/ASF/common/utils/interrupt/interrupt_sam_nvic.o
 .debug_macro   0x000172a7       0x58 src/ASF/common/utils/interrupt/interrupt_sam_nvic.o
 .debug_macro   0x000172ff       0x35 src/ASF/common/utils/interrupt/interrupt_sam_nvic.o
 .debug_macro   0x00017334       0x9c src/ASF/common/utils/interrupt/interrupt_sam_nvic.o
 .debug_macro   0x000173d0       0x16 src/ASF/common/utils/interrupt/interrupt_sam_nvic.o
 .debug_macro   0x000173e6       0x35 src/ASF/common/utils/interrupt/interrupt_sam_nvic.o
 .debug_macro   0x0001741b      0x353 src/ASF/common/utils/interrupt/interrupt_sam_nvic.o
 .debug_macro   0x0001776e       0x10 src/ASF/common/utils/interrupt/interrupt_sam_nvic.o
 .debug_macro   0x0001777e       0x58 src/ASF/common/utils/interrupt/interrupt_sam_nvic.o
 .debug_macro   0x000177d6       0x1f src/ASF/common/utils/interrupt/interrupt_sam_nvic.o
 .debug_macro   0x000177f5       0x43 src/ASF/common/utils/interrupt/interrupt_sam_nvic.o
 .debug_macro   0x00017838       0x20 src/ASF/common/utils/interrupt/interrupt_sam_nvic.o
 .debug_macro   0x00017858      0x187 src/ASF/common/utils/interrupt/interrupt_sam_nvic.o
 .debug_macro   0x000179df       0x10 src/ASF/common/utils/interrupt/interrupt_sam_nvic.o
 .debug_macro   0x000179ef       0x1c src/ASF/common/utils/interrupt/interrupt_sam_nvic.o
 .debug_macro   0x00017a0b       0x52 src/ASF/common/utils/interrupt/interrupt_sam_nvic.o
 .debug_macro   0x00017a5d       0x40 src/ASF/common/utils/interrupt/interrupt_sam_nvic.o
 .debug_macro   0x00017a9d       0x10 src/ASF/common/utils/interrupt/interrupt_sam_nvic.o
 .debug_macro   0x00017aad       0x40 src/ASF/common/utils/interrupt/interrupt_sam_nvic.o
 .debug_macro   0x00017aed       0xd7 src/ASF/common/utils/interrupt/interrupt_sam_nvic.o
 .debug_macro   0x00017bc4       0x16 src/ASF/common/utils/interrupt/interrupt_sam_nvic.o
 .debug_macro   0x00017bda      0x18b src/ASF/common/utils/interrupt/interrupt_sam_nvic.o
 .debug_macro   0x00017d65       0x16 src/ASF/common/utils/interrupt/interrupt_sam_nvic.o
 .debug_macro   0x00017d7b       0x16 src/ASF/common/utils/interrupt/interrupt_sam_nvic.o
 .debug_macro   0x00017d91       0x29 src/ASF/common/utils/interrupt/interrupt_sam_nvic.o
 .debug_macro   0x00017dba       0x51 src/ASF/common/utils/interrupt/interrupt_sam_nvic.o
 .debug_macro   0x00017e0b      0x3df src/ASF/common/utils/interrupt/interrupt_sam_nvic.o
 .debug_macro   0x000181ea       0x3e src/ASF/common/utils/interrupt/interrupt_sam_nvic.o
 .debug_macro   0x00018228      0x608 src/ASF/sam0/boards/samc21_xplained_pro/board_init.o
 .debug_macro   0x00018830      0x2c3 src/ASF/sam0/boards/samc21_xplained_pro/board_init.o
 .debug_macro   0x00018af3      0x7e6 src/ASF/sam0/boards/samc21_xplained_pro/board_init.o
 .debug_macro   0x000192d9       0x18 src/ASF/sam0/boards/samc21_xplained_pro/board_init.o
 .debug_macro   0x000192f1       0x19 src/ASF/sam0/boards/samc21_xplained_pro/board_init.o
 .debug_macro   0x0001930a      0x68b src/ASF/sam0/drivers/adc/adc_sam_l_c/adc.o
 .debug_macro   0x00019995       0x10 src/ASF/sam0/drivers/adc/adc_sam_l_c/adc.o
 .debug_macro   0x000199a5       0x19 src/ASF/sam0/drivers/adc/adc_sam_l_c/adc.o
 .debug_macro   0x000199be      0x5e3 src/ASF/sam0/drivers/port/port.o
 .debug_macro   0x00019fa1      0x637 src/ASF/sam0/drivers/system/clock/clock_samc20_c21/clock.o
 .debug_macro   0x0001a5d8      0x25f src/ASF/sam0/drivers/system/clock/clock_samc20_c21/clock.o
 .debug_macro   0x0001a837      0x603 src/ASF/sam0/drivers/system/clock/clock_samc20_c21/gclk.o
 .debug_macro   0x0001ae3a       0x2e src/ASF/sam0/drivers/system/clock/clock_samc20_c21/gclk.o
 .debug_macro   0x0001ae68      0x5d8 src/ASF/sam0/drivers/system/pinmux/pinmux.o
 .debug_macro   0x0001b440       0x12 src/ASF/sam0/drivers/system/pinmux/pinmux.o
 .debug_macro   0x0001b452      0x613 src/ASF/sam0/drivers/system/system.o
 .debug_macro   0x0001ba65      0x3ad src/ASF/sam0/utils/cmsis/samc21/source/gcc/startup_samc21.o
 .debug_macro   0x0001be12       0x3a src/ASF/sam0/utils/cmsis/samc21/source/gcc/startup_samc21.o
 .debug_macro   0x0001be4c      0x686 src/qs_adc_basic.o
 .debug_macro   0x0001c4d2       0x1f src/qs_adc_basic.o

.debug_line     0x00000000     0x6db0
 .debug_line    0x00000000      0x99f src/ASF/common/utils/interrupt/interrupt_sam_nvic.o
 .debug_line    0x0000099f      0xa45 src/ASF/sam0/boards/samc21_xplained_pro/board_init.o
 .debug_line    0x000013e4      0xd7f src/ASF/sam0/drivers/adc/adc_sam_l_c/adc.o
 .debug_line    0x00002163      0x9cc src/ASF/sam0/drivers/port/port.o
 .debug_line    0x00002b2f      0xcc9 src/ASF/sam0/drivers/system/clock/clock_samc20_c21/clock.o
 .debug_line    0x000037f8      0xcdb src/ASF/sam0/drivers/system/clock/clock_samc20_c21/gclk.o
 .debug_line    0x000044d3      0xa19 src/ASF/sam0/drivers/system/pinmux/pinmux.o
 .debug_line    0x00004eec      0xab4 src/ASF/sam0/drivers/system/system.o
 .debug_line    0x000059a0      0x717 src/ASF/sam0/utils/cmsis/samc21/source/gcc/startup_samc21.o
 .debug_line    0x000060b7      0xcf9 src/qs_adc_basic.o

.debug_str      0x00000000    0x9d0d2
 .debug_str     0x00000000    0x94ce6 src/ASF/common/utils/interrupt/interrupt_sam_nvic.o
                              0x95866 (size before relaxing)
 .debug_str     0x00094ce6     0x3372 src/ASF/sam0/boards/samc21_xplained_pro/board_init.o
                              0x98b7b (size before relaxing)
 .debug_str     0x00098058     0x1b82 src/ASF/sam0/drivers/adc/adc_sam_l_c/adc.o
                              0x97506 (size before relaxing)
 .debug_str     0x00099bda       0x5e src/ASF/sam0/drivers/port/port.o
                              0x95d0a (size before relaxing)
 .debug_str     0x00099c38     0x28bc src/ASF/sam0/drivers/system/clock/clock_samc20_c21/clock.o
                              0x98a99 (size before relaxing)
 .debug_str     0x0009c4f4      0x3a0 src/ASF/sam0/drivers/system/clock/clock_samc20_c21/gclk.o
                              0x9641f (size before relaxing)
 .debug_str     0x0009c894      0x179 src/ASF/sam0/drivers/system/pinmux/pinmux.o
                              0x95d66 (size before relaxing)
 .debug_str     0x0009ca0d       0x47 src/ASF/sam0/drivers/system/system.o
                              0x958f6 (size before relaxing)
 .debug_str     0x0009ca54      0x3f9 src/ASF/sam0/utils/cmsis/samc21/source/gcc/startup_samc21.o
                              0x7ff74 (size before relaxing)
 .debug_str     0x0009ce4d      0x285 src/qs_adc_basic.o
                              0x99e4b (size before relaxing)

.debug_frame    0x00000000      0x530
 .debug_frame   0x00000000       0x30 src/ASF/common/utils/interrupt/interrupt_sam_nvic.o
 .debug_frame   0x00000030       0x30 src/ASF/sam0/boards/samc21_xplained_pro/board_init.o
 .debug_frame   0x00000060       0x80 src/ASF/sam0/drivers/adc/adc_sam_l_c/adc.o
 .debug_frame   0x000000e0       0x44 src/ASF/sam0/drivers/port/port.o
 .debug_frame   0x00000124      0x140 src/ASF/sam0/drivers/system/clock/clock_samc20_c21/clock.o
 .debug_frame   0x00000264      0x150 src/ASF/sam0/drivers/system/clock/clock_samc20_c21/gclk.o
 .debug_frame   0x000003b4       0x98 src/ASF/sam0/drivers/system/pinmux/pinmux.o
 .debug_frame   0x0000044c       0x38 src/ASF/sam0/drivers/system/system.o
 .debug_frame   0x00000484       0x38 src/ASF/sam0/utils/cmsis/samc21/source/gcc/startup_samc21.o
 .debug_frame   0x000004bc       0x48 src/qs_adc_basic.o
 .debug_frame   0x00000504       0x2c c:/program files (x86)/atmel/studio/7.0/toolchain/arm/arm-gnu-toolchain/bin/../lib/gcc/arm-none-eabi/6.3.1/../../../../arm-none-eabi/lib/thumb/v6-m\libc_nano.a(lib_a-init.o)

.debug_loc      0x00000000     0x23f6
 .debug_loc     0x00000000       0x8a src/ASF/sam0/boards/samc21_xplained_pro/board_init.o
 .debug_loc     0x0000008a      0x9a7 src/ASF/sam0/drivers/adc/adc_sam_l_c/adc.o
 .debug_loc     0x00000a31      0x13d src/ASF/sam0/drivers/port/port.o
 .debug_loc     0x00000b6e      0xd69 src/ASF/sam0/drivers/system/clock/clock_samc20_c21/clock.o
 .debug_loc     0x000018d7      0x4dd src/ASF/sam0/drivers/system/clock/clock_samc20_c21/gclk.o
 .debug_loc     0x00001db4      0x36d src/ASF/sam0/drivers/system/pinmux/pinmux.o
 .debug_loc     0x00002121       0x20 src/ASF/sam0/drivers/system/system.o
 .debug_loc     0x00002141       0x40 src/ASF/sam0/utils/cmsis/samc21/source/gcc/startup_samc21.o
 .debug_loc     0x00002181      0x275 src/qs_adc_basic.o

Cross Reference Table

Symbol                                            File
AC_Handler                                        src/ASF/sam0/utils/cmsis/samc21/source/gcc/startup_samc21.o
ADC0_Handler                                      src/ASF/sam0/utils/cmsis/samc21/source/gcc/startup_samc21.o
ADC1_Handler                                      src/ASF/sam0/utils/cmsis/samc21/source/gcc/startup_samc21.o
CAN0_Handler                                      src/ASF/sam0/utils/cmsis/samc21/source/gcc/startup_samc21.o
CAN1_Handler                                      src/ASF/sam0/utils/cmsis/samc21/source/gcc/startup_samc21.o
DAC_Handler                                       src/ASF/sam0/utils/cmsis/samc21/source/gcc/startup_samc21.o
DMAC_Handler                                      src/ASF/sam0/utils/cmsis/samc21/source/gcc/startup_samc21.o
Dummy_Handler                                     src/ASF/sam0/utils/cmsis/samc21/source/gcc/startup_samc21.o
EIC_Handler                                       src/ASF/sam0/utils/cmsis/samc21/source/gcc/startup_samc21.o
EVSYS_Handler                                     src/ASF/sam0/utils/cmsis/samc21/source/gcc/startup_samc21.o
FREQM_Handler                                     src/ASF/sam0/utils/cmsis/samc21/source/gcc/startup_samc21.o
HardFault_Handler                                 src/ASF/sam0/utils/cmsis/samc21/source/gcc/startup_samc21.o
NMI_Handler                                       src/ASF/sam0/utils/cmsis/samc21/source/gcc/startup_samc21.o
NVMCTRL_Handler                                   src/ASF/sam0/utils/cmsis/samc21/source/gcc/startup_samc21.o
PTC_Handler                                       src/ASF/sam0/utils/cmsis/samc21/source/gcc/startup_samc21.o
PendSV_Handler                                    src/ASF/sam0/utils/cmsis/samc21/source/gcc/startup_samc21.o
RTC_Handler                                       src/ASF/sam0/utils/cmsis/samc21/source/gcc/startup_samc21.o
Reset_Handler                                     src/ASF/sam0/utils/cmsis/samc21/source/gcc/startup_samc21.o
SDADC_Handler                                     src/ASF/sam0/utils/cmsis/samc21/source/gcc/startup_samc21.o
SERCOM0_Handler                                   src/ASF/sam0/utils/cmsis/samc21/source/gcc/startup_samc21.o
SERCOM1_Handler                                   src/ASF/sam0/utils/cmsis/samc21/source/gcc/startup_samc21.o
SERCOM2_Handler                                   src/ASF/sam0/utils/cmsis/samc21/source/gcc/startup_samc21.o
SERCOM3_Handler                                   src/ASF/sam0/utils/cmsis/samc21/source/gcc/startup_samc21.o
SERCOM4_Handler                                   src/ASF/sam0/utils/cmsis/samc21/source/gcc/startup_samc21.o
SERCOM5_Handler                                   src/ASF/sam0/utils/cmsis/samc21/source/gcc/startup_samc21.o
SVC_Handler                                       src/ASF/sam0/utils/cmsis/samc21/source/gcc/startup_samc21.o
SYSTEM_Handler                                    src/ASF/sam0/utils/cmsis/samc21/source/gcc/startup_samc21.o
SysTick_Handler                                   src/ASF/sam0/utils/cmsis/samc21/source/gcc/startup_samc21.o
SystemCoreClock                                   src/ASF/sam0/utils/cmsis/samc21/source/system_samc21.o
SystemCoreClockUpdate                             src/ASF/sam0/utils/cmsis/samc21/source/system_samc21.o
SystemInit                                        src/ASF/sam0/utils/cmsis/samc21/source/system_samc21.o
TC0_Handler                                       src/ASF/sam0/utils/cmsis/samc21/source/gcc/startup_samc21.o
TC1_Handler                                       src/ASF/sam0/utils/cmsis/samc21/source/gcc/startup_samc21.o
TC2_Handler                                       src/ASF/sam0/utils/cmsis/samc21/source/gcc/startup_samc21.o
TC3_Handler                                       src/ASF/sam0/utils/cmsis/samc21/source/gcc/startup_samc21.o
TC4_Handler                                       src/ASF/sam0/utils/cmsis/samc21/source/gcc/startup_samc21.o
TCC0_Handler                                      src/ASF/sam0/utils/cmsis/samc21/source/gcc/startup_samc21.o
TCC1_Handler                                      src/ASF/sam0/utils/cmsis/samc21/source/gcc/startup_samc21.o
TCC2_Handler                                      src/ASF/sam0/utils/cmsis/samc21/source/gcc/startup_samc21.o
TSENS_Handler                                     src/ASF/sam0/utils/cmsis/samc21/source/gcc/startup_samc21.o
WDT_Handler                                       src/ASF/sam0/utils/cmsis/samc21/source/gcc/startup_samc21.o
_Jv_RegisterClasses                               c:/program files (x86)/atmel/studio/7.0/toolchain/arm/arm-gnu-toolchain/bin/../lib/gcc/arm-none-eabi/6.3.1/thumb/v6-m/crtbegin.o
__aeabi_idiv0                                     c:/program files (x86)/atmel/studio/7.0/toolchain/arm/arm-gnu-toolchain/bin/../lib/gcc/arm-none-eabi/6.3.1/thumb/v6-m\libgcc.a(_dvmd_tls.o)
                                                  c:/program files (x86)/atmel/studio/7.0/toolchain/arm/arm-gnu-toolchain/bin/../lib/gcc/arm-none-eabi/6.3.1/thumb/v6-m\libgcc.a(_udivsi3.o)
__aeabi_ldiv0                                     c:/program files (x86)/atmel/studio/7.0/toolchain/arm/arm-gnu-toolchain/bin/../lib/gcc/arm-none-eabi/6.3.1/thumb/v6-m\libgcc.a(_dvmd_tls.o)
__aeabi_uidiv                                     c:/program files (x86)/atmel/studio/7.0/toolchain/arm/arm-gnu-toolchain/bin/../lib/gcc/arm-none-eabi/6.3.1/thumb/v6-m\libgcc.a(_udivsi3.o)
                                                  src/ASF/sam0/drivers/system/clock/clock_samc20_c21/gclk.o
                                                  src/ASF/sam0/drivers/system/clock/clock_samc20_c21/clock.o
__aeabi_uidivmod                                  c:/program files (x86)/atmel/studio/7.0/toolchain/arm/arm-gnu-toolchain/bin/../lib/gcc/arm-none-eabi/6.3.1/thumb/v6-m\libgcc.a(_udivsi3.o)
__bss_end__                                       c:/program files (x86)/atmel/studio/7.0/toolchain/arm/arm-gnu-toolchain/bin/../lib/gcc/arm-none-eabi/6.3.1/../../../../arm-none-eabi/lib/thumb/v6-m/crt0.o
__bss_start__                                     c:/program files (x86)/atmel/studio/7.0/toolchain/arm/arm-gnu-toolchain/bin/../lib/gcc/arm-none-eabi/6.3.1/../../../../arm-none-eabi/lib/thumb/v6-m/crt0.o
__call_exitprocs                                  c:/program files (x86)/atmel/studio/7.0/toolchain/arm/arm-gnu-toolchain/bin/../lib/gcc/arm-none-eabi/6.3.1/../../../../arm-none-eabi/lib/thumb/v6-m\libc_nano.a(lib_a-exit.o)
__deregister_frame_info                           c:/program files (x86)/atmel/studio/7.0/toolchain/arm/arm-gnu-toolchain/bin/../lib/gcc/arm-none-eabi/6.3.1/thumb/v6-m/crtbegin.o
__dso_handle                                      c:/program files (x86)/atmel/studio/7.0/toolchain/arm/arm-gnu-toolchain/bin/../lib/gcc/arm-none-eabi/6.3.1/thumb/v6-m/crtbegin.o
__init_array_end                                  c:/program files (x86)/atmel/studio/7.0/toolchain/arm/arm-gnu-toolchain/bin/../lib/gcc/arm-none-eabi/6.3.1/../../../../arm-none-eabi/lib/thumb/v6-m\libc_nano.a(lib_a-init.o)
__init_array_start                                c:/program files (x86)/atmel/studio/7.0/toolchain/arm/arm-gnu-toolchain/bin/../lib/gcc/arm-none-eabi/6.3.1/../../../../arm-none-eabi/lib/thumb/v6-m\libc_nano.a(lib_a-init.o)
__libc_fini_array                                 c:/program files (x86)/atmel/studio/7.0/toolchain/arm/arm-gnu-toolchain/bin/../lib/gcc/arm-none-eabi/6.3.1/../../../../arm-none-eabi/lib/thumb/v6-m/crt0.o
__libc_init_array                                 c:/program files (x86)/atmel/studio/7.0/toolchain/arm/arm-gnu-toolchain/bin/../lib/gcc/arm-none-eabi/6.3.1/../../../../arm-none-eabi/lib/thumb/v6-m\libc_nano.a(lib_a-init.o)
                                                  src/ASF/sam0/utils/cmsis/samc21/source/gcc/startup_samc21.o
                                                  c:/program files (x86)/atmel/studio/7.0/toolchain/arm/arm-gnu-toolchain/bin/../lib/gcc/arm-none-eabi/6.3.1/../../../../arm-none-eabi/lib/thumb/v6-m/crt0.o
__preinit_array_end                               c:/program files (x86)/atmel/studio/7.0/toolchain/arm/arm-gnu-toolchain/bin/../lib/gcc/arm-none-eabi/6.3.1/../../../../arm-none-eabi/lib/thumb/v6-m\libc_nano.a(lib_a-init.o)
__preinit_array_start                             c:/program files (x86)/atmel/studio/7.0/toolchain/arm/arm-gnu-toolchain/bin/../lib/gcc/arm-none-eabi/6.3.1/../../../../arm-none-eabi/lib/thumb/v6-m\libc_nano.a(lib_a-init.o)
__register_frame_info                             c:/program files (x86)/atmel/studio/7.0/toolchain/arm/arm-gnu-toolchain/bin/../lib/gcc/arm-none-eabi/6.3.1/thumb/v6-m/crtbegin.o
__sf_fake_stderr                                  c:/program files (x86)/atmel/studio/7.0/toolchain/arm/arm-gnu-toolchain/bin/../lib/gcc/arm-none-eabi/6.3.1/../../../../arm-none-eabi/lib/thumb/v6-m\libc_nano.a(lib_a-impure.o)
__sf_fake_stdin                                   c:/program files (x86)/atmel/studio/7.0/toolchain/arm/arm-gnu-toolchain/bin/../lib/gcc/arm-none-eabi/6.3.1/../../../../arm-none-eabi/lib/thumb/v6-m\libc_nano.a(lib_a-impure.o)
__sf_fake_stdout                                  c:/program files (x86)/atmel/studio/7.0/toolchain/arm/arm-gnu-toolchain/bin/../lib/gcc/arm-none-eabi/6.3.1/../../../../arm-none-eabi/lib/thumb/v6-m\libc_nano.a(lib_a-impure.o)
__stack                                           c:/program files (x86)/atmel/studio/7.0/toolchain/arm/arm-gnu-toolchain/bin/../lib/gcc/arm-none-eabi/6.3.1/../../../../arm-none-eabi/lib/thumb/v6-m/crt0.o
__udivsi3                                         c:/program files (x86)/atmel/studio/7.0/toolchain/arm/arm-gnu-toolchain/bin/../lib/gcc/arm-none-eabi/6.3.1/thumb/v6-m\libgcc.a(_udivsi3.o)
_adc_apbcmasks                                    src/ASF/sam0/drivers/adc/adc_sam_l_c/adc.o
_adc_biascomp_addr                                src/ASF/sam0/drivers/adc/adc_sam_l_c/adc.o
_adc_biascomp_pos                                 src/ASF/sam0/drivers/adc/adc_sam_l_c/adc.o
_adc_biasrefbuf_addr                              src/ASF/sam0/drivers/adc/adc_sam_l_c/adc.o
_adc_biasrefbuf_pos                               src/ASF/sam0/drivers/adc/adc_sam_l_c/adc.o
_adc_extchannel_msb                               src/ASF/sam0/drivers/adc/adc_sam_l_c/adc.o
_adc_gclk_ids                                     src/ASF/sam0/drivers/adc/adc_sam_l_c/adc.o
_adc_get_inst_index                               src/ASF/sam0/drivers/adc/adc_sam_l_c/adc.o
_close                                            src/ASF/sam0/utils/syscalls/gcc/syscalls.o
_end                                              src/ASF/sam0/utils/syscalls/gcc/syscalls.o
_erelocate                                        src/ASF/sam0/utils/cmsis/samc21/source/gcc/startup_samc21.o
_estack                                           src/ASF/sam0/utils/cmsis/samc21/source/gcc/startup_samc21.o
_etext                                            src/ASF/sam0/utils/cmsis/samc21/source/gcc/startup_samc21.o
_exit                                             src/ASF/sam0/utils/syscalls/gcc/syscalls.o
                                                  c:/program files (x86)/atmel/studio/7.0/toolchain/arm/arm-gnu-toolchain/bin/../lib/gcc/arm-none-eabi/6.3.1/../../../../arm-none-eabi/lib/thumb/v6-m\libc_nano.a(lib_a-exit.o)
_ezero                                            src/ASF/sam0/utils/cmsis/samc21/source/gcc/startup_samc21.o
_fini                                             c:/program files (x86)/atmel/studio/7.0/toolchain/arm/arm-gnu-toolchain/bin/../lib/gcc/arm-none-eabi/6.3.1/thumb/v6-m/crti.o
_fstat                                            src/ASF/sam0/utils/syscalls/gcc/syscalls.o
_getpid                                           src/ASF/sam0/utils/syscalls/gcc/syscalls.o
_global_impure_ptr                                c:/program files (x86)/atmel/studio/7.0/toolchain/arm/arm-gnu-toolchain/bin/../lib/gcc/arm-none-eabi/6.3.1/../../../../arm-none-eabi/lib/thumb/v6-m\libc_nano.a(lib_a-impure.o)
                                                  c:/program files (x86)/atmel/studio/7.0/toolchain/arm/arm-gnu-toolchain/bin/../lib/gcc/arm-none-eabi/6.3.1/../../../../arm-none-eabi/lib/thumb/v6-m\libc_nano.a(lib_a-exit.o)
_impure_ptr                                       c:/program files (x86)/atmel/studio/7.0/toolchain/arm/arm-gnu-toolchain/bin/../lib/gcc/arm-none-eabi/6.3.1/../../../../arm-none-eabi/lib/thumb/v6-m\libc_nano.a(lib_a-impure.o)
_init                                             c:/program files (x86)/atmel/studio/7.0/toolchain/arm/arm-gnu-toolchain/bin/../lib/gcc/arm-none-eabi/6.3.1/thumb/v6-m/crti.o
                                                  c:/program files (x86)/atmel/studio/7.0/toolchain/arm/arm-gnu-toolchain/bin/../lib/gcc/arm-none-eabi/6.3.1/../../../../arm-none-eabi/lib/thumb/v6-m\libc_nano.a(lib_a-init.o)
_isatty                                           src/ASF/sam0/utils/syscalls/gcc/syscalls.o
_kill                                             src/ASF/sam0/utils/syscalls/gcc/syscalls.o
_lseek                                            src/ASF/sam0/utils/syscalls/gcc/syscalls.o
_mainCRTStartup                                   c:/program files (x86)/atmel/studio/7.0/toolchain/arm/arm-gnu-toolchain/bin/../lib/gcc/arm-none-eabi/6.3.1/../../../../arm-none-eabi/lib/thumb/v6-m/crt0.o
_sbrk                                             src/ASF/sam0/utils/syscalls/gcc/syscalls.o
_sfixed                                           src/ASF/sam0/utils/cmsis/samc21/source/gcc/startup_samc21.o
_srelocate                                        src/ASF/sam0/utils/cmsis/samc21/source/gcc/startup_samc21.o
_start                                            c:/program files (x86)/atmel/studio/7.0/toolchain/arm/arm-gnu-toolchain/bin/../lib/gcc/arm-none-eabi/6.3.1/../../../../arm-none-eabi/lib/thumb/v6-m/crt0.o
_system_divas_init                                src/ASF/sam0/drivers/system/system.o
_system_dummy_init                                src/ASF/sam0/drivers/system/system.o
_system_events_init                               src/ASF/sam0/drivers/system/system.o
_system_extint_init                               src/ASF/sam0/drivers/system/system.o
_szero                                            src/ASF/sam0/utils/cmsis/samc21/source/gcc/startup_samc21.o
adc_get_config_defaults                           src/ASF/sam0/drivers/adc/adc_sam_l_c/adc.o
                                                  src/qs_adc_basic.o
adc_init                                          src/ASF/sam0/drivers/adc/adc_sam_l_c/adc.o
                                                  src/qs_adc_basic.o
adc_instance                                      src/qs_adc_basic.o
adc_set_window_mode                               src/ASF/sam0/drivers/adc/adc_sam_l_c/adc.o
atexit                                            c:/program files (x86)/atmel/studio/7.0/toolchain/arm/arm-gnu-toolchain/bin/../lib/gcc/arm-none-eabi/6.3.1/../../../../arm-none-eabi/lib/thumb/v6-m/crt0.o
board_init                                        src/ASF/sam0/boards/samc21_xplained_pro/board_init.o
configure_adc                                     src/qs_adc_basic.o
cpu_irq_enter_critical                            src/ASF/common/utils/interrupt/interrupt_sam_nvic.o
                                                  src/ASF/sam0/drivers/system/clock/clock_samc20_c21/gclk.o
cpu_irq_leave_critical                            src/ASF/common/utils/interrupt/interrupt_sam_nvic.o
                                                  src/ASF/sam0/drivers/system/clock/clock_samc20_c21/gclk.o
exception_table                                   src/ASF/sam0/utils/cmsis/samc21/source/gcc/startup_samc21.o
exit                                              c:/program files (x86)/atmel/studio/7.0/toolchain/arm/arm-gnu-toolchain/bin/../lib/gcc/arm-none-eabi/6.3.1/../../../../arm-none-eabi/lib/thumb/v6-m\libc_nano.a(lib_a-exit.o)
                                                  c:/program files (x86)/atmel/studio/7.0/toolchain/arm/arm-gnu-toolchain/bin/../lib/gcc/arm-none-eabi/6.3.1/../../../../arm-none-eabi/lib/thumb/v6-m/crt0.o
g_interrupt_enabled                               src/ASF/common/utils/interrupt/interrupt_sam_nvic.o
hardware_init_hook                                c:/program files (x86)/atmel/studio/7.0/toolchain/arm/arm-gnu-toolchain/bin/../lib/gcc/arm-none-eabi/6.3.1/../../../../arm-none-eabi/lib/thumb/v6-m/crt0.o
link                                              src/ASF/sam0/utils/syscalls/gcc/syscalls.o
main                                              src/qs_adc_basic.o
                                                  src/ASF/sam0/utils/cmsis/samc21/source/gcc/startup_samc21.o
                                                  c:/program files (x86)/atmel/studio/7.0/toolchain/arm/arm-gnu-toolchain/bin/../lib/gcc/arm-none-eabi/6.3.1/../../../../arm-none-eabi/lib/thumb/v6-m/crt0.o
memset                                            c:/program files (x86)/atmel/studio/7.0/toolchain/arm/arm-gnu-toolchain/bin/../lib/gcc/arm-none-eabi/6.3.1/../../../../arm-none-eabi/lib/thumb/v6-m\libc_nano.a(lib_a-memset.o)
                                                  c:/program files (x86)/atmel/studio/7.0/toolchain/arm/arm-gnu-toolchain/bin/../lib/gcc/arm-none-eabi/6.3.1/../../../../arm-none-eabi/lib/thumb/v6-m/crt0.o
port_group_set_config                             src/ASF/sam0/drivers/port/port.o
port_pin_set_config                               src/ASF/sam0/drivers/port/port.o
                                                  src/ASF/sam0/boards/samc21_xplained_pro/board_init.o
software_init_hook                                c:/program files (x86)/atmel/studio/7.0/toolchain/arm/arm-gnu-toolchain/bin/../lib/gcc/arm-none-eabi/6.3.1/../../../../arm-none-eabi/lib/thumb/v6-m/crt0.o
system_board_init                                 src/ASF/sam0/boards/samc21_xplained_pro/board_init.o
system_clock_init                                 src/ASF/sam0/drivers/system/clock/clock_samc20_c21/clock.o
system_clock_source_disable                       src/ASF/sam0/drivers/system/clock/clock_samc20_c21/clock.o
system_clock_source_dpll_set_config               src/ASF/sam0/drivers/system/clock/clock_samc20_c21/clock.o
system_clock_source_enable                        src/ASF/sam0/drivers/system/clock/clock_samc20_c21/clock.o
system_clock_source_get_hz                        src/ASF/sam0/drivers/system/clock/clock_samc20_c21/clock.o
                                                  src/ASF/sam0/drivers/system/clock/clock_samc20_c21/gclk.o
system_clock_source_is_ready                      src/ASF/sam0/drivers/system/clock/clock_samc20_c21/clock.o
system_clock_source_osc32k_set_config             src/ASF/sam0/drivers/system/clock/clock_samc20_c21/clock.o
system_clock_source_osc48m_set_config             src/ASF/sam0/drivers/system/clock/clock_samc20_c21/clock.o
system_clock_source_osculp32k_set_config          src/ASF/sam0/drivers/system/clock/clock_samc20_c21/clock.o
system_clock_source_write_calibration             src/ASF/sam0/drivers/system/clock/clock_samc20_c21/clock.o
system_clock_source_xosc32k_set_config            src/ASF/sam0/drivers/system/clock/clock_samc20_c21/clock.o
system_clock_source_xosc_set_config               src/ASF/sam0/drivers/system/clock/clock_samc20_c21/clock.o
system_gclk_chan_disable                          src/ASF/sam0/drivers/system/clock/clock_samc20_c21/gclk.o
system_gclk_chan_enable                           src/ASF/sam0/drivers/system/clock/clock_samc20_c21/gclk.o
                                                  src/ASF/sam0/drivers/adc/adc_sam_l_c/adc.o
system_gclk_chan_get_hz                           src/ASF/sam0/drivers/system/clock/clock_samc20_c21/gclk.o
system_gclk_chan_is_enabled                       src/ASF/sam0/drivers/system/clock/clock_samc20_c21/gclk.o
system_gclk_chan_is_locked                        src/ASF/sam0/drivers/system/clock/clock_samc20_c21/gclk.o
system_gclk_chan_lock                             src/ASF/sam0/drivers/system/clock/clock_samc20_c21/gclk.o
system_gclk_chan_set_config                       src/ASF/sam0/drivers/system/clock/clock_samc20_c21/gclk.o
                                                  src/ASF/sam0/drivers/adc/adc_sam_l_c/adc.o
system_gclk_gen_disable                           src/ASF/sam0/drivers/system/clock/clock_samc20_c21/gclk.o
system_gclk_gen_enable                            src/ASF/sam0/drivers/system/clock/clock_samc20_c21/gclk.o
                                                  src/ASF/sam0/drivers/system/clock/clock_samc20_c21/clock.o
system_gclk_gen_get_hz                            src/ASF/sam0/drivers/system/clock/clock_samc20_c21/gclk.o
system_gclk_gen_is_enabled                        src/ASF/sam0/drivers/system/clock/clock_samc20_c21/gclk.o
system_gclk_gen_set_config                        src/ASF/sam0/drivers/system/clock/clock_samc20_c21/gclk.o
                                                  src/ASF/sam0/drivers/system/clock/clock_samc20_c21/clock.o
system_gclk_init                                  src/ASF/sam0/drivers/system/clock/clock_samc20_c21/gclk.o
                                                  src/ASF/sam0/drivers/system/clock/clock_samc20_c21/clock.o
system_init                                       src/ASF/sam0/drivers/system/system.o
                                                  src/qs_adc_basic.o
system_interrupt_clear_pending                    src/ASF/sam0/drivers/system/interrupt/system_interrupt.o
system_interrupt_get_priority                     src/ASF/sam0/drivers/system/interrupt/system_interrupt.o
system_interrupt_is_pending                       src/ASF/sam0/drivers/system/interrupt/system_interrupt.o
system_interrupt_set_pending                      src/ASF/sam0/drivers/system/interrupt/system_interrupt.o
system_interrupt_set_priority                     src/ASF/sam0/drivers/system/interrupt/system_interrupt.o
system_pinmux_group_set_config                    src/ASF/sam0/drivers/system/pinmux/pinmux.o
                                                  src/ASF/sam0/drivers/port/port.o
system_pinmux_group_set_input_sample_mode         src/ASF/sam0/drivers/system/pinmux/pinmux.o
system_pinmux_group_set_output_strength           src/ASF/sam0/drivers/system/pinmux/pinmux.o
system_pinmux_pin_set_config                      src/ASF/sam0/drivers/system/pinmux/pinmux.o
                                                  src/ASF/sam0/drivers/port/port.o
                                                  src/ASF/sam0/drivers/adc/adc_sam_l_c/adc.o
